###############################################################################
#                                                                             #
# IAR ELF Linker V6.30.6.53336/W32 for ARM              05/Jul/2013  16:48:40 #
# Copyright 2007-2012 IAR Systems AB.                                         #
#                                                                             #
#    Output file  =  D:\Projects\MARG Device\STM32_MPU9150eMPL\Debug\Exe\STM3 #
#                    2_MPU9150eMPL.out                                        #
#    Map file     =  D:\Projects\MARG Device\STM32_MPU9150eMPL\Debug\List\STM #
#                    32_MPU9150eMPL.map                                       #
#    Command line =  "D:\Projects\MARG Device\STM32_MPU9150eMPL\Debug\Obj\cpa #
#                    l_hal.o" "D:\Projects\MARG Device\STM32_MPU9150eMPL\Debu #
#                    g\Obj\cpal_i2c.o" "D:\Projects\MARG                      #
#                    Device\STM32_MPU9150eMPL\Debug\Obj\cpal_i2c_hal_stm32f10 #
#                    x.o" "D:\Projects\MARG Device\STM32_MPU9150eMPL\Debug\Ob #
#                    j\cpal_usercallback_template.o" "D:\Projects\MARG        #
#                    Device\STM32_MPU9150eMPL\Debug\Obj\hw_config.o"          #
#                    "D:\Projects\MARG Device\STM32_MPU9150eMPL\Debug\Obj\inv #
#                    _mpu.o" "D:\Projects\MARG Device\STM32_MPU9150eMPL\Debug #
#                    \Obj\inv_mpu_dmp_motion_driver.o" "D:\Projects\MARG      #
#                    Device\STM32_MPU9150eMPL\Debug\Obj\main.o"               #
#                    "D:\Projects\MARG Device\STM32_MPU9150eMPL\Debug\Obj\mis #
#                    c.o" "D:\Projects\MARG Device\STM32_MPU9150eMPL\Debug\Ob #
#                    j\mpu9150_interrupts.o" "D:\Projects\MARG                #
#                    Device\STM32_MPU9150eMPL\Debug\Obj\otgd_fs_cal.o"        #
#                    "D:\Projects\MARG Device\STM32_MPU9150eMPL\Debug\Obj\otg #
#                    d_fs_dev.o" "D:\Projects\MARG                            #
#                    Device\STM32_MPU9150eMPL\Debug\Obj\otgd_fs_int.o"        #
#                    "D:\Projects\MARG Device\STM32_MPU9150eMPL\Debug\Obj\otg #
#                    d_fs_pcd.o" "D:\Projects\MARG                            #
#                    Device\STM32_MPU9150eMPL\Debug\Obj\startup_stm32f10x_md. #
#                    o" "D:\Projects\MARG Device\STM32_MPU9150eMPL\Debug\Obj\ #
#                    stm32_CPAL_mpu9150.o" "D:\Projects\MARG                  #
#                    Device\STM32_MPU9150eMPL\Debug\Obj\stm32_it.o"           #
#                    "D:\Projects\MARG Device\STM32_MPU9150eMPL\Debug\Obj\stm #
#                    32f10x_adc.o" "D:\Projects\MARG                          #
#                    Device\STM32_MPU9150eMPL\Debug\Obj\stm32f10x_bkp.o"      #
#                    "D:\Projects\MARG Device\STM32_MPU9150eMPL\Debug\Obj\stm #
#                    32f10x_can.o" "D:\Projects\MARG                          #
#                    Device\STM32_MPU9150eMPL\Debug\Obj\stm32f10x_cec.o"      #
#                    "D:\Projects\MARG Device\STM32_MPU9150eMPL\Debug\Obj\stm #
#                    32f10x_crc.o" "D:\Projects\MARG                          #
#                    Device\STM32_MPU9150eMPL\Debug\Obj\stm32f10x_dac.o"      #
#                    "D:\Projects\MARG Device\STM32_MPU9150eMPL\Debug\Obj\stm #
#                    32f10x_dbgmcu.o" "D:\Projects\MARG                       #
#                    Device\STM32_MPU9150eMPL\Debug\Obj\stm32f10x_dma.o"      #
#                    "D:\Projects\MARG Device\STM32_MPU9150eMPL\Debug\Obj\stm #
#                    32f10x_exti.o" "D:\Projects\MARG                         #
#                    Device\STM32_MPU9150eMPL\Debug\Obj\stm32f10x_flash.o"    #
#                    "D:\Projects\MARG Device\STM32_MPU9150eMPL\Debug\Obj\stm #
#                    32f10x_fsmc.o" "D:\Projects\MARG                         #
#                    Device\STM32_MPU9150eMPL\Debug\Obj\stm32f10x_gpio.o"     #
#                    "D:\Projects\MARG Device\STM32_MPU9150eMPL\Debug\Obj\stm #
#                    32f10x_i2c.o" "D:\Projects\MARG                          #
#                    Device\STM32_MPU9150eMPL\Debug\Obj\stm32f10x_iwdg.o"     #
#                    "D:\Projects\MARG Device\STM32_MPU9150eMPL\Debug\Obj\stm #
#                    32f10x_pwr.o" "D:\Projects\MARG                          #
#                    Device\STM32_MPU9150eMPL\Debug\Obj\stm32f10x_rcc.o"      #
#                    "D:\Projects\MARG Device\STM32_MPU9150eMPL\Debug\Obj\stm #
#                    32f10x_rtc.o" "D:\Projects\MARG                          #
#                    Device\STM32_MPU9150eMPL\Debug\Obj\stm32f10x_sdio.o"     #
#                    "D:\Projects\MARG Device\STM32_MPU9150eMPL\Debug\Obj\stm #
#                    32f10x_spi.o" "D:\Projects\MARG                          #
#                    Device\STM32_MPU9150eMPL\Debug\Obj\stm32f10x_tim.o"      #
#                    "D:\Projects\MARG Device\STM32_MPU9150eMPL\Debug\Obj\stm #
#                    32f10x_usart.o" "D:\Projects\MARG                        #
#                    Device\STM32_MPU9150eMPL\Debug\Obj\stm32f10x_wwdg.o"     #
#                    "D:\Projects\MARG Device\STM32_MPU9150eMPL\Debug\Obj\sys #
#                    tem_stm32f10x.o" "D:\Projects\MARG                       #
#                    Device\STM32_MPU9150eMPL\Debug\Obj\usb_core.o"           #
#                    "D:\Projects\MARG Device\STM32_MPU9150eMPL\Debug\Obj\usb #
#                    _desc.o" "D:\Projects\MARG Device\STM32_MPU9150eMPL\Debu #
#                    g\Obj\usb_endp.o" "D:\Projects\MARG                      #
#                    Device\STM32_MPU9150eMPL\Debug\Obj\usb_init.o"           #
#                    "D:\Projects\MARG Device\STM32_MPU9150eMPL\Debug\Obj\usb #
#                    _int.o" "D:\Projects\MARG Device\STM32_MPU9150eMPL\Debug #
#                    \Obj\usb_istr.o" "D:\Projects\MARG                       #
#                    Device\STM32_MPU9150eMPL\Debug\Obj\usb_mem.o"            #
#                    "D:\Projects\MARG Device\STM32_MPU9150eMPL\Debug\Obj\usb #
#                    _prop.o" "D:\Projects\MARG Device\STM32_MPU9150eMPL\Debu #
#                    g\Obj\usb_pwr.o" "D:\Projects\MARG                       #
#                    Device\STM32_MPU9150eMPL\Debug\Obj\usb_regs.o"           #
#                    "D:\Projects\MARG Device\STM32_MPU9150eMPL\Debug\Obj\usb #
#                    _sil.o" "D:\Projects\MARG Device\STM32_MPU9150eMPL\Debug #
#                    \Obj\utils.o" -o "D:\Projects\MARG                       #
#                    Device\STM32_MPU9150eMPL\Debug\Exe\STM32_MPU9150eMPL.out #
#                    " --redirect _Printf=_PrintfFull --redirect              #
#                    _Scanf=_ScanfFull --map "D:\Projects\MARG                #
#                    Device\STM32_MPU9150eMPL\Debug\List\STM32_MPU9150eMPL.ma #
#                    p" --config "D:\Projects\MARG                            #
#                    Device\STM32_MPU9150eMPL\STM32_MPU9150eMPL.icf"          #
#                    --semihosting --entry __iar_program_start --redirect     #
#                    __iar_sh_stdout=__iar_sh_stdout_swo --vfe                #
#                                                                             #
#                                                                             #
###############################################################################

*******************************************************************************
*** RUNTIME MODEL ATTRIBUTES
***

CppFlavor       = *
__SystemLibrary = DLib


*******************************************************************************
*** PLACEMENT SUMMARY
***

"A1":  place at 0x08000000 { ro section .intvec };
"P1":  place in [from 0x08000000 to 0x0801ffff] { ro };
"P2":  place in [from 0x20000000 to 0x20004fff] { rw, block CSTACK, block HEAP };

  Section            Kind        Address    Size  Object
  -------            ----        -------    ----  ------
"A1":                                       0xec
  .intvec            ro code  0x08000000    0xec  startup_stm32f10x_md.o [1]
                            - 0x080000ec    0xec

"P1":                                     0x8768
  .text              ro code  0x080000ec  0x1f34  inv_mpu.o [1]
  .text              ro code  0x08002020   0x17c  stm32_CPAL_mpu9150.o [1]
  .text              ro code  0x0800219c    0x5c  utils.o [1]
  .text              ro code  0x080021f8    0xd8  FltMul.o [4]
  .text              ro code  0x080022d0     0x8  labs.o [3]
  .text              ro code  0x080022d8    0x32  I32ToFlt.o [4]
  .text              ro code  0x0800230a    0x2e  copy_init3.o [5]
  .text              ro code  0x08002338    0xfc  FltDiv.o [4]
  .text              ro code  0x08002434    0x1c  FltCmpEq.o [4]
  .text              ro code  0x08002450    0x84  FltAdd.o [4]
  .text              ro code  0x080024d4    0x24  FltCmpLe.o [4]
  .text              ro code  0x080024f8   0x132  I64DivMod.o [5]
  .text              ro code  0x0800262a    0x22  zero_init3.o [5]
  .text              ro code  0x0800264c     0x6  ABImemclr4.o [5]
  .rodata            const    0x08002652     0x2  cpal_i2c_hal_stm32f10x.o [1]
  .text              ro code  0x08002654    0x62  memcmp.o [5]
  .rodata            const    0x080026b6     0x2  cpal_i2c_hal_stm32f10x.o [1]
  .text              ro code  0x080026b8  0x116c  cpal_i2c.o [1]
  .text              ro code  0x08003824    0xd6  FltSub.o [4]
  .rodata            const    0x080038fa     0x2  cpal_i2c_hal_stm32f10x.o [1]
  .text              ro code  0x080038fc     0x2  I64DivZer.o [5]
  .rodata            const    0x080038fe     0x2  cpal_i2c_hal_stm32f10x.o [1]
  .text              ro code  0x08003900    0x32  ABImemset48.o [5]
  .rodata            const    0x08003932     0x2  cpal_i2c_hal_stm32f10x.o [1]
  .text              ro code  0x08003934   0x4e8  cpal_i2c_hal_stm32f10x.o [1]
  .text              ro code  0x08003e1c   0x100  stm32f10x_i2c.o [1]
  .text              ro code  0x08003f1c    0x50  cpal_usercallback_template.o [1]
  .text              ro code  0x08003f6c   0x184  stm32f10x_rcc.o [1]
  .text              ro code  0x080040f0   0x1b4  stm32f10x_gpio.o [1]
  .text              ro code  0x080042a4   0x184  stm32f10x_dma.o [1]
  .text              ro code  0x08004428     0xc  cpal_hal.o [1]
  .text              ro code  0x08004434    0x88  misc.o [1]
  .text              ro code  0x080044bc   0xe8c  inv_mpu_dmp_motion_driver.o [1]
  .text              ro code  0x08005348    0x16  inv_mpu_dmp_motion_driver.o [1]
  .rodata            const    0x0800535e     0x2  cpal_i2c_hal_stm32f10x.o [1]
  .text              ro code  0x08005360    0x44  FltToS32.o [4]
  .text              ro code  0x080053a4    0x16  main.o [1]
  .rodata            const    0x080053ba     0x2  cpal_i2c_hal_stm32f10x.o [1]
  .text              ro code  0x080053bc    0x76  ABImemcpy.o [5]
  .rodata            const    0x08005432     0x2  cpal_i2c_hal_stm32f10x.o [1]
  .text              ro code  0x08005434    0x66  ABImemset.o [5]
  .rodata            const    0x0800549a     0x2  cpal_i2c_hal_stm32f10x.o [1]
  .text              ro code  0x0800549c   0xcae  usb_core.o [1]
  .rodata            const    0x0800614a     0x2  cpal_i2c_hal_stm32f10x.o [1]
  .text              ro code  0x0800614c   0x2ce  usb_regs.o [1]
  .text              ro code  0x0800641a    0x6e  usb_mem.o [1]
  .rodata            const    0x08006488   0xbf8  inv_mpu_dmp_motion_driver.o [1]
  .text              ro code  0x08007080   0x88a  main.o [1]
  .rodata            const    0x0800790a     0x2  cpal_i2c_hal_stm32f10x.o [1]
  .text              ro code  0x0800790c   0x174  hw_config.o [1]
  .text              ro code  0x08007a80    0xcc  stm32f10x_exti.o [1]
  .text              ro code  0x08007b4c    0x88  mpu9150_interrupts.o [1]
  .text              ro code  0x08007bd4    0x40  usb_init.o [1]
  .text              ro code  0x08007c14   0x268  usb_prop.o [1]
  .text              ro code  0x08007e7c    0x48  usb_pwr.o [1]
  .text              ro code  0x08007ec4    0x54  usb_sil.o [1]
  .text              ro code  0x08007f18   0x250  usb_int.o [1]
  .text              ro code  0x08008168   0x158  system_stm32f10x.o [1]
  .text              ro code  0x080082c0    0x70  usb_istr.o [1]
  .rodata            const    0x08008330    0x44  usb_desc.o [1]
  .rodata            const    0x08008374    0x38  usb_desc.o [1]
  .rodata            const    0x080083ac    0x2c  inv_mpu.o [1]
  .text              ro code  0x080083d8    0x2c  data_init3.o [5]
  .rodata            const    0x08008404    0x28  inv_mpu.o [1]
  .iar.init_table    const    0x0800842c    0x24  - Linker created -
  .text              ro code  0x08008450    0x20  usb_endp.o [1]
  .text              ro code  0x08008470    0x1a  stm32_it.o [1]
  .rodata            const    0x0800848a     0x2  cpal_i2c_hal_stm32f10x.o [1]
  .rodata            const    0x0800848c    0x18  main.o [1]
  .text              ro code  0x080084a4    0x16  cmain.o [5]
  .text              ro code  0x080084ba     0x4  low_level_init.o [3]
  .text              ro code  0x080084be     0x4  exit.o [3]
  .rodata            const    0x080084c2     0x2  inv_mpu_dmp_motion_driver.o [1]
  .text              ro code  0x080084c4     0xa  cexit.o [5]
  .text              ro code  0x080084d0    0x14  exit.o [6]
  .rodata            const    0x080084e4    0x14  usb_desc.o [1]
  .rodata            const    0x080084f8    0x10  inv_mpu.o [1]
  .rodata            const    0x08008508    0x10  usb_desc.o [1]
  .text              ro code  0x08008518    0x10  startup_stm32f10x_md.o [1]
  .rodata            const    0x08008528     0xc  inv_mpu_dmp_motion_driver.o [1]
  .rodata            const    0x08008534     0xc  inv_mpu_dmp_motion_driver.o [1]
  .rodata            const    0x08008540     0xc  inv_mpu_dmp_motion_driver.o [1]
  .rodata            const    0x0800854c     0xc  inv_mpu_dmp_motion_driver.o [1]
  .rodata            const    0x08008558     0xc  inv_mpu_dmp_motion_driver.o [1]
  .text              ro code  0x08008564     0xc  cstartup_M.o [5]
  .rodata            const    0x08008570     0x8  cpal_i2c_hal_stm32f10x.o [1]
  .rodata            const    0x08008578     0x8  cpal_i2c_hal_stm32f10x.o [1]
  .rodata            const    0x08008580     0x8  cpal_i2c_hal_stm32f10x.o [1]
  .rodata            const    0x08008588     0x8  cpal_i2c_hal_stm32f10x.o [1]
  .rodata            const    0x08008590     0x8  cpal_i2c_hal_stm32f10x.o [1]
  .rodata            const    0x08008598     0x8  cpal_i2c_hal_stm32f10x.o [1]
  .rodata            const    0x080085a0     0x8  cpal_i2c_hal_stm32f10x.o [1]
  .rodata            const    0x080085a8     0x8  cpal_i2c_hal_stm32f10x.o [1]
  .rodata            const    0x080085b0     0x8  cpal_i2c_hal_stm32f10x.o [1]
  .rodata            const    0x080085b8     0x8  cpal_i2c_hal_stm32f10x.o [1]
  .rodata            const    0x080085c0     0x8  cpal_i2c_hal_stm32f10x.o [1]
  .rodata            const    0x080085c8     0x4  cpal_i2c_hal_stm32f10x.o [1]
  .rodata            const    0x080085cc     0x4  cpal_i2c_hal_stm32f10x.o [1]
  .rodata            const    0x080085d0     0x4  inv_mpu_dmp_motion_driver.o [1]
  .rodata            const    0x080085d4     0x4  inv_mpu_dmp_motion_driver.o [1]
  .rodata            const    0x080085d8     0x4  inv_mpu_dmp_motion_driver.o [1]
  .rodata            const    0x080085dc     0x4  inv_mpu_dmp_motion_driver.o [1]
  .rodata            const    0x080085e0     0x4  main.o [1]
  .rodata            const    0x080085e4     0x4  usb_desc.o [1]
  .text              ro code  0x080085e8     0x4  startup_stm32f10x_md.o [1]
  .text              ro code  0x080085ec     0x4  startup_stm32f10x_md.o [1]
  .text              ro code  0x080085f0     0x4  startup_stm32f10x_md.o [1]
  .text              ro code  0x080085f4     0x4  startup_stm32f10x_md.o [1]
  .text              ro code  0x080085f8     0x4  startup_stm32f10x_md.o [1]
  .text              ro code  0x080085fc     0x4  startup_stm32f10x_md.o [1]
  .text              ro code  0x08008600     0x4  startup_stm32f10x_md.o [1]
  .text              ro code  0x08008604     0x4  startup_stm32f10x_md.o [1]
  .text              ro code  0x08008608     0x4  startup_stm32f10x_md.o [1]
  .text              ro code  0x0800860c     0x4  startup_stm32f10x_md.o [1]
  .text              ro code  0x08008610     0x4  startup_stm32f10x_md.o [1]
  .text              ro code  0x08008614     0x4  startup_stm32f10x_md.o [1]
  .text              ro code  0x08008618     0x4  startup_stm32f10x_md.o [1]
  .text              ro code  0x0800861c     0x4  startup_stm32f10x_md.o [1]
  .text              ro code  0x08008620     0x4  startup_stm32f10x_md.o [1]
  .text              ro code  0x08008624     0x4  startup_stm32f10x_md.o [1]
  .text              ro code  0x08008628     0x4  startup_stm32f10x_md.o [1]
  .text              ro code  0x0800862c     0x4  startup_stm32f10x_md.o [1]
  .text              ro code  0x08008630     0x4  startup_stm32f10x_md.o [1]
  .text              ro code  0x08008634     0x4  startup_stm32f10x_md.o [1]
  .text              ro code  0x08008638     0x4  startup_stm32f10x_md.o [1]
  .text              ro code  0x0800863c     0x4  startup_stm32f10x_md.o [1]
  .text              ro code  0x08008640     0x4  startup_stm32f10x_md.o [1]
  .text              ro code  0x08008644     0x4  startup_stm32f10x_md.o [1]
  .text              ro code  0x08008648     0x4  startup_stm32f10x_md.o [1]
  .text              ro code  0x0800864c     0x4  startup_stm32f10x_md.o [1]
  .text              ro code  0x08008650     0x4  startup_stm32f10x_md.o [1]
  .text              ro code  0x08008654     0x4  startup_stm32f10x_md.o [1]
  .text              ro code  0x08008658     0x4  startup_stm32f10x_md.o [1]
  .text              ro code  0x0800865c     0x4  startup_stm32f10x_md.o [1]
  .text              ro code  0x08008660     0x4  startup_stm32f10x_md.o [1]
  .text              ro code  0x08008664     0x4  startup_stm32f10x_md.o [1]
  .text              ro code  0x08008668     0x4  startup_stm32f10x_md.o [1]
  .text              ro code  0x0800866c     0x4  startup_stm32f10x_md.o [1]
  .text              ro code  0x08008670     0x4  startup_stm32f10x_md.o [1]
  .text              ro code  0x08008674     0x4  startup_stm32f10x_md.o [1]
  .text              ro code  0x08008678     0x4  startup_stm32f10x_md.o [1]
  .text              ro code  0x0800867c     0x4  startup_stm32f10x_md.o [1]
  .text              ro code  0x08008680     0x4  startup_stm32f10x_md.o [1]
  .text              ro code  0x08008684     0x4  startup_stm32f10x_md.o [1]
  .text              ro code  0x08008688     0x4  startup_stm32f10x_md.o [1]
  .text              ro code  0x0800868c     0x4  startup_stm32f10x_md.o [1]
  .text              ro code  0x08008690     0x4  startup_stm32f10x_md.o [1]
  .text              ro code  0x08008694     0x4  startup_stm32f10x_md.o [1]
  .text              ro code  0x08008698     0x4  startup_stm32f10x_md.o [1]
  .text              ro code  0x0800869c     0x4  startup_stm32f10x_md.o [1]
  .text              ro code  0x080086a0     0x4  startup_stm32f10x_md.o [1]
  .text              ro code  0x080086a4     0x4  startup_stm32f10x_md.o [1]
  .text              ro code  0x080086a8     0x4  startup_stm32f10x_md.o [1]
  .text              ro code  0x080086ac     0x4  startup_stm32f10x_md.o [1]
  .text              ro code  0x080086b0     0x4  startup_stm32f10x_md.o [1]
  .text              ro code  0x080086b4     0x4  startup_stm32f10x_md.o [1]
  .rodata            const    0x080086b8     0x0  bwt_init3c.o [5]
  Initializer bytes  ro data  0x080086b8   0x19c  <for P2 s0>
                            - 0x08008854  0x8768

"P2", part 1 of 3:                         0x19c
  P2 s0                       0x20000000   0x19c  <Init block>
    .data            inited   0x20000000    0x38  inv_mpu.o [1]
    .data            inited   0x20000038    0x30  usb_prop.o [1]
    .data            inited   0x20000068    0x24  usb_prop.o [1]
    .data            inited   0x2000008c    0x20  cpal_i2c_hal_stm32f10x.o [1]
    .data            inited   0x200000ac    0x20  usb_prop.o [1]
    .data            inited   0x200000cc    0x1c  usb_desc.o [1]
    .data            inited   0x200000e8    0x1c  usb_istr.o [1]
    .data            inited   0x20000104    0x1c  usb_istr.o [1]
    .data            inited   0x20000120    0x10  stm32f10x_rcc.o [1]
    .data            inited   0x20000130     0xc  main.o [1]
    .data            inited   0x2000013c     0x8  cpal_i2c_hal_stm32f10x.o [1]
    .data            inited   0x20000144     0x8  cpal_i2c_hal_stm32f10x.o [1]
    .data            inited   0x2000014c     0x8  cpal_i2c_hal_stm32f10x.o [1]
    .data            inited   0x20000154     0x8  cpal_i2c_hal_stm32f10x.o [1]
    .data            inited   0x2000015c     0x8  cpal_i2c_hal_stm32f10x.o [1]
    .data            inited   0x20000164     0x8  cpal_i2c_hal_stm32f10x.o [1]
    .data            inited   0x2000016c     0x8  cpal_i2c_hal_stm32f10x.o [1]
    .data            inited   0x20000174     0x8  usb_prop.o [1]
    .data            inited   0x2000017c     0x8  usb_prop.o [1]
    .data            inited   0x20000184     0x8  usb_prop.o [1]
    .data            inited   0x2000018c     0x4  stm32_CPAL_mpu9150.o [1]
    .data            inited   0x20000190     0x4  stm32f10x_rcc.o [1]
    .data            inited   0x20000194     0x4  system_stm32f10x.o [1]
    .data            inited   0x20000198     0x4  usb_prop.o [1]
                            - 0x2000019c   0x19c

"P2", part 2 of 3:                         0x104
  .bss               zero     0x2000019c    0x40  usb_endp.o [1]
  .bss               zero     0x200001dc    0x2c  cpal_i2c_hal_stm32f10x.o [1]
  .bss               zero     0x20000208    0x1c  usb_init.o [1]
  .bss               zero     0x20000224    0x10  cpal_i2c.o [1]
  .bss               zero     0x20000234    0x10  inv_mpu_dmp_motion_driver.o [1]
  .bss               zero     0x20000244    0x10  main.o [1]
  .bss               zero     0x20000254    0x10  stm32_CPAL_mpu9150.o [1]
  .bss               zero     0x20000264    0x10  stm32_CPAL_mpu9150.o [1]
  .bss               zero     0x20000274     0x4  usb_core.o [1]
  .bss               zero     0x20000278     0x4  usb_endp.o [1]
  .bss               zero     0x2000027c     0x4  usb_init.o [1]
  .bss               zero     0x20000280     0x4  usb_init.o [1]
  .bss               zero     0x20000284     0x4  usb_init.o [1]
  .bss               zero     0x20000288     0x4  usb_pwr.o [1]
  .bss               zero     0x2000028c     0x2  usb_init.o [1]
  .bss               zero     0x2000028e     0x2  usb_int.o [1]
  .bss               zero     0x20000290     0x2  usb_int.o [1]
  .bss               zero     0x20000292     0x2  usb_istr.o [1]
  .bss               zero     0x20000294     0x1  main.o [1]
  .bss               zero     0x20000295     0x1  usb_core.o [1]
  .bss               zero     0x20000296     0x1  usb_init.o [1]
  .bss               zero     0x20000297     0x1  usb_istr.o [1]
  .bss               zero     0x20000298     0x1  usb_prop.o [1]
                            - 0x20000299    0xfd

"P2", part 3 of 3:                         0x800
  CSTACK                      0x200002a0   0x800  <Block>
    CSTACK           uninit   0x200002a0   0x800  <Block tail>
                            - 0x20000aa0   0x800


*******************************************************************************
*** INIT TABLE
***

          Address     Size
          -------     ----
Zero (__iar_zero_init3)
    1 destination range, total size 0xfd:
          0x2000019c   0xfd

Copy (__iar_copy_init3)
    1 source range, total size 0x19c:
          0x080086b8  0x19c
    1 destination range, total size 0x19c:
          0x20000000  0x19c



*******************************************************************************
*** MODULE SUMMARY
***

    Module                        ro code  ro data  rw data
    ------                        -------  -------  -------
D:\Projects\MARG Device\STM32_MPU9150eMPL\Debug\Obj: [1]
    cpal_hal.o                         12
    cpal_i2c.o                      4 460                16
    cpal_i2c_hal_stm32f10x.o        1 256      208      132
    cpal_usercallback_template.o       80
    hw_config.o                       372
    inv_mpu.o                       7 988      156       56
    inv_mpu_dmp_motion_driver.o     3 746    3 142       16
    main.o                          2 208       40       29
    misc.o                            136
    mpu9150_interrupts.o              136
    startup_stm32f10x_md.o            460
    stm32_CPAL_mpu9150.o              380        4       36
    stm32_it.o                         26
    stm32f10x_dma.o                   388
    stm32f10x_exti.o                  204
    stm32f10x_gpio.o                  436
    stm32f10x_i2c.o                   256
    stm32f10x_rcc.o                   388       20       20
    system_stm32f10x.o                344        4        4
    usb_core.o                      3 246                 5
    usb_desc.o                                 192       28
    usb_endp.o                         32                68
    usb_init.o                         64                43
    usb_int.o                         592                 4
    usb_istr.o                        112       56       59
    usb_mem.o                         110
    usb_prop.o                        616      144      145
    usb_pwr.o                          72                 4
    usb_regs.o                        718
    usb_sil.o                          84
    utils.o                            92
    -------------------------------------------------------
    Total:                         29 014    3 966      665

command line: [2]
    -------------------------------------------------------
    Total:

dl7M_tlf.a: [3]
    exit.o                              4
    labs.o                              8
    low_level_init.o                    4
    -------------------------------------------------------
    Total:                             16

m7M_tl.a: [4]
    FltAdd.o                          132
    FltCmpEq.o                         28
    FltCmpLe.o                         36
    FltDiv.o                          252
    FltMul.o                          216
    FltSub.o                          214
    FltToS32.o                         68
    I32ToFlt.o                         50
    -------------------------------------------------------
    Total:                            996

rt7M_tl.a: [5]
    ABImemclr4.o                        6
    ABImemcpy.o                       118
    ABImemset.o                       102
    ABImemset48.o                      50
    I64DivMod.o                       306
    I64DivZer.o                         2
    bwt_init3c.o
    cexit.o                            10
    cmain.o                            22
    copy_init3.o                       46
    cstartup_M.o                       12
    data_init3.o                       44
    memcmp.o                           98
    zero_init3.o                       34
    -------------------------------------------------------
    Total:                            850

shb_l.a: [6]
    exit.o                             20
    -------------------------------------------------------
    Total:                             20

    Gaps                                2
    Linker created                              36    2 048
-----------------------------------------------------------
    Grand Total:                   30 898    4 002    2 713


*******************************************************************************
*** ENTRY LIST
***

Entry                      Address   Size  Type      Object
-----                      -------   ----  ----      ------
?main                   0x080084a5         Code  Gb  cmain.o [5]
ADC1_2_IRQHandler       0x08008655         Code  Wk  startup_stm32f10x_md.o [1]
ADCPrescTable           0x20000190    0x4  Data  Lc  stm32f10x_rcc.o [1]
APBAHBPrescTable        0x20000120   0x10  Data  Lc  stm32f10x_rcc.o [1]
BusFault_Handler        0x08008477    0x2  Code  Gb  stm32_it.o [1]
ByteSwap                0x08006405   0x16  Code  Gb  usb_regs.o [1]
CAN1_RX1_IRQHandler     0x08008661         Code  Wk  startup_stm32f10x_md.o [1]
CAN1_SCE_IRQHandler     0x08008665         Code  Wk  startup_stm32f10x_md.o [1]
CPAL_DMA_InitStructure  0x200001dc   0x2c  Data  Gb  cpal_i2c_hal_stm32f10x.o [1]
CPAL_HAL_NVICInit       0x08004429    0xc  Code  Gb  cpal_hal.o [1]
CPAL_I2C_CLK            0x08008570    0x8  Data  Gb  cpal_i2c_hal_stm32f10x.o [1]
CPAL_I2C_DEVICE         0x20000144    0x8  Data  Gb  cpal_i2c_hal_stm32f10x.o [1]
CPAL_I2C_DMA            0x2000016c    0x8  Data  Gb  cpal_i2c_hal_stm32f10x.o [1]
CPAL_I2C_DMA_CLK        0x08008590    0x8  Data  Gb  cpal_i2c_hal_stm32f10x.o [1]
CPAL_I2C_DMA_RX_Channel
                        0x20000164    0x8  Data  Gb  cpal_i2c_hal_stm32f10x.o [1]
CPAL_I2C_DMA_RX_HT_FLAG
                        0x080085b8    0x8  Data  Gb  cpal_i2c_hal_stm32f10x.o [1]
CPAL_I2C_DMA_RX_IRQHandler
                        0x0800317b  0x1a8  Code  Gb  cpal_i2c.o [1]
CPAL_I2C_DMA_RX_IRQn    0x080026b6    0x2  Data  Gb  cpal_i2c_hal_stm32f10x.o [1]
CPAL_I2C_DMA_RX_TC_FLAG
                        0x080085b0    0x8  Data  Gb  cpal_i2c_hal_stm32f10x.o [1]
CPAL_I2C_DMA_RX_TE_FLAG
                        0x080085c0    0x8  Data  Gb  cpal_i2c_hal_stm32f10x.o [1]
CPAL_I2C_DMA_TX_Channel
                        0x2000015c    0x8  Data  Gb  cpal_i2c_hal_stm32f10x.o [1]
CPAL_I2C_DMA_TX_HT_FLAG
                        0x080085a0    0x8  Data  Gb  cpal_i2c_hal_stm32f10x.o [1]
CPAL_I2C_DMA_TX_IRQHandler
                        0x08002fbf  0x1bc  Code  Gb  cpal_i2c.o [1]
CPAL_I2C_DMA_TX_IRQn    0x08002652    0x2  Data  Gb  cpal_i2c_hal_stm32f10x.o [1]
CPAL_I2C_DMA_TX_TC_FLAG
                        0x08008598    0x8  Data  Gb  cpal_i2c_hal_stm32f10x.o [1]
CPAL_I2C_DMA_TX_TE_FLAG
                        0x080085a8    0x8  Data  Gb  cpal_i2c_hal_stm32f10x.o [1]
CPAL_I2C_DR             0x08008578    0x8  Data  Gb  cpal_i2c_hal_stm32f10x.o [1]
CPAL_I2C_DeInit         0x08002871   0x74  Code  Gb  cpal_i2c.o [1]
CPAL_I2C_ERR_UserCallback
                        0x08003f3f   0x2a  Code  Gb  cpal_usercallback_template.o [1]
CPAL_I2C_ER_IRQHandler  0x08002ed9   0xe6  Code  Gb  cpal_i2c.o [1]
CPAL_I2C_EV_IRQHandler  0x08002e79   0x60  Code  Gb  cpal_i2c.o [1]
CPAL_I2C_HAL_CLKDeInit  0x0800396b   0x36  Code  Gb  cpal_i2c_hal_stm32f10x.o [1]
CPAL_I2C_HAL_CLKInit    0x08003935   0x36  Code  Gb  cpal_i2c_hal_stm32f10x.o [1]
CPAL_I2C_HAL_DMADeInit  0x08003b7b   0x28  Code  Gb  cpal_i2c_hal_stm32f10x.o [1]
CPAL_I2C_HAL_DMAInit    0x08003a5d   0x8e  Code  Gb  cpal_i2c_hal_stm32f10x.o [1]
CPAL_I2C_HAL_DMARXConfig
                        0x08003b33   0x48  Code  Gb  cpal_i2c_hal_stm32f10x.o [1]
CPAL_I2C_HAL_DMATXConfig
                        0x08003aeb   0x48  Code  Gb  cpal_i2c_hal_stm32f10x.o [1]
CPAL_I2C_HAL_GPIODeInit
                        0x08003a0d   0x50  Code  Gb  cpal_i2c_hal_stm32f10x.o [1]
CPAL_I2C_HAL_GPIOInit   0x080039a1   0x6c  Code  Gb  cpal_i2c_hal_stm32f10x.o [1]
CPAL_I2C_HAL_ITDeInit   0x08003d1b   0x6e  Code  Gb  cpal_i2c_hal_stm32f10x.o [1]
CPAL_I2C_HAL_ITInit     0x08003ba3  0x178  Code  Gb  cpal_i2c_hal_stm32f10x.o [1]
CPAL_I2C_IT_ERR_IRQn    0x080038fe    0x2  Data  Gb  cpal_i2c_hal_stm32f10x.o [1]
CPAL_I2C_IT_EVT_IRQn    0x080038fa    0x2  Data  Gb  cpal_i2c_hal_stm32f10x.o [1]
CPAL_I2C_Init           0x08002717  0x15a  Code  Gb  cpal_i2c.o [1]
CPAL_I2C_IsDeviceReady  0x08002cb1  0x1c8  Code  Gb  cpal_i2c.o [1]
CPAL_I2C_RXTC_UserCallback
                        0x08003f3d    0x2  Code  Gb  cpal_usercallback_template.o [1]
CPAL_I2C_Read           0x08002a2f  0x282  Code  Gb  cpal_i2c.o [1]
CPAL_I2C_SCL_GPIO_CLK   0x08008580    0x8  Data  Gb  cpal_i2c_hal_stm32f10x.o [1]
CPAL_I2C_SCL_GPIO_PIN   0x080085c8    0x4  Data  Gb  cpal_i2c_hal_stm32f10x.o [1]
CPAL_I2C_SCL_GPIO_PORT  0x2000014c    0x8  Data  Gb  cpal_i2c_hal_stm32f10x.o [1]
CPAL_I2C_SDA_GPIO_CLK   0x08008588    0x8  Data  Gb  cpal_i2c_hal_stm32f10x.o [1]
CPAL_I2C_SDA_GPIO_PIN   0x080085cc    0x4  Data  Gb  cpal_i2c_hal_stm32f10x.o [1]
CPAL_I2C_SDA_GPIO_PORT  0x20000154    0x8  Data  Gb  cpal_i2c_hal_stm32f10x.o [1]
CPAL_I2C_StructInit     0x080028e5   0x6a  Code  Gb  cpal_i2c.o [1]
CPAL_I2C_TXTC_UserCallback
                        0x08003f3b    0x2  Code  Gb  cpal_usercallback_template.o [1]
CPAL_I2C_Timeout        0x080033b7   0x1a  Code  Lc  cpal_i2c.o [1]
CPAL_I2C_Write          0x0800294f   0xe0  Code  Gb  cpal_i2c.o [1]
CPAL_TIMEOUT_UserCallback
                        0x08003f1d   0x1e  Code  Gb  cpal_usercallback_template.o [1]
CSTACK$$Base            0x200002a0          --   Gb  - Linker created -
CSTACK$$Limit           0x20000aa0          --   Gb  - Linker created -
CTR_LP                  0x08007f19  0x22e  Code  Gb  usb_int.o [1]
ClearDTOG_RX            0x08006289   0x32  Code  Gb  usb_regs.o [1]
ClearDTOG_TX            0x080062bb   0x32  Code  Gb  usb_regs.o [1]
Clear_Status_Out        0x08006263   0x26  Code  Gb  usb_regs.o [1]
Config_Descriptor       0x20000184    0x8  Data  Gb  usb_prop.o [1]
DMA1_Channel1_IRQHandler
                        0x08008639         Code  Wk  startup_stm32f10x_md.o [1]
DMA1_Channel2_IRQHandler
                        0x0800863d         Code  Wk  startup_stm32f10x_md.o [1]
DMA1_Channel3_IRQHandler
                        0x08008641         Code  Wk  startup_stm32f10x_md.o [1]
DMA1_Channel4_IRQHandler
                        0x08003d9f    0xa  Code  Gb  cpal_i2c_hal_stm32f10x.o [1]
DMA1_Channel5_IRQHandler
                        0x08003da9    0xa  Code  Gb  cpal_i2c_hal_stm32f10x.o [1]
DMA1_Channel6_IRQHandler
                        0x0800864d         Code  Wk  startup_stm32f10x_md.o [1]
DMA1_Channel7_IRQHandler
                        0x08008651         Code  Wk  startup_stm32f10x_md.o [1]
DMA_DeInit              0x080042a5  0x10a  Code  Gb  stm32f10x_dma.o [1]
DMA_Init                0x080043af   0x3e  Code  Gb  stm32f10x_dma.o [1]
DataStageIn             0x08005a29   0xca  Code  Lc  usb_core.o [1]
DataStageOut            0x08005969   0xc0  Code  Lc  usb_core.o [1]
Data_Mul_MaxPacketSize  0x20000295    0x1  Data  Gb  usb_core.o [1]
Data_Setup0             0x08005c57  0x2d6  Code  Lc  usb_core.o [1]
DebugMon_Handler        0x0800847d    0x2  Code  Gb  stm32_it.o [1]
Delay                   0x0800219d   0x14  Code  Gb  utils.o [1]
Delay_ms                0x080021b1   0x48  Code  Gb  utils.o [1]
Device_Descriptor       0x2000017c    0x8  Data  Gb  usb_prop.o [1]
Device_Info             0x20000208   0x1c  Data  Gb  usb_init.o [1]
Device_Property         0x20000038   0x30  Data  Gb  usb_prop.o [1]
Device_Table            0x20000198    0x4  Data  Gb  usb_prop.o [1]
EP1_IN_Callback         0x08008451    0x2  Code  Gb  usb_endp.o [1]
EP3_OUT_Callback        0x08008453   0x16  Code  Gb  usb_endp.o [1]
EPindex                 0x20000296    0x1  Data  Gb  usb_init.o [1]
EXTI0_IRQHandler        0x08008625         Code  Wk  startup_stm32f10x_md.o [1]
EXTI15_10_IRQHandler    0x080086ad         Code  Wk  startup_stm32f10x_md.o [1]
EXTI1_IRQHandler        0x08008629         Code  Wk  startup_stm32f10x_md.o [1]
EXTI2_IRQHandler        0x0800862d         Code  Wk  startup_stm32f10x_md.o [1]
EXTI3_IRQHandler        0x08008631         Code  Wk  startup_stm32f10x_md.o [1]
EXTI4_IRQHandler        0x08008635         Code  Wk  startup_stm32f10x_md.o [1]
EXTI9_5_IRQHandler      0x080076a5   0x26  Code  Gb  main.o [1]
EXTI_ClearITPendingBit  0x08007b31    0x6  Code  Gb  stm32f10x_exti.o [1]
EXTI_GetITStatus        0x08007b09   0x28  Code  Gb  stm32f10x_exti.o [1]
EXTI_Init               0x08007a81   0x88  Code  Gb  stm32f10x_exti.o [1]
FLASH_IRQHandler        0x0800861d         Code  Wk  startup_stm32f10x_md.o [1]
GPIO_EXTILineConfig     0x0800424f   0x50  Code  Gb  stm32f10x_gpio.o [1]
GPIO_Init               0x080040f1  0x138  Code  Gb  stm32f10x_gpio.o [1]
GPIO_ReadInputDataBit   0x08004229   0x1a  Code  Gb  stm32f10x_gpio.o [1]
GPIO_ResetBits          0x08004249    0x6  Code  Gb  stm32f10x_gpio.o [1]
GPIO_SetBits            0x08004243    0x6  Code  Gb  stm32f10x_gpio.o [1]
GetEPRxAddr             0x0800634f   0x1a  Code  Gb  usb_regs.o [1]
GetEPRxCount            0x080063d3   0x18  Code  Gb  usb_regs.o [1]
GetEPTxAddr             0x08006335   0x1a  Code  Gb  usb_regs.o [1]
GetEPTxStatus           0x080061f3   0x10  Code  Gb  usb_regs.o [1]
Get_SerialNum           0x080079f7   0x30  Code  Gb  hw_config.o [1]
HardFault_Handler       0x08008473    0x2  Code  Gb  stm32_it.o [1]
I2C1_ER_IRQHandler      0x0800868d         Code  Wk  startup_stm32f10x_md.o [1]
I2C1_EV_IRQHandler      0x08008689         Code  Wk  startup_stm32f10x_md.o [1]
I2C2_DevStructure       0x2000008c   0x20  Data  Gb  cpal_i2c_hal_stm32f10x.o [1]
I2C2_ER_IRQHandler      0x08003d93    0xc  Code  Gb  cpal_i2c_hal_stm32f10x.o [1]
I2C2_EV_IRQHandler      0x08003d89    0xa  Code  Gb  cpal_i2c_hal_stm32f10x.o [1]
I2C_DevStructures       0x2000013c    0x8  Data  Gb  cpal_i2c_hal_stm32f10x.o [1]
I2C_Enable_DMA_IT       0x080036f7  0x102  Code  Lc  cpal_i2c.o [1]
I2C_IT_DMARX_PREPRIO    0x0800790a    0x2  Data  Gb  cpal_i2c_hal_stm32f10x.o [1]
I2C_IT_DMARX_SUBPRIO    0x0800848a    0x2  Data  Gb  cpal_i2c_hal_stm32f10x.o [1]
I2C_IT_DMATX_PREPRIO    0x0800549a    0x2  Data  Gb  cpal_i2c_hal_stm32f10x.o [1]
I2C_IT_DMATX_SUBPRIO    0x0800614a    0x2  Data  Gb  cpal_i2c_hal_stm32f10x.o [1]
I2C_IT_ERR_PREPRIO      0x080053ba    0x2  Data  Gb  cpal_i2c_hal_stm32f10x.o [1]
I2C_IT_ERR_SUBPRIO      0x08005432    0x2  Data  Gb  cpal_i2c_hal_stm32f10x.o [1]
I2C_IT_EVT_PREPRIO      0x08003932    0x2  Data  Gb  cpal_i2c_hal_stm32f10x.o [1]
I2C_IT_EVT_SUBPRIO      0x0800535e    0x2  Data  Gb  cpal_i2c_hal_stm32f10x.o [1]
I2C_Init                0x08003e1d   0xf2  Code  Gb  stm32f10x_i2c.o [1]
I2C_InitStructure       0x20000224   0x10  Data  Gb  cpal_i2c.o [1]
I2C_MASTER_ADDR_Handle  0x08003439  0x116  Code  Lc  cpal_i2c.o [1]
I2C_MASTER_RXNE_Handle  0x0800355d  0x19a  Code  Lc  cpal_i2c.o [1]
I2C_MASTER_START_Handle
                        0x080033d1   0x50  Code  Lc  cpal_i2c.o [1]
In0_Process             0x08005fc3   0x68  Code  Gb  usb_core.o [1]
IntToUnicode            0x08007a41   0x40  Code  Lc  hw_config.o [1]
MPU9150_Config          0x08002021    0xc  Code  Gb  stm32_CPAL_mpu9150.o [1]
MPU9150_DeInit          0x0800202d    0xa  Code  Gb  stm32_CPAL_mpu9150.o [1]
MPU9150_GetStatus       0x0800215b   0x2e  Code  Gb  stm32_CPAL_mpu9150.o [1]
MPU9150_Get_INTpin_State
                        0x08007bc3    0xe  Code  Gb  mpu9150_interrupts.o [1]
MPU9150_Init            0x08002063    0xa  Code  Lc  stm32_CPAL_mpu9150.o [1]
MPU9150_Interrupt_Cmd   0x08007b9f   0x24  Code  Gb  mpu9150_interrupts.o [1]
MPU9150_Interrupt_Init  0x08007b4d   0x52  Code  Gb  mpu9150_interrupts.o [1]
MPU9150_RXTransfer      0x20000264   0x10  Data  Gb  stm32_CPAL_mpu9150.o [1]
MPU9150_Status          0x08002143   0x18  Code  Lc  stm32_CPAL_mpu9150.o [1]
MPU9150_StructInit      0x08002037   0x2c  Code  Lc  stm32_CPAL_mpu9150.o [1]
MPU9150_TXTransfer      0x20000254   0x10  Data  Gb  stm32_CPAL_mpu9150.o [1]
MPU9150_Timeout         0x2000018c    0x4  Data  Gb  stm32_CPAL_mpu9150.o [1]
MemManage_Handler       0x08008475    0x2  Code  Gb  stm32_it.o [1]
NMI_Handler             0x08008471    0x2  Code  Gb  stm32_it.o [1]
NOP_Process             0x08006149    0x2  Code  Gb  usb_core.o [1]
NVIC_Init               0x0800443f   0x68  Code  Gb  misc.o [1]
NVIC_PriorityGroupConfig
                        0x08004435    0xa  Code  Gb  misc.o [1]
NVIC_SetPriority        0x080026b9   0x26  Code  Lc  cpal_i2c.o [1]
NoData_Setup0           0x08005af3  0x164  Code  Lc  usb_core.o [1]
Out0_Process            0x0800602b   0x4e  Code  Gb  usb_core.o [1]
PMAToUserBufferCopy     0x0800645b   0x2e  Code  Gb  usb_mem.o [1]
PVD_IRQHandler          0x08008611         Code  Wk  startup_stm32f10x_md.o [1]
PendSV_Handler          0x0800847f    0x2  Code  Gb  stm32_it.o [1]
Post0_Process           0x08006085   0x3c  Code  Gb  usb_core.o [1]
PowerOn                 0x08007e7d   0x3a  Code  Gb  usb_pwr.o [1]
RCC_AHBPeriphClockCmd   0x0800404f   0x1e  Code  Gb  stm32f10x_rcc.o [1]
RCC_APB1PeriphClockCmd  0x0800408b   0x1e  Code  Gb  stm32f10x_rcc.o [1]
RCC_APB1PeriphResetCmd  0x080040a9   0x1e  Code  Gb  stm32f10x_rcc.o [1]
RCC_APB2PeriphClockCmd  0x0800406d   0x1e  Code  Gb  stm32f10x_rcc.o [1]
RCC_GetClocksFreq       0x08003f73   0xdc  Code  Gb  stm32f10x_rcc.o [1]
RCC_IRQHandler          0x08008621         Code  Wk  startup_stm32f10x_md.o [1]
RCC_USBCLKConfig        0x08003f6d    0x6  Code  Gb  stm32f10x_rcc.o [1]
RTCAlarm_IRQHandler     0x080086b1         Code  Wk  startup_stm32f10x_md.o [1]
RTC_IRQHandler          0x08008619         Code  Wk  startup_stm32f10x_md.o [1]
Region$$Table$$Base     0x0800842c          --   Gb  - Linker created -
Region$$Table$$Limit    0x08008450          --   Gb  - Linker created -
Request                 0x20000298    0x1  Data  Gb  usb_prop.o [1]
Reset_Handler           0x08008519         Code  Wk  startup_stm32f10x_md.o [1]
SPI1_IRQHandler         0x08008699         Code  Wk  startup_stm32f10x_md.o [1]
SPI2_IRQHandler         0x0800869d         Code  Wk  startup_stm32f10x_md.o [1]
SVC_Handler             0x0800847b    0x2  Code  Gb  stm32_it.o [1]
SaveRState              0x2000028e    0x2  Data  Gb  usb_int.o [1]
SaveTState              0x20000290    0x2  Data  Gb  usb_int.o [1]
SetBTABLE               0x0800614d    0xe  Code  Gb  usb_regs.o [1]
SetDeviceAddress        0x080060c1   0x48  Code  Gb  usb_core.o [1]
SetEPRxAddr             0x08006311   0x24  Code  Gb  usb_regs.o [1]
SetEPRxCount            0x08006383   0x50  Code  Gb  usb_regs.o [1]
SetEPRxStatus           0x080061b7   0x3c  Code  Gb  usb_regs.o [1]
SetEPRxValid            0x08006233   0x30  Code  Gb  usb_regs.o [1]
SetEPTxAddr             0x080062ed   0x24  Code  Gb  usb_regs.o [1]
SetEPTxCount            0x08006369   0x1a  Code  Gb  usb_regs.o [1]
SetEPTxStatus           0x0800617b   0x3c  Code  Gb  usb_regs.o [1]
SetEPTxValid            0x08006203   0x30  Code  Gb  usb_regs.o [1]
SetEPType               0x0800615b   0x20  Code  Gb  usb_regs.o [1]
SetSysClock             0x080081bd    0x8  Code  Lc  system_stm32f10x.o [1]
SetSysClockTo72         0x080081c5   0xe0  Code  Lc  system_stm32f10x.o [1]
Set_System              0x0800790d   0x2a  Code  Gb  hw_config.o [1]
Set_USBClock            0x08007937   0x14  Code  Gb  hw_config.o [1]
Setup0_Process          0x08005f2d   0x96  Code  Gb  usb_core.o [1]
Standard_ClearFeature   0x080056e1  0x16e  Code  Gb  usb_core.o [1]
Standard_GetConfiguration
                        0x0800549d   0x2c  Code  Gb  usb_core.o [1]
Standard_GetDescriptorData
                        0x0800593d   0x2c  Code  Gb  usb_core.o [1]
Standard_GetInterface   0x08005517   0x2c  Code  Gb  usb_core.o [1]
Standard_GetStatus      0x080055c7  0x11a  Code  Gb  usb_core.o [1]
Standard_SetConfiguration
                        0x080054c9   0x4e  Code  Gb  usb_core.o [1]
Standard_SetDeviceFeature
                        0x08005919   0x24  Code  Gb  usb_core.o [1]
Standard_SetEndPointFeature
                        0x0800584f   0xca  Code  Gb  usb_core.o [1]
Standard_SetInterface   0x08005543   0x84  Code  Gb  usb_core.o [1]
StatusInfo              0x20000274    0x4  Data  Gb  usb_core.o [1]
Stm32MPU9150test        0x080076cb  0x20a  Code  Gb  main.o [1]
String_Descriptor       0x200000ac   0x20  Data  Gb  usb_prop.o [1]
SysTick_Config          0x080026df   0x38  Code  Lc  cpal_i2c.o [1]
SysTick_Handler         0x08003323   0x94  Code  Gb  cpal_i2c.o [1]
SystemCoreClock         0x20000194    0x4  Data  Gb  system_stm32f10x.o [1]
SystemInit              0x08008169   0x54  Code  Gb  system_stm32f10x.o [1]
TAMPER_IRQHandler       0x08008615         Code  Wk  startup_stm32f10x_md.o [1]
TIM1_BRK_IRQHandler     0x0800866d         Code  Wk  startup_stm32f10x_md.o [1]
TIM1_CC_IRQHandler      0x08008679         Code  Wk  startup_stm32f10x_md.o [1]
TIM1_TRG_COM_IRQHandler
                        0x08008675         Code  Wk  startup_stm32f10x_md.o [1]
TIM1_UP_IRQHandler      0x08008671         Code  Wk  startup_stm32f10x_md.o [1]
TIM2_IRQHandler         0x0800867d         Code  Wk  startup_stm32f10x_md.o [1]
TIM3_IRQHandler         0x08008681         Code  Wk  startup_stm32f10x_md.o [1]
TIM4_IRQHandler         0x08008685         Code  Wk  startup_stm32f10x_md.o [1]
USART1_IRQHandler       0x08008489    0x2  Code  Gb  stm32_it.o [1]
USART2_IRQHandler       0x080086a5         Code  Wk  startup_stm32f10x_md.o [1]
USART3_IRQHandler       0x080086a9         Code  Wk  startup_stm32f10x_md.o [1]
USBWakeUp_IRQHandler    0x080086b5         Code  Wk  startup_stm32f10x_md.o [1]
USB_Cable_Config        0x08007975   0x22  Code  Gb  hw_config.o [1]
USB_HP_CAN1_TX_IRQHandler
                        0x08008659         Code  Wk  startup_stm32f10x_md.o [1]
USB_Init                0x08007bd5   0x40  Code  Gb  usb_init.o [1]
USB_Interrupts_Config   0x0800794b   0x2a  Code  Gb  hw_config.o [1]
USB_Istr                0x080082c1   0x70  Code  Gb  usb_istr.o [1]
USB_LP_CAN1_RX0_IRQHandler
                        0x08008481    0x8  Code  Gb  stm32_it.o [1]
USB_Rx_Buffer           0x2000019c   0x40  Data  Gb  usb_endp.o [1]
USB_SIL_Init            0x08007ec5   0x1a  Code  Gb  usb_sil.o [1]
USB_SIL_Read            0x08007eed   0x2c  Code  Gb  usb_sil.o [1]
UsageFault_Handler      0x08008479    0x2  Code  Gb  stm32_it.o [1]
UserToPMABufferCopy     0x0800641b   0x40  Code  Gb  usb_mem.o [1]
User_Standard_Requests  0x20000068   0x24  Data  Gb  usb_prop.o [1]
Virtual_Com_Port_ConfigDescriptor
                        0x08008330   0x44  Data  Gb  usb_desc.o [1]
Virtual_Com_Port_Data_Setup
                        0x08007d39   0x64  Code  Gb  usb_prop.o [1]
Virtual_Com_Port_DeviceDescriptor
                        0x080084e4   0x14  Data  Gb  usb_desc.o [1]
Virtual_Com_Port_GetConfigDescriptor
                        0x08007dd5   0x10  Code  Gb  usb_prop.o [1]
Virtual_Com_Port_GetDeviceDescriptor
                        0x08007dc5   0x10  Code  Gb  usb_prop.o [1]
Virtual_Com_Port_GetLineCoding
                        0x08007e25   0x18  Code  Gb  usb_prop.o [1]
Virtual_Com_Port_GetStringDescriptor
                        0x08007de5   0x26  Code  Gb  usb_prop.o [1]
Virtual_Com_Port_Get_Interface_Setting
                        0x08007e0b   0x1a  Code  Gb  usb_prop.o [1]
Virtual_Com_Port_NoData_Setup
                        0x08007d9d   0x28  Code  Gb  usb_prop.o [1]
Virtual_Com_Port_Reset  0x08007c33   0xdc  Code  Gb  usb_prop.o [1]
Virtual_Com_Port_SetConfiguration
                        0x08007d0f   0x10  Code  Gb  usb_prop.o [1]
Virtual_Com_Port_SetDeviceAddress
                        0x08007d1f    0x8  Code  Gb  usb_prop.o [1]
Virtual_Com_Port_SetLineCoding
                        0x08007e3d   0x18  Code  Gb  usb_prop.o [1]
Virtual_Com_Port_Status_In
                        0x08007d27   0x10  Code  Gb  usb_prop.o [1]
Virtual_Com_Port_Status_Out
                        0x08007d37    0x2  Code  Gb  usb_prop.o [1]
Virtual_Com_Port_StringLangID
                        0x080085e4    0x4  Data  Gb  usb_desc.o [1]
Virtual_Com_Port_StringProduct
                        0x08008374   0x38  Data  Gb  usb_desc.o [1]
Virtual_Com_Port_StringSerial
                        0x200000cc   0x1c  Data  Gb  usb_desc.o [1]
Virtual_Com_Port_StringVendor
                        0x08008508   0x10  Data  Gb  usb_desc.o [1]
Virtual_Com_Port_init   0x08007c15   0x1e  Code  Gb  usb_prop.o [1]
Virtual_Com_Write_Buffer
                        0x08007997   0x60  Code  Gb  hw_config.o [1]
WWDG_IRQHandler         0x0800860d         Code  Wk  startup_stm32f10x_md.o [1]
__aeabi_cfcmpeq         0x08002435         Code  Gb  FltCmpEq.o [4]
__aeabi_cfcmple         0x080024d5         Code  Gb  FltCmpLe.o [4]
__aeabi_f2iz            0x08005361         Code  Gb  FltToS32.o [4]
__aeabi_fadd            0x08002451         Code  Gb  FltAdd.o [4]
__aeabi_fdiv            0x08002339         Code  Gb  FltDiv.o [4]
__aeabi_fmul            0x080021f9         Code  Gb  FltMul.o [4]
__aeabi_i2f             0x080022d9         Code  Gb  I32ToFlt.o [4]
__aeabi_ldiv0           0x080038fd         Code  Gb  I64DivZer.o [5]
__aeabi_ldivmod         0x080024f9         Code  Gb  I64DivMod.o [5]
__aeabi_memclr4         0x0800264d         Code  Gb  ABImemclr4.o [5]
__aeabi_memcpy          0x080053bd         Code  Gb  ABImemcpy.o [5]
__aeabi_memcpy4         0x080053dd         Code  Gb  ABImemcpy.o [5]
__aeabi_memcpy8         0x080053dd         Code  Gb  ABImemcpy.o [5]
__aeabi_memset          0x08005435         Code  Gb  ABImemset.o [5]
__aeabi_ui2f            0x080022ed         Code  Gb  I32ToFlt.o [4]
__aeabi_uldivmod        0x0800253d         Code  Gb  I64DivMod.o [5]
__cmain                 0x080084a5         Code  Gb  cmain.o [5]
__exit                  0x080084d1   0x14  Code  Gb  exit.o [6]
__iar_Memset            0x08005435         Code  Gb  ABImemset.o [5]
__iar_Memset4_word      0x08003901         Code  Gb  ABImemset48.o [5]
__iar_Memset8_word      0x08003901         Code  Gb  ABImemset48.o [5]
__iar_Memset_word       0x0800543d         Code  Gb  ABImemset.o [5]
__iar_SB                0x080086b8         Data  Gb  bwt_init3c.o [5]
__iar_copy_init3        0x0800230b   0x2e  Code  Gb  copy_init3.o [5]
__iar_data_init3        0x080083d9   0x2c  Code  Gb  data_init3.o [5]
__iar_fadd              0x08002461         Code  Gb  FltAdd.o [4]
__iar_fsub              0x08003825         Code  Gb  FltSub.o [4]
__iar_fsubStart         0x08003835         Code  Gb  FltSub.o [4]
__iar_program_start     0x08008565         Code  Gb  cstartup_M.o [5]
__iar_ui2f              0x080022f1         Code  Gb  I32ToFlt.o [4]
__iar_zero_init3        0x0800262b   0x22  Code  Gb  zero_init3.o [5]
__low_level_init        0x080084bb    0x4  Code  Gb  low_level_init.o [3]
__vector_table          0x08000000         Data  Gb  startup_stm32f10x_md.o [1]
_call_main              0x080084b1         Code  Gb  cmain.o [5]
_exit                   0x080084c5         Code  Gb  cexit.o [5]
_main                   0x080084b7         Code  Gb  cmain.o [5]
accel_self_test         0x080011f9   0x9c  Code  Lc  inv_mpu.o [1]
android_orient_cb       0x080072e1    0xc  Code  Lc  main.o [1]
bDeviceState            0x20000288    0x4  Data  Gb  usb_pwr.o [1]
bIntPackSOF             0x20000297    0x1  Data  Gb  usb_istr.o [1]
compass_self_test       0x08001395  0x158  Code  Lc  inv_mpu.o [1]
count_out               0x20000278    0x4  Data  Gb  usb_endp.o [1]
decode_gesture          0x08005011   0x66  Code  Lc  inv_mpu_dmp_motion_driver.o [1]
dmp                     0x20000234   0x10  Data  Lc  inv_mpu_dmp_motion_driver.o [1]
dmp_enable_6x_lp_quat   0x08004fcf   0x42  Code  Gb  inv_mpu_dmp_motion_driver.o [1]
dmp_enable_feature      0x08004d17  0x230  Code  Gb  inv_mpu_dmp_motion_driver.o [1]
dmp_enable_gyro_cal     0x08004f47   0x46  Code  Gb  inv_mpu_dmp_motion_driver.o [1]
dmp_enable_lp_quat      0x08004f8d   0x42  Code  Gb  inv_mpu_dmp_motion_driver.o [1]
dmp_get_fifo_rate       0x08004923    0xe  Code  Gb  inv_mpu_dmp_motion_driver.o [1]
dmp_get_pedometer_step_count
                        0x08004c25   0x48  Code  Gb  inv_mpu_dmp_motion_driver.o [1]
dmp_get_pedometer_walk_time
                        0x08004c99   0x4c  Code  Gb  inv_mpu_dmp_motion_driver.o [1]
dmp_load_motion_driver_firmware
                        0x080044bd   0x18  Code  Gb  inv_mpu_dmp_motion_driver.o [1]
dmp_memory              0x08006488  0xbf8  Data  Lc  inv_mpu_dmp_motion_driver.o [1]
dmp_read_fifo           0x080050e1  0x224  Code  Gb  inv_mpu_dmp_motion_driver.o [1]
dmp_register_android_orient_cb
                        0x0800530f    0xa  Code  Gb  inv_mpu_dmp_motion_driver.o [1]
dmp_register_tap_cb     0x08005305    0xa  Code  Gb  inv_mpu_dmp_motion_driver.o [1]
dmp_set_accel_bias      0x08004769  0x148  Code  Gb  inv_mpu_dmp_motion_driver.o [1]
dmp_set_fifo_rate       0x080048b1   0x72  Code  Gb  inv_mpu_dmp_motion_driver.o [1]
dmp_set_gyro_bias       0x08004623  0x146  Code  Gb  inv_mpu_dmp_motion_driver.o [1]
dmp_set_interrupt_mode  0x08005077   0x4e  Code  Gb  inv_mpu_dmp_motion_driver.o [1]
dmp_set_orientation     0x080044d5  0x14e  Code  Gb  inv_mpu_dmp_motion_driver.o [1]
dmp_set_pedometer_step_count
                        0x08004c6d   0x2c  Code  Gb  inv_mpu_dmp_motion_driver.o [1]
dmp_set_pedometer_walk_time
                        0x08004ce5   0x32  Code  Gb  inv_mpu_dmp_motion_driver.o [1]
dmp_set_shake_reject_thresh
                        0x08004b95   0x3c  Code  Gb  inv_mpu_dmp_motion_driver.o [1]
dmp_set_shake_reject_time
                        0x08004bd1   0x2a  Code  Gb  inv_mpu_dmp_motion_driver.o [1]
dmp_set_shake_reject_timeout
                        0x08004bfb   0x2a  Code  Gb  inv_mpu_dmp_motion_driver.o [1]
dmp_set_tap_axes        0x08004ac7   0x4a  Code  Gb  inv_mpu_dmp_motion_driver.o [1]
dmp_set_tap_count       0x08004b11   0x30  Code  Gb  inv_mpu_dmp_motion_driver.o [1]
dmp_set_tap_thresh      0x08004931  0x196  Code  Gb  inv_mpu_dmp_motion_driver.o [1]
dmp_set_tap_time        0x08004b41   0x2a  Code  Gb  inv_mpu_dmp_motion_driver.o [1]
dmp_set_tap_time_multi  0x08004b6b   0x2a  Code  Gb  inv_mpu_dmp_motion_driver.o [1]
exit                    0x080084bf    0x4  Code  Gb  exit.o [3]
get_accel_prod_shift    0x08001131   0xc8  Code  Lc  inv_mpu.o [1]
get_st_biases           0x080014fd  0x486  Code  Lc  inv_mpu.o [1]
gyro_orientation        0x20000130    0xc  Data  Lc  main.o [1]
gyro_self_test          0x08001295  0x100  Code  Lc  inv_mpu.o [1]
hal                     0x20000244   0x10  Data  Lc  main.o [1]
handle_input            0x0800738b  0x31a  Code  Lc  main.o [1]
hw                      0x080084f8   0x10  Data  Gb  inv_mpu.o [1]
inv_orientation_matrix_to_scalar
                        0x08007263   0x2a  Code  Lc  main.o [1]
inv_row_2_scale         0x08007205   0x5e  Code  Lc  main.o [1]
labs                    0x080022d1    0x8  Code  Gb  labs.o [3]
linecoding              0x20000174    0x8  Data  Gb  usb_prop.o [1]
main                    0x08007901    0xa  Code  Gb  main.o [1]
memcmp                  0x08002655         Code  Gb  memcmp.o [5]
memcpy                  0x08005349   0x16  Code  Gb  inv_mpu_dmp_motion_driver.o [1]
memset                  0x080053a5   0x16  Code  Gb  main.o [1]
mpu_configure_fifo      0x0800097f   0x84  Code  Gb  inv_mpu.o [1]
mpu_get_accel_fsr       0x080005b3   0x4a  Code  Gb  inv_mpu.o [1]
mpu_get_accel_sens      0x08000923   0x50  Code  Gb  inv_mpu.o [1]
mpu_get_fifo_config     0x08000973    0xc  Code  Gb  inv_mpu.o [1]
mpu_get_gyro_fsr        0x080004d3   0x3e  Code  Gb  inv_mpu.o [1]
mpu_get_gyro_sens       0x080008e3   0x40  Code  Gb  inv_mpu.o [1]
mpu_get_lpf             0x08000699   0x4c  Code  Gb  inv_mpu.o [1]
mpu_get_sample_rate     0x0800077f   0x20  Code  Gb  inv_mpu.o [1]
mpu_load_firmware       0x08001c21   0xfc  Code  Gb  inv_mpu.o [1]
mpu_lp_accel_mode       0x080001a9   0xfe  Code  Gb  inv_mpu.o [1]
mpu_lp_motion_interrupt
                        0x08001de1  0x228  Code  Gb  inv_mpu.o [1]
mpu_read_fifo           0x08000b9d  0x28c  Code  Gb  inv_mpu.o [1]
mpu_read_fifo_stream    0x08000e29   0xe6  Code  Gb  inv_mpu.o [1]
mpu_read_mem            0x08001b8b   0x96  Code  Gb  inv_mpu.o [1]
mpu_reset_fifo          0x080002a7  0x22c  Code  Gb  inv_mpu.o [1]
mpu_run_self_test       0x08001989  0x16c  Code  Gb  inv_mpu.o [1]
mpu_set_accel_fsr       0x080005fd   0x9c  Code  Gb  inv_mpu.o [1]
mpu_set_bypass          0x08000f0f  0x196  Code  Gb  inv_mpu.o [1]
mpu_set_compass_sample_rate
                        0x08000871   0x72  Code  Gb  inv_mpu.o [1]
mpu_set_dmp_state       0x08001d1d   0xa8  Code  Gb  inv_mpu.o [1]
mpu_set_gyro_fsr        0x08000511   0xa2  Code  Gb  inv_mpu.o [1]
mpu_set_int_latched     0x080010a9   0x88  Code  Gb  inv_mpu.o [1]
mpu_set_lpf             0x080006e5   0x9a  Code  Gb  inv_mpu.o [1]
mpu_set_sample_rate     0x0800079f   0xcc  Code  Gb  inv_mpu.o [1]
mpu_set_sensors         0x08000a03  0x196  Code  Gb  inv_mpu.o [1]
mpu_write_mem           0x08001af5   0x96  Code  Gb  inv_mpu.o [1]
pEpInt_IN               0x200000e8   0x1c  Data  Gb  usb_istr.o [1]
pEpInt_OUT              0x20000104   0x1c  Data  Gb  usb_istr.o [1]
pInformation            0x2000027c    0x4  Data  Gb  usb_init.o [1]
pProperty               0x20000280    0x4  Data  Gb  usb_init.o [1]
pUser_Standard_Requests
                        0x20000284    0x4  Data  Gb  usb_init.o [1]
reg                     0x080083ac   0x2c  Data  Gb  inv_mpu.o [1]
run_self_test           0x080072ef   0x9c  Code  Lc  main.o [1]
rx_new                  0x20000294    0x1  Data  Gb  main.o [1]
sStartAddress           0x080084c2    0x2  Data  Lc  inv_mpu_dmp_motion_driver.o [1]
send_packet             0x08007081  0x184  Code  Gb  main.o [1]
set_int_enable          0x080000ed   0xbc  Code  Lc  inv_mpu.o [1]
setup_gyro              0x0800728d   0x3c  Code  Lc  main.o [1]
st                      0x20000000   0x38  Data  Lc  inv_mpu.o [1]
stm32_i2c_read          0x080020d3   0x70  Code  Gb  stm32_CPAL_mpu9150.o [1]
stm32_i2c_write         0x0800206d   0x66  Code  Gb  stm32_CPAL_mpu9150.o [1]
stm32_reset             0x080072ed    0x2  Code  Lc  main.o [1]
tap_cb                  0x080072c9   0x18  Code  Lc  main.o [1]
test                    0x08008404   0x28  Data  Gb  inv_mpu.o [1]
wInterrupt_Mask         0x2000028c    0x2  Data  Gb  usb_init.o [1]
wIstr                   0x20000292    0x2  Data  Gb  usb_istr.o [1]


[1] = D:\Projects\MARG Device\STM32_MPU9150eMPL\Debug\Obj
[2] = command line
[3] = dl7M_tlf.a
[4] = m7M_tl.a
[5] = rt7M_tl.a
[6] = shb_l.a

  30 898 bytes of readonly  code memory
   4 002 bytes of readonly  data memory
   2 713 bytes of readwrite data memory

Errors: none
Warnings: none
