###############################################################################
#                                                                             #
# IAR ELF Linker V6.30.6.53336/W32 for ARM              25/Jun/2013  11:10:30 #
# Copyright 2007-2012 IAR Systems AB.                                         #
#                                                                             #
#    Output file  =  D:\Projects\MARG Device\STM32_MPU9150eMPL\Debug\Exe\STM3 #
#                    2_MPU9150eMPL.out                                        #
#    Map file     =  D:\Projects\MARG Device\STM32_MPU9150eMPL\Debug\List\STM #
#                    32_MPU9150eMPL.map                                       #
#    Command line =  "D:\Projects\MARG Device\STM32_MPU9150eMPL\Debug\Obj\cpa #
#                    l_hal.o" "D:\Projects\MARG Device\STM32_MPU9150eMPL\Debu #
#                    g\Obj\cpal_i2c.o" "D:\Projects\MARG                      #
#                    Device\STM32_MPU9150eMPL\Debug\Obj\cpal_i2c_hal_stm32f10 #
#                    x.o" "D:\Projects\MARG Device\STM32_MPU9150eMPL\Debug\Ob #
#                    j\cpal_usercallback_template.o" "D:\Projects\MARG        #
#                    Device\STM32_MPU9150eMPL\Debug\Obj\hw_config.o"          #
#                    "D:\Projects\MARG Device\STM32_MPU9150eMPL\Debug\Obj\inv #
#                    _mpu.o" "D:\Projects\MARG Device\STM32_MPU9150eMPL\Debug #
#                    \Obj\inv_mpu_dmp_motion_driver.o" "D:\Projects\MARG      #
#                    Device\STM32_MPU9150eMPL\Debug\Obj\main.o"               #
#                    "D:\Projects\MARG Device\STM32_MPU9150eMPL\Debug\Obj\mis #
#                    c.o" "D:\Projects\MARG Device\STM32_MPU9150eMPL\Debug\Ob #
#                    j\mpu9150_interrupts.o" "D:\Projects\MARG                #
#                    Device\STM32_MPU9150eMPL\Debug\Obj\otgd_fs_cal.o"        #
#                    "D:\Projects\MARG Device\STM32_MPU9150eMPL\Debug\Obj\otg #
#                    d_fs_dev.o" "D:\Projects\MARG                            #
#                    Device\STM32_MPU9150eMPL\Debug\Obj\otgd_fs_int.o"        #
#                    "D:\Projects\MARG Device\STM32_MPU9150eMPL\Debug\Obj\otg #
#                    d_fs_pcd.o" "D:\Projects\MARG                            #
#                    Device\STM32_MPU9150eMPL\Debug\Obj\startup_stm32f10x_md. #
#                    o" "D:\Projects\MARG Device\STM32_MPU9150eMPL\Debug\Obj\ #
#                    stm32_CPAL_mpu9150.o" "D:\Projects\MARG                  #
#                    Device\STM32_MPU9150eMPL\Debug\Obj\stm32_it.o"           #
#                    "D:\Projects\MARG Device\STM32_MPU9150eMPL\Debug\Obj\stm #
#                    32f10x_adc.o" "D:\Projects\MARG                          #
#                    Device\STM32_MPU9150eMPL\Debug\Obj\stm32f10x_bkp.o"      #
#                    "D:\Projects\MARG Device\STM32_MPU9150eMPL\Debug\Obj\stm #
#                    32f10x_can.o" "D:\Projects\MARG                          #
#                    Device\STM32_MPU9150eMPL\Debug\Obj\stm32f10x_cec.o"      #
#                    "D:\Projects\MARG Device\STM32_MPU9150eMPL\Debug\Obj\stm #
#                    32f10x_crc.o" "D:\Projects\MARG                          #
#                    Device\STM32_MPU9150eMPL\Debug\Obj\stm32f10x_dac.o"      #
#                    "D:\Projects\MARG Device\STM32_MPU9150eMPL\Debug\Obj\stm #
#                    32f10x_dbgmcu.o" "D:\Projects\MARG                       #
#                    Device\STM32_MPU9150eMPL\Debug\Obj\stm32f10x_dma.o"      #
#                    "D:\Projects\MARG Device\STM32_MPU9150eMPL\Debug\Obj\stm #
#                    32f10x_exti.o" "D:\Projects\MARG                         #
#                    Device\STM32_MPU9150eMPL\Debug\Obj\stm32f10x_flash.o"    #
#                    "D:\Projects\MARG Device\STM32_MPU9150eMPL\Debug\Obj\stm #
#                    32f10x_fsmc.o" "D:\Projects\MARG                         #
#                    Device\STM32_MPU9150eMPL\Debug\Obj\stm32f10x_gpio.o"     #
#                    "D:\Projects\MARG Device\STM32_MPU9150eMPL\Debug\Obj\stm #
#                    32f10x_i2c.o" "D:\Projects\MARG                          #
#                    Device\STM32_MPU9150eMPL\Debug\Obj\stm32f10x_iwdg.o"     #
#                    "D:\Projects\MARG Device\STM32_MPU9150eMPL\Debug\Obj\stm #
#                    32f10x_pwr.o" "D:\Projects\MARG                          #
#                    Device\STM32_MPU9150eMPL\Debug\Obj\stm32f10x_rcc.o"      #
#                    "D:\Projects\MARG Device\STM32_MPU9150eMPL\Debug\Obj\stm #
#                    32f10x_rtc.o" "D:\Projects\MARG                          #
#                    Device\STM32_MPU9150eMPL\Debug\Obj\stm32f10x_sdio.o"     #
#                    "D:\Projects\MARG Device\STM32_MPU9150eMPL\Debug\Obj\stm #
#                    32f10x_spi.o" "D:\Projects\MARG                          #
#                    Device\STM32_MPU9150eMPL\Debug\Obj\stm32f10x_tim.o"      #
#                    "D:\Projects\MARG Device\STM32_MPU9150eMPL\Debug\Obj\stm #
#                    32f10x_usart.o" "D:\Projects\MARG                        #
#                    Device\STM32_MPU9150eMPL\Debug\Obj\stm32f10x_wwdg.o"     #
#                    "D:\Projects\MARG Device\STM32_MPU9150eMPL\Debug\Obj\sys #
#                    tem_stm32f10x.o" "D:\Projects\MARG                       #
#                    Device\STM32_MPU9150eMPL\Debug\Obj\usb_core.o"           #
#                    "D:\Projects\MARG Device\STM32_MPU9150eMPL\Debug\Obj\usb #
#                    _desc.o" "D:\Projects\MARG Device\STM32_MPU9150eMPL\Debu #
#                    g\Obj\usb_endp.o" "D:\Projects\MARG                      #
#                    Device\STM32_MPU9150eMPL\Debug\Obj\usb_init.o"           #
#                    "D:\Projects\MARG Device\STM32_MPU9150eMPL\Debug\Obj\usb #
#                    _int.o" "D:\Projects\MARG Device\STM32_MPU9150eMPL\Debug #
#                    \Obj\usb_istr.o" "D:\Projects\MARG                       #
#                    Device\STM32_MPU9150eMPL\Debug\Obj\usb_mem.o"            #
#                    "D:\Projects\MARG Device\STM32_MPU9150eMPL\Debug\Obj\usb #
#                    _prop.o" "D:\Projects\MARG Device\STM32_MPU9150eMPL\Debu #
#                    g\Obj\usb_pwr.o" "D:\Projects\MARG                       #
#                    Device\STM32_MPU9150eMPL\Debug\Obj\usb_regs.o"           #
#                    "D:\Projects\MARG Device\STM32_MPU9150eMPL\Debug\Obj\usb #
#                    _sil.o" "D:\Projects\MARG Device\STM32_MPU9150eMPL\Debug #
#                    \Obj\utils.o" -o "D:\Projects\MARG                       #
#                    Device\STM32_MPU9150eMPL\Debug\Exe\STM32_MPU9150eMPL.out #
#                    " --redirect _Printf=_PrintfFull --redirect              #
#                    _Scanf=_ScanfFull --map "D:\Projects\MARG                #
#                    Device\STM32_MPU9150eMPL\Debug\List\STM32_MPU9150eMPL.ma #
#                    p" --config "D:\Projects\MARG                            #
#                    Device\STM32_MPU9150eMPL\STM32_MPU9150eMPL.icf"          #
#                    --semihosting --entry __iar_program_start --redirect     #
#                    __iar_sh_stdout=__iar_sh_stdout_swo --vfe                #
#                                                                             #
#                                                                             #
###############################################################################

*******************************************************************************
*** RUNTIME MODEL ATTRIBUTES
***

CppFlavor       = *
__SystemLibrary = DLib


*******************************************************************************
*** PLACEMENT SUMMARY
***

"A1":  place at 0x08000000 { ro section .intvec };
"P1":  place in [from 0x08000000 to 0x0801ffff] { ro };
"P2":  place in [from 0x20000000 to 0x20004fff] { rw, block CSTACK, block HEAP };

  Section            Kind        Address    Size  Object
  -------            ----        -------    ----  ------
"A1":                                       0xec
  .intvec            ro code  0x08000000    0xec  startup_stm32f10x_md.o [1]
                            - 0x080000ec    0xec

"P1":                                     0x8758
  .text              ro code  0x080000ec  0x1f48  inv_mpu.o [1]
  .text              ro code  0x08002034   0x17c  stm32_CPAL_mpu9150.o [1]
  .text              ro code  0x080021b0    0x5c  utils.o [1]
  .text              ro code  0x0800220c    0xd8  FltMul.o [4]
  .text              ro code  0x080022e4     0x8  labs.o [3]
  .text              ro code  0x080022ec    0x32  I32ToFlt.o [4]
  .text              ro code  0x0800231e    0x2e  copy_init3.o [5]
  .text              ro code  0x0800234c    0xfc  FltDiv.o [4]
  .text              ro code  0x08002448    0x1c  FltCmpEq.o [4]
  .text              ro code  0x08002464    0x84  FltAdd.o [4]
  .text              ro code  0x080024e8    0x24  FltCmpLe.o [4]
  .text              ro code  0x0800250c   0x132  I64DivMod.o [5]
  .text              ro code  0x0800263e    0x22  zero_init3.o [5]
  .text              ro code  0x08002660     0x6  ABImemclr4.o [5]
  .rodata            const    0x08002666     0x2  cpal_i2c_hal_stm32f10x.o [1]
  .text              ro code  0x08002668    0x62  memcmp.o [5]
  .rodata            const    0x080026ca     0x2  cpal_i2c_hal_stm32f10x.o [1]
  .text              ro code  0x080026cc  0x116c  cpal_i2c.o [1]
  .text              ro code  0x08003838    0xd6  FltSub.o [4]
  .rodata            const    0x0800390e     0x2  cpal_i2c_hal_stm32f10x.o [1]
  .text              ro code  0x08003910     0x2  I64DivZer.o [5]
  .rodata            const    0x08003912     0x2  cpal_i2c_hal_stm32f10x.o [1]
  .text              ro code  0x08003914    0x32  ABImemset48.o [5]
  .rodata            const    0x08003946     0x2  cpal_i2c_hal_stm32f10x.o [1]
  .text              ro code  0x08003948   0x4e8  cpal_i2c_hal_stm32f10x.o [1]
  .text              ro code  0x08003e30   0x100  stm32f10x_i2c.o [1]
  .text              ro code  0x08003f30    0x50  cpal_usercallback_template.o [1]
  .text              ro code  0x08003f80   0x184  stm32f10x_rcc.o [1]
  .text              ro code  0x08004104   0x1b4  stm32f10x_gpio.o [1]
  .text              ro code  0x080042b8   0x184  stm32f10x_dma.o [1]
  .text              ro code  0x0800443c     0xc  cpal_hal.o [1]
  .text              ro code  0x08004448    0x88  misc.o [1]
  .text              ro code  0x080044d0   0xe8c  inv_mpu_dmp_motion_driver.o [1]
  .text              ro code  0x0800535c    0x16  inv_mpu_dmp_motion_driver.o [1]
  .rodata            const    0x08005372     0x2  cpal_i2c_hal_stm32f10x.o [1]
  .text              ro code  0x08005374    0x44  FltToS32.o [4]
  .text              ro code  0x080053b8    0x16  main.o [1]
  .rodata            const    0x080053ce     0x2  cpal_i2c_hal_stm32f10x.o [1]
  .text              ro code  0x080053d0    0x76  ABImemcpy.o [5]
  .rodata            const    0x08005446     0x2  cpal_i2c_hal_stm32f10x.o [1]
  .text              ro code  0x08005448    0x66  ABImemset.o [5]
  .rodata            const    0x080054ae     0x2  cpal_i2c_hal_stm32f10x.o [1]
  .text              ro code  0x080054b0   0xcae  usb_core.o [1]
  .rodata            const    0x0800615e     0x2  cpal_i2c_hal_stm32f10x.o [1]
  .text              ro code  0x08006160   0x2ce  usb_regs.o [1]
  .text              ro code  0x0800642e    0x6e  usb_mem.o [1]
  .rodata            const    0x0800649c   0xbf8  inv_mpu_dmp_motion_driver.o [1]
  .text              ro code  0x08007094   0x87e  main.o [1]
  .rodata            const    0x08007912     0x2  cpal_i2c_hal_stm32f10x.o [1]
  .text              ro code  0x08007914   0x174  hw_config.o [1]
  .text              ro code  0x08007a88    0xcc  stm32f10x_exti.o [1]
  .text              ro code  0x08007b54    0x88  mpu9150_interrupts.o [1]
  .text              ro code  0x08007bdc    0x40  usb_init.o [1]
  .text              ro code  0x08007c1c   0x268  usb_prop.o [1]
  .text              ro code  0x08007e84    0x48  usb_pwr.o [1]
  .text              ro code  0x08007ecc    0x54  usb_sil.o [1]
  .text              ro code  0x08007f20   0x250  usb_int.o [1]
  .text              ro code  0x08008170   0x158  system_stm32f10x.o [1]
  .text              ro code  0x080082c8    0x70  usb_istr.o [1]
  .rodata            const    0x08008338    0x44  usb_desc.o [1]
  .rodata            const    0x0800837c    0x38  usb_desc.o [1]
  .rodata            const    0x080083b4    0x2c  inv_mpu.o [1]
  .text              ro code  0x080083e0    0x2c  data_init3.o [5]
  .rodata            const    0x0800840c    0x28  inv_mpu.o [1]
  .iar.init_table    const    0x08008434    0x24  - Linker created -
  .text              ro code  0x08008458    0x20  usb_endp.o [1]
  .text              ro code  0x08008478    0x1a  stm32_it.o [1]
  .rodata            const    0x08008492     0x2  cpal_i2c_hal_stm32f10x.o [1]
  .text              ro code  0x08008494    0x16  cmain.o [5]
  .text              ro code  0x080084aa     0x4  low_level_init.o [3]
  .text              ro code  0x080084ae     0x4  exit.o [3]
  .rodata            const    0x080084b2     0x2  inv_mpu_dmp_motion_driver.o [1]
  .text              ro code  0x080084b4     0xa  cexit.o [5]
  .text              ro code  0x080084c0    0x14  exit.o [6]
  .rodata            const    0x080084d4    0x14  usb_desc.o [1]
  .rodata            const    0x080084e8    0x10  inv_mpu.o [1]
  .rodata            const    0x080084f8    0x10  usb_desc.o [1]
  .text              ro code  0x08008508    0x10  startup_stm32f10x_md.o [1]
  .rodata            const    0x08008518     0xc  inv_mpu_dmp_motion_driver.o [1]
  .rodata            const    0x08008524     0xc  inv_mpu_dmp_motion_driver.o [1]
  .rodata            const    0x08008530     0xc  inv_mpu_dmp_motion_driver.o [1]
  .rodata            const    0x0800853c     0xc  inv_mpu_dmp_motion_driver.o [1]
  .rodata            const    0x08008548     0xc  inv_mpu_dmp_motion_driver.o [1]
  .text              ro code  0x08008554     0xc  cstartup_M.o [5]
  .rodata            const    0x08008560     0x8  cpal_i2c_hal_stm32f10x.o [1]
  .rodata            const    0x08008568     0x8  cpal_i2c_hal_stm32f10x.o [1]
  .rodata            const    0x08008570     0x8  cpal_i2c_hal_stm32f10x.o [1]
  .rodata            const    0x08008578     0x8  cpal_i2c_hal_stm32f10x.o [1]
  .rodata            const    0x08008580     0x8  cpal_i2c_hal_stm32f10x.o [1]
  .rodata            const    0x08008588     0x8  cpal_i2c_hal_stm32f10x.o [1]
  .rodata            const    0x08008590     0x8  cpal_i2c_hal_stm32f10x.o [1]
  .rodata            const    0x08008598     0x8  cpal_i2c_hal_stm32f10x.o [1]
  .rodata            const    0x080085a0     0x8  cpal_i2c_hal_stm32f10x.o [1]
  .rodata            const    0x080085a8     0x8  cpal_i2c_hal_stm32f10x.o [1]
  .rodata            const    0x080085b0     0x8  cpal_i2c_hal_stm32f10x.o [1]
  .rodata            const    0x080085b8     0x4  cpal_i2c_hal_stm32f10x.o [1]
  .rodata            const    0x080085bc     0x4  cpal_i2c_hal_stm32f10x.o [1]
  .rodata            const    0x080085c0     0x4  inv_mpu_dmp_motion_driver.o [1]
  .rodata            const    0x080085c4     0x4  inv_mpu_dmp_motion_driver.o [1]
  .rodata            const    0x080085c8     0x4  inv_mpu_dmp_motion_driver.o [1]
  .rodata            const    0x080085cc     0x4  inv_mpu_dmp_motion_driver.o [1]
  .rodata            const    0x080085d0     0x4  main.o [1]
  .rodata            const    0x080085d4     0x4  usb_desc.o [1]
  .text              ro code  0x080085d8     0x4  startup_stm32f10x_md.o [1]
  .text              ro code  0x080085dc     0x4  startup_stm32f10x_md.o [1]
  .text              ro code  0x080085e0     0x4  startup_stm32f10x_md.o [1]
  .text              ro code  0x080085e4     0x4  startup_stm32f10x_md.o [1]
  .text              ro code  0x080085e8     0x4  startup_stm32f10x_md.o [1]
  .text              ro code  0x080085ec     0x4  startup_stm32f10x_md.o [1]
  .text              ro code  0x080085f0     0x4  startup_stm32f10x_md.o [1]
  .text              ro code  0x080085f4     0x4  startup_stm32f10x_md.o [1]
  .text              ro code  0x080085f8     0x4  startup_stm32f10x_md.o [1]
  .text              ro code  0x080085fc     0x4  startup_stm32f10x_md.o [1]
  .text              ro code  0x08008600     0x4  startup_stm32f10x_md.o [1]
  .text              ro code  0x08008604     0x4  startup_stm32f10x_md.o [1]
  .text              ro code  0x08008608     0x4  startup_stm32f10x_md.o [1]
  .text              ro code  0x0800860c     0x4  startup_stm32f10x_md.o [1]
  .text              ro code  0x08008610     0x4  startup_stm32f10x_md.o [1]
  .text              ro code  0x08008614     0x4  startup_stm32f10x_md.o [1]
  .text              ro code  0x08008618     0x4  startup_stm32f10x_md.o [1]
  .text              ro code  0x0800861c     0x4  startup_stm32f10x_md.o [1]
  .text              ro code  0x08008620     0x4  startup_stm32f10x_md.o [1]
  .text              ro code  0x08008624     0x4  startup_stm32f10x_md.o [1]
  .text              ro code  0x08008628     0x4  startup_stm32f10x_md.o [1]
  .text              ro code  0x0800862c     0x4  startup_stm32f10x_md.o [1]
  .text              ro code  0x08008630     0x4  startup_stm32f10x_md.o [1]
  .text              ro code  0x08008634     0x4  startup_stm32f10x_md.o [1]
  .text              ro code  0x08008638     0x4  startup_stm32f10x_md.o [1]
  .text              ro code  0x0800863c     0x4  startup_stm32f10x_md.o [1]
  .text              ro code  0x08008640     0x4  startup_stm32f10x_md.o [1]
  .text              ro code  0x08008644     0x4  startup_stm32f10x_md.o [1]
  .text              ro code  0x08008648     0x4  startup_stm32f10x_md.o [1]
  .text              ro code  0x0800864c     0x4  startup_stm32f10x_md.o [1]
  .text              ro code  0x08008650     0x4  startup_stm32f10x_md.o [1]
  .text              ro code  0x08008654     0x4  startup_stm32f10x_md.o [1]
  .text              ro code  0x08008658     0x4  startup_stm32f10x_md.o [1]
  .text              ro code  0x0800865c     0x4  startup_stm32f10x_md.o [1]
  .text              ro code  0x08008660     0x4  startup_stm32f10x_md.o [1]
  .text              ro code  0x08008664     0x4  startup_stm32f10x_md.o [1]
  .text              ro code  0x08008668     0x4  startup_stm32f10x_md.o [1]
  .text              ro code  0x0800866c     0x4  startup_stm32f10x_md.o [1]
  .text              ro code  0x08008670     0x4  startup_stm32f10x_md.o [1]
  .text              ro code  0x08008674     0x4  startup_stm32f10x_md.o [1]
  .text              ro code  0x08008678     0x4  startup_stm32f10x_md.o [1]
  .text              ro code  0x0800867c     0x4  startup_stm32f10x_md.o [1]
  .text              ro code  0x08008680     0x4  startup_stm32f10x_md.o [1]
  .text              ro code  0x08008684     0x4  startup_stm32f10x_md.o [1]
  .text              ro code  0x08008688     0x4  startup_stm32f10x_md.o [1]
  .text              ro code  0x0800868c     0x4  startup_stm32f10x_md.o [1]
  .text              ro code  0x08008690     0x4  startup_stm32f10x_md.o [1]
  .text              ro code  0x08008694     0x4  startup_stm32f10x_md.o [1]
  .text              ro code  0x08008698     0x4  startup_stm32f10x_md.o [1]
  .text              ro code  0x0800869c     0x4  startup_stm32f10x_md.o [1]
  .text              ro code  0x080086a0     0x4  startup_stm32f10x_md.o [1]
  .text              ro code  0x080086a4     0x4  startup_stm32f10x_md.o [1]
  .rodata            const    0x080086a8     0x0  bwt_init3c.o [5]
  Initializer bytes  ro data  0x080086a8   0x19c  <for P2 s0>
                            - 0x08008844  0x8758

"P2", part 1 of 3:                         0x19c
  P2 s0                       0x20000000   0x19c  <Init block>
    .data            inited   0x20000000    0x38  inv_mpu.o [1]
    .data            inited   0x20000038    0x30  usb_prop.o [1]
    .data            inited   0x20000068    0x24  usb_prop.o [1]
    .data            inited   0x2000008c    0x20  cpal_i2c_hal_stm32f10x.o [1]
    .data            inited   0x200000ac    0x20  usb_prop.o [1]
    .data            inited   0x200000cc    0x1c  usb_desc.o [1]
    .data            inited   0x200000e8    0x1c  usb_istr.o [1]
    .data            inited   0x20000104    0x1c  usb_istr.o [1]
    .data            inited   0x20000120    0x10  stm32f10x_rcc.o [1]
    .data            inited   0x20000130     0xc  main.o [1]
    .data            inited   0x2000013c     0x8  cpal_i2c_hal_stm32f10x.o [1]
    .data            inited   0x20000144     0x8  cpal_i2c_hal_stm32f10x.o [1]
    .data            inited   0x2000014c     0x8  cpal_i2c_hal_stm32f10x.o [1]
    .data            inited   0x20000154     0x8  cpal_i2c_hal_stm32f10x.o [1]
    .data            inited   0x2000015c     0x8  cpal_i2c_hal_stm32f10x.o [1]
    .data            inited   0x20000164     0x8  cpal_i2c_hal_stm32f10x.o [1]
    .data            inited   0x2000016c     0x8  cpal_i2c_hal_stm32f10x.o [1]
    .data            inited   0x20000174     0x8  usb_prop.o [1]
    .data            inited   0x2000017c     0x8  usb_prop.o [1]
    .data            inited   0x20000184     0x8  usb_prop.o [1]
    .data            inited   0x2000018c     0x4  stm32_CPAL_mpu9150.o [1]
    .data            inited   0x20000190     0x4  stm32f10x_rcc.o [1]
    .data            inited   0x20000194     0x4  system_stm32f10x.o [1]
    .data            inited   0x20000198     0x4  usb_prop.o [1]
                            - 0x2000019c   0x19c

"P2", part 2 of 3:                         0x104
  .bss               zero     0x2000019c    0x40  usb_endp.o [1]
  .bss               zero     0x200001dc    0x2c  cpal_i2c_hal_stm32f10x.o [1]
  .bss               zero     0x20000208    0x1c  usb_init.o [1]
  .bss               zero     0x20000224    0x10  cpal_i2c.o [1]
  .bss               zero     0x20000234    0x10  inv_mpu_dmp_motion_driver.o [1]
  .bss               zero     0x20000244    0x10  main.o [1]
  .bss               zero     0x20000254    0x10  stm32_CPAL_mpu9150.o [1]
  .bss               zero     0x20000264    0x10  stm32_CPAL_mpu9150.o [1]
  .bss               zero     0x20000274     0x4  usb_core.o [1]
  .bss               zero     0x20000278     0x4  usb_endp.o [1]
  .bss               zero     0x2000027c     0x4  usb_init.o [1]
  .bss               zero     0x20000280     0x4  usb_init.o [1]
  .bss               zero     0x20000284     0x4  usb_init.o [1]
  .bss               zero     0x20000288     0x4  usb_pwr.o [1]
  .bss               zero     0x2000028c     0x2  usb_init.o [1]
  .bss               zero     0x2000028e     0x2  usb_int.o [1]
  .bss               zero     0x20000290     0x2  usb_int.o [1]
  .bss               zero     0x20000292     0x2  usb_istr.o [1]
  .bss               zero     0x20000294     0x1  main.o [1]
  .bss               zero     0x20000295     0x1  usb_core.o [1]
  .bss               zero     0x20000296     0x1  usb_init.o [1]
  .bss               zero     0x20000297     0x1  usb_istr.o [1]
  .bss               zero     0x20000298     0x1  usb_prop.o [1]
                            - 0x20000299    0xfd

"P2", part 3 of 3:                         0x800
  CSTACK                      0x200002a0   0x800  <Block>
    CSTACK           uninit   0x200002a0   0x800  <Block tail>
                            - 0x20000aa0   0x800


*******************************************************************************
*** INIT TABLE
***

          Address     Size
          -------     ----
Zero (__iar_zero_init3)
    1 destination range, total size 0xfd:
          0x2000019c   0xfd

Copy (__iar_copy_init3)
    1 source range, total size 0x19c:
          0x080086a8  0x19c
    1 destination range, total size 0x19c:
          0x20000000  0x19c



*******************************************************************************
*** MODULE SUMMARY
***

    Module                        ro code  ro data  rw data
    ------                        -------  -------  -------
D:\Projects\MARG Device\STM32_MPU9150eMPL\Debug\Obj: [1]
    cpal_hal.o                         12
    cpal_i2c.o                      4 460                16
    cpal_i2c_hal_stm32f10x.o        1 256      208      132
    cpal_usercallback_template.o       80
    hw_config.o                       372
    inv_mpu.o                       8 008      156       56
    inv_mpu_dmp_motion_driver.o     3 746    3 142       16
    main.o                          2 196       16       29
    misc.o                            136
    mpu9150_interrupts.o              136
    startup_stm32f10x_md.o            460
    stm32_CPAL_mpu9150.o              380        4       36
    stm32_it.o                         26
    stm32f10x_dma.o                   388
    stm32f10x_exti.o                  204
    stm32f10x_gpio.o                  436
    stm32f10x_i2c.o                   256
    stm32f10x_rcc.o                   388       20       20
    system_stm32f10x.o                344        4        4
    usb_core.o                      3 246                 5
    usb_desc.o                                 192       28
    usb_endp.o                         32                68
    usb_init.o                         64                43
    usb_int.o                         592                 4
    usb_istr.o                        112       56       59
    usb_mem.o                         110
    usb_prop.o                        616      144      145
    usb_pwr.o                          72                 4
    usb_regs.o                        718
    usb_sil.o                          84
    utils.o                            92
    -------------------------------------------------------
    Total:                         29 022    3 942      665

command line: [2]
    -------------------------------------------------------
    Total:

dl7M_tlf.a: [3]
    exit.o                              4
    labs.o                              8
    low_level_init.o                    4
    -------------------------------------------------------
    Total:                             16

m7M_tl.a: [4]
    FltAdd.o                          132
    FltCmpEq.o                         28
    FltCmpLe.o                         36
    FltDiv.o                          252
    FltMul.o                          216
    FltSub.o                          214
    FltToS32.o                         68
    I32ToFlt.o                         50
    -------------------------------------------------------
    Total:                            996

rt7M_tl.a: [5]
    ABImemclr4.o                        6
    ABImemcpy.o                       118
    ABImemset.o                       102
    ABImemset48.o                      50
    I64DivMod.o                       306
    I64DivZer.o                         2
    bwt_init3c.o
    cexit.o                            10
    cmain.o                            22
    copy_init3.o                       46
    cstartup_M.o                       12
    data_init3.o                       44
    memcmp.o                           98
    zero_init3.o                       34
    -------------------------------------------------------
    Total:                            850

shb_l.a: [6]
    exit.o                             20
    -------------------------------------------------------
    Total:                             20

    Gaps                                2
    Linker created                              36    2 048
-----------------------------------------------------------
    Grand Total:                   30 906    3 978    2 713


*******************************************************************************
*** ENTRY LIST
***

Entry                      Address   Size  Type      Object
-----                      -------   ----  ----      ------
?main                   0x08008495         Code  Gb  cmain.o [5]
ADC1_2_IRQHandler       0x08008645         Code  Wk  startup_stm32f10x_md.o [1]
ADCPrescTable           0x20000190    0x4  Data  Lc  stm32f10x_rcc.o [1]
APBAHBPrescTable        0x20000120   0x10  Data  Lc  stm32f10x_rcc.o [1]
BusFault_Handler        0x0800847f    0x2  Code  Gb  stm32_it.o [1]
ByteSwap                0x08006419   0x16  Code  Gb  usb_regs.o [1]
CAN1_RX1_IRQHandler     0x08008651         Code  Wk  startup_stm32f10x_md.o [1]
CAN1_SCE_IRQHandler     0x08008655         Code  Wk  startup_stm32f10x_md.o [1]
CPAL_DMA_InitStructure  0x200001dc   0x2c  Data  Gb  cpal_i2c_hal_stm32f10x.o [1]
CPAL_HAL_NVICInit       0x0800443d    0xc  Code  Gb  cpal_hal.o [1]
CPAL_I2C_CLK            0x08008560    0x8  Data  Gb  cpal_i2c_hal_stm32f10x.o [1]
CPAL_I2C_DEVICE         0x20000144    0x8  Data  Gb  cpal_i2c_hal_stm32f10x.o [1]
CPAL_I2C_DMA            0x2000016c    0x8  Data  Gb  cpal_i2c_hal_stm32f10x.o [1]
CPAL_I2C_DMA_CLK        0x08008580    0x8  Data  Gb  cpal_i2c_hal_stm32f10x.o [1]
CPAL_I2C_DMA_RX_Channel
                        0x20000164    0x8  Data  Gb  cpal_i2c_hal_stm32f10x.o [1]
CPAL_I2C_DMA_RX_HT_FLAG
                        0x080085a8    0x8  Data  Gb  cpal_i2c_hal_stm32f10x.o [1]
CPAL_I2C_DMA_RX_IRQHandler
                        0x0800318f  0x1a8  Code  Gb  cpal_i2c.o [1]
CPAL_I2C_DMA_RX_IRQn    0x080026ca    0x2  Data  Gb  cpal_i2c_hal_stm32f10x.o [1]
CPAL_I2C_DMA_RX_TC_FLAG
                        0x080085a0    0x8  Data  Gb  cpal_i2c_hal_stm32f10x.o [1]
CPAL_I2C_DMA_RX_TE_FLAG
                        0x080085b0    0x8  Data  Gb  cpal_i2c_hal_stm32f10x.o [1]
CPAL_I2C_DMA_TX_Channel
                        0x2000015c    0x8  Data  Gb  cpal_i2c_hal_stm32f10x.o [1]
CPAL_I2C_DMA_TX_HT_FLAG
                        0x08008590    0x8  Data  Gb  cpal_i2c_hal_stm32f10x.o [1]
CPAL_I2C_DMA_TX_IRQHandler
                        0x08002fd3  0x1bc  Code  Gb  cpal_i2c.o [1]
CPAL_I2C_DMA_TX_IRQn    0x08002666    0x2  Data  Gb  cpal_i2c_hal_stm32f10x.o [1]
CPAL_I2C_DMA_TX_TC_FLAG
                        0x08008588    0x8  Data  Gb  cpal_i2c_hal_stm32f10x.o [1]
CPAL_I2C_DMA_TX_TE_FLAG
                        0x08008598    0x8  Data  Gb  cpal_i2c_hal_stm32f10x.o [1]
CPAL_I2C_DR             0x08008568    0x8  Data  Gb  cpal_i2c_hal_stm32f10x.o [1]
CPAL_I2C_DeInit         0x08002885   0x74  Code  Gb  cpal_i2c.o [1]
CPAL_I2C_ERR_UserCallback
                        0x08003f53   0x2a  Code  Gb  cpal_usercallback_template.o [1]
CPAL_I2C_ER_IRQHandler  0x08002eed   0xe6  Code  Gb  cpal_i2c.o [1]
CPAL_I2C_EV_IRQHandler  0x08002e8d   0x60  Code  Gb  cpal_i2c.o [1]
CPAL_I2C_HAL_CLKDeInit  0x0800397f   0x36  Code  Gb  cpal_i2c_hal_stm32f10x.o [1]
CPAL_I2C_HAL_CLKInit    0x08003949   0x36  Code  Gb  cpal_i2c_hal_stm32f10x.o [1]
CPAL_I2C_HAL_DMADeInit  0x08003b8f   0x28  Code  Gb  cpal_i2c_hal_stm32f10x.o [1]
CPAL_I2C_HAL_DMAInit    0x08003a71   0x8e  Code  Gb  cpal_i2c_hal_stm32f10x.o [1]
CPAL_I2C_HAL_DMARXConfig
                        0x08003b47   0x48  Code  Gb  cpal_i2c_hal_stm32f10x.o [1]
CPAL_I2C_HAL_DMATXConfig
                        0x08003aff   0x48  Code  Gb  cpal_i2c_hal_stm32f10x.o [1]
CPAL_I2C_HAL_GPIODeInit
                        0x08003a21   0x50  Code  Gb  cpal_i2c_hal_stm32f10x.o [1]
CPAL_I2C_HAL_GPIOInit   0x080039b5   0x6c  Code  Gb  cpal_i2c_hal_stm32f10x.o [1]
CPAL_I2C_HAL_ITDeInit   0x08003d2f   0x6e  Code  Gb  cpal_i2c_hal_stm32f10x.o [1]
CPAL_I2C_HAL_ITInit     0x08003bb7  0x178  Code  Gb  cpal_i2c_hal_stm32f10x.o [1]
CPAL_I2C_IT_ERR_IRQn    0x08003912    0x2  Data  Gb  cpal_i2c_hal_stm32f10x.o [1]
CPAL_I2C_IT_EVT_IRQn    0x0800390e    0x2  Data  Gb  cpal_i2c_hal_stm32f10x.o [1]
CPAL_I2C_Init           0x0800272b  0x15a  Code  Gb  cpal_i2c.o [1]
CPAL_I2C_IsDeviceReady  0x08002cc5  0x1c8  Code  Gb  cpal_i2c.o [1]
CPAL_I2C_RXTC_UserCallback
                        0x08003f51    0x2  Code  Gb  cpal_usercallback_template.o [1]
CPAL_I2C_Read           0x08002a43  0x282  Code  Gb  cpal_i2c.o [1]
CPAL_I2C_SCL_GPIO_CLK   0x08008570    0x8  Data  Gb  cpal_i2c_hal_stm32f10x.o [1]
CPAL_I2C_SCL_GPIO_PIN   0x080085b8    0x4  Data  Gb  cpal_i2c_hal_stm32f10x.o [1]
CPAL_I2C_SCL_GPIO_PORT  0x2000014c    0x8  Data  Gb  cpal_i2c_hal_stm32f10x.o [1]
CPAL_I2C_SDA_GPIO_CLK   0x08008578    0x8  Data  Gb  cpal_i2c_hal_stm32f10x.o [1]
CPAL_I2C_SDA_GPIO_PIN   0x080085bc    0x4  Data  Gb  cpal_i2c_hal_stm32f10x.o [1]
CPAL_I2C_SDA_GPIO_PORT  0x20000154    0x8  Data  Gb  cpal_i2c_hal_stm32f10x.o [1]
CPAL_I2C_StructInit     0x080028f9   0x6a  Code  Gb  cpal_i2c.o [1]
CPAL_I2C_TXTC_UserCallback
                        0x08003f4f    0x2  Code  Gb  cpal_usercallback_template.o [1]
CPAL_I2C_Timeout        0x080033cb   0x1a  Code  Lc  cpal_i2c.o [1]
CPAL_I2C_Write          0x08002963   0xe0  Code  Gb  cpal_i2c.o [1]
CPAL_TIMEOUT_UserCallback
                        0x08003f31   0x1e  Code  Gb  cpal_usercallback_template.o [1]
CSTACK$$Base            0x200002a0          --   Gb  - Linker created -
CSTACK$$Limit           0x20000aa0          --   Gb  - Linker created -
CTR_LP                  0x08007f21  0x22e  Code  Gb  usb_int.o [1]
ClearDTOG_RX            0x0800629d   0x32  Code  Gb  usb_regs.o [1]
ClearDTOG_TX            0x080062cf   0x32  Code  Gb  usb_regs.o [1]
Clear_Status_Out        0x08006277   0x26  Code  Gb  usb_regs.o [1]
Config_Descriptor       0x20000184    0x8  Data  Gb  usb_prop.o [1]
DMA1_Channel1_IRQHandler
                        0x08008629         Code  Wk  startup_stm32f10x_md.o [1]
DMA1_Channel2_IRQHandler
                        0x0800862d         Code  Wk  startup_stm32f10x_md.o [1]
DMA1_Channel3_IRQHandler
                        0x08008631         Code  Wk  startup_stm32f10x_md.o [1]
DMA1_Channel4_IRQHandler
                        0x08003db3    0xa  Code  Gb  cpal_i2c_hal_stm32f10x.o [1]
DMA1_Channel5_IRQHandler
                        0x08003dbd    0xa  Code  Gb  cpal_i2c_hal_stm32f10x.o [1]
DMA1_Channel6_IRQHandler
                        0x0800863d         Code  Wk  startup_stm32f10x_md.o [1]
DMA1_Channel7_IRQHandler
                        0x08008641         Code  Wk  startup_stm32f10x_md.o [1]
DMA_DeInit              0x080042b9  0x10a  Code  Gb  stm32f10x_dma.o [1]
DMA_Init                0x080043c3   0x3e  Code  Gb  stm32f10x_dma.o [1]
DataStageIn             0x08005a3d   0xca  Code  Lc  usb_core.o [1]
DataStageOut            0x0800597d   0xc0  Code  Lc  usb_core.o [1]
Data_Mul_MaxPacketSize  0x20000295    0x1  Data  Gb  usb_core.o [1]
Data_Setup0             0x08005c6b  0x2d6  Code  Lc  usb_core.o [1]
DebugMon_Handler        0x08008485    0x2  Code  Gb  stm32_it.o [1]
Delay                   0x080021b1   0x14  Code  Gb  utils.o [1]
Delay_ms                0x080021c5   0x48  Code  Gb  utils.o [1]
Device_Descriptor       0x2000017c    0x8  Data  Gb  usb_prop.o [1]
Device_Info             0x20000208   0x1c  Data  Gb  usb_init.o [1]
Device_Property         0x20000038   0x30  Data  Gb  usb_prop.o [1]
Device_Table            0x20000198    0x4  Data  Gb  usb_prop.o [1]
EP1_IN_Callback         0x08008459    0x2  Code  Gb  usb_endp.o [1]
EP3_OUT_Callback        0x0800845b   0x16  Code  Gb  usb_endp.o [1]
EPindex                 0x20000296    0x1  Data  Gb  usb_init.o [1]
EXTI0_IRQHandler        0x08008615         Code  Wk  startup_stm32f10x_md.o [1]
EXTI15_10_IRQHandler    0x080076b7   0x26  Code  Gb  main.o [1]
EXTI1_IRQHandler        0x08008619         Code  Wk  startup_stm32f10x_md.o [1]
EXTI2_IRQHandler        0x0800861d         Code  Wk  startup_stm32f10x_md.o [1]
EXTI3_IRQHandler        0x08008621         Code  Wk  startup_stm32f10x_md.o [1]
EXTI4_IRQHandler        0x08008625         Code  Wk  startup_stm32f10x_md.o [1]
EXTI9_5_IRQHandler      0x08008659         Code  Wk  startup_stm32f10x_md.o [1]
EXTI_ClearITPendingBit  0x08007b39    0x6  Code  Gb  stm32f10x_exti.o [1]
EXTI_GetITStatus        0x08007b11   0x28  Code  Gb  stm32f10x_exti.o [1]
EXTI_Init               0x08007a89   0x88  Code  Gb  stm32f10x_exti.o [1]
FLASH_IRQHandler        0x0800860d         Code  Wk  startup_stm32f10x_md.o [1]
GPIO_EXTILineConfig     0x08004263   0x50  Code  Gb  stm32f10x_gpio.o [1]
GPIO_Init               0x08004105  0x138  Code  Gb  stm32f10x_gpio.o [1]
GPIO_ReadInputDataBit   0x0800423d   0x1a  Code  Gb  stm32f10x_gpio.o [1]
GPIO_ResetBits          0x0800425d    0x6  Code  Gb  stm32f10x_gpio.o [1]
GPIO_SetBits            0x08004257    0x6  Code  Gb  stm32f10x_gpio.o [1]
GetEPRxAddr             0x08006363   0x1a  Code  Gb  usb_regs.o [1]
GetEPRxCount            0x080063e7   0x18  Code  Gb  usb_regs.o [1]
GetEPTxAddr             0x08006349   0x1a  Code  Gb  usb_regs.o [1]
GetEPTxStatus           0x08006207   0x10  Code  Gb  usb_regs.o [1]
Get_SerialNum           0x080079ff   0x30  Code  Gb  hw_config.o [1]
HardFault_Handler       0x0800847b    0x2  Code  Gb  stm32_it.o [1]
I2C1_ER_IRQHandler      0x0800867d         Code  Wk  startup_stm32f10x_md.o [1]
I2C1_EV_IRQHandler      0x08008679         Code  Wk  startup_stm32f10x_md.o [1]
I2C2_DevStructure       0x2000008c   0x20  Data  Gb  cpal_i2c_hal_stm32f10x.o [1]
I2C2_ER_IRQHandler      0x08003da7    0xc  Code  Gb  cpal_i2c_hal_stm32f10x.o [1]
I2C2_EV_IRQHandler      0x08003d9d    0xa  Code  Gb  cpal_i2c_hal_stm32f10x.o [1]
I2C_DevStructures       0x2000013c    0x8  Data  Gb  cpal_i2c_hal_stm32f10x.o [1]
I2C_Enable_DMA_IT       0x0800370b  0x102  Code  Lc  cpal_i2c.o [1]
I2C_IT_DMARX_PREPRIO    0x08007912    0x2  Data  Gb  cpal_i2c_hal_stm32f10x.o [1]
I2C_IT_DMARX_SUBPRIO    0x08008492    0x2  Data  Gb  cpal_i2c_hal_stm32f10x.o [1]
I2C_IT_DMATX_PREPRIO    0x080054ae    0x2  Data  Gb  cpal_i2c_hal_stm32f10x.o [1]
I2C_IT_DMATX_SUBPRIO    0x0800615e    0x2  Data  Gb  cpal_i2c_hal_stm32f10x.o [1]
I2C_IT_ERR_PREPRIO      0x080053ce    0x2  Data  Gb  cpal_i2c_hal_stm32f10x.o [1]
I2C_IT_ERR_SUBPRIO      0x08005446    0x2  Data  Gb  cpal_i2c_hal_stm32f10x.o [1]
I2C_IT_EVT_PREPRIO      0x08003946    0x2  Data  Gb  cpal_i2c_hal_stm32f10x.o [1]
I2C_IT_EVT_SUBPRIO      0x08005372    0x2  Data  Gb  cpal_i2c_hal_stm32f10x.o [1]
I2C_Init                0x08003e31   0xf2  Code  Gb  stm32f10x_i2c.o [1]
I2C_InitStructure       0x20000224   0x10  Data  Gb  cpal_i2c.o [1]
I2C_MASTER_ADDR_Handle  0x0800344d  0x116  Code  Lc  cpal_i2c.o [1]
I2C_MASTER_RXNE_Handle  0x08003571  0x19a  Code  Lc  cpal_i2c.o [1]
I2C_MASTER_START_Handle
                        0x080033e5   0x50  Code  Lc  cpal_i2c.o [1]
In0_Process             0x08005fd7   0x68  Code  Gb  usb_core.o [1]
IntToUnicode            0x08007a49   0x40  Code  Lc  hw_config.o [1]
MPU9150_Config          0x08002035    0xc  Code  Gb  stm32_CPAL_mpu9150.o [1]
MPU9150_DeInit          0x08002041    0xa  Code  Gb  stm32_CPAL_mpu9150.o [1]
MPU9150_GetStatus       0x0800216f   0x2e  Code  Gb  stm32_CPAL_mpu9150.o [1]
MPU9150_Get_INTpin_State
                        0x08007bcb    0xe  Code  Gb  mpu9150_interrupts.o [1]
MPU9150_Init            0x08002077    0xa  Code  Lc  stm32_CPAL_mpu9150.o [1]
MPU9150_Interrupt_Cmd   0x08007ba7   0x24  Code  Gb  mpu9150_interrupts.o [1]
MPU9150_Interrupt_Init  0x08007b55   0x52  Code  Gb  mpu9150_interrupts.o [1]
MPU9150_RXTransfer      0x20000264   0x10  Data  Gb  stm32_CPAL_mpu9150.o [1]
MPU9150_Status          0x08002157   0x18  Code  Lc  stm32_CPAL_mpu9150.o [1]
MPU9150_StructInit      0x0800204b   0x2c  Code  Lc  stm32_CPAL_mpu9150.o [1]
MPU9150_TXTransfer      0x20000254   0x10  Data  Gb  stm32_CPAL_mpu9150.o [1]
MPU9150_Timeout         0x2000018c    0x4  Data  Gb  stm32_CPAL_mpu9150.o [1]
MemManage_Handler       0x0800847d    0x2  Code  Gb  stm32_it.o [1]
NMI_Handler             0x08008479    0x2  Code  Gb  stm32_it.o [1]
NOP_Process             0x0800615d    0x2  Code  Gb  usb_core.o [1]
NVIC_Init               0x08004453   0x68  Code  Gb  misc.o [1]
NVIC_PriorityGroupConfig
                        0x08004449    0xa  Code  Gb  misc.o [1]
NVIC_SetPriority        0x080026cd   0x26  Code  Lc  cpal_i2c.o [1]
NoData_Setup0           0x08005b07  0x164  Code  Lc  usb_core.o [1]
Out0_Process            0x0800603f   0x4e  Code  Gb  usb_core.o [1]
PMAToUserBufferCopy     0x0800646f   0x2e  Code  Gb  usb_mem.o [1]
PVD_IRQHandler          0x08008601         Code  Wk  startup_stm32f10x_md.o [1]
PendSV_Handler          0x08008487    0x2  Code  Gb  stm32_it.o [1]
Post0_Process           0x08006099   0x3c  Code  Gb  usb_core.o [1]
PowerOn                 0x08007e85   0x3a  Code  Gb  usb_pwr.o [1]
RCC_AHBPeriphClockCmd   0x08004063   0x1e  Code  Gb  stm32f10x_rcc.o [1]
RCC_APB1PeriphClockCmd  0x0800409f   0x1e  Code  Gb  stm32f10x_rcc.o [1]
RCC_APB1PeriphResetCmd  0x080040bd   0x1e  Code  Gb  stm32f10x_rcc.o [1]
RCC_APB2PeriphClockCmd  0x08004081   0x1e  Code  Gb  stm32f10x_rcc.o [1]
RCC_GetClocksFreq       0x08003f87   0xdc  Code  Gb  stm32f10x_rcc.o [1]
RCC_IRQHandler          0x08008611         Code  Wk  startup_stm32f10x_md.o [1]
RCC_USBCLKConfig        0x08003f81    0x6  Code  Gb  stm32f10x_rcc.o [1]
RTCAlarm_IRQHandler     0x080086a1         Code  Wk  startup_stm32f10x_md.o [1]
RTC_IRQHandler          0x08008609         Code  Wk  startup_stm32f10x_md.o [1]
Region$$Table$$Base     0x08008434          --   Gb  - Linker created -
Region$$Table$$Limit    0x08008458          --   Gb  - Linker created -
Request                 0x20000298    0x1  Data  Gb  usb_prop.o [1]
Reset_Handler           0x08008509         Code  Wk  startup_stm32f10x_md.o [1]
SPI1_IRQHandler         0x08008689         Code  Wk  startup_stm32f10x_md.o [1]
SPI2_IRQHandler         0x0800868d         Code  Wk  startup_stm32f10x_md.o [1]
SVC_Handler             0x08008483    0x2  Code  Gb  stm32_it.o [1]
SaveRState              0x2000028e    0x2  Data  Gb  usb_int.o [1]
SaveTState              0x20000290    0x2  Data  Gb  usb_int.o [1]
SetBTABLE               0x08006161    0xe  Code  Gb  usb_regs.o [1]
SetDeviceAddress        0x080060d5   0x48  Code  Gb  usb_core.o [1]
SetEPRxAddr             0x08006325   0x24  Code  Gb  usb_regs.o [1]
SetEPRxCount            0x08006397   0x50  Code  Gb  usb_regs.o [1]
SetEPRxStatus           0x080061cb   0x3c  Code  Gb  usb_regs.o [1]
SetEPRxValid            0x08006247   0x30  Code  Gb  usb_regs.o [1]
SetEPTxAddr             0x08006301   0x24  Code  Gb  usb_regs.o [1]
SetEPTxCount            0x0800637d   0x1a  Code  Gb  usb_regs.o [1]
SetEPTxStatus           0x0800618f   0x3c  Code  Gb  usb_regs.o [1]
SetEPTxValid            0x08006217   0x30  Code  Gb  usb_regs.o [1]
SetEPType               0x0800616f   0x20  Code  Gb  usb_regs.o [1]
SetSysClock             0x080081c5    0x8  Code  Lc  system_stm32f10x.o [1]
SetSysClockTo72         0x080081cd   0xe0  Code  Lc  system_stm32f10x.o [1]
Set_System              0x08007915   0x2a  Code  Gb  hw_config.o [1]
Set_USBClock            0x0800793f   0x14  Code  Gb  hw_config.o [1]
Setup0_Process          0x08005f41   0x96  Code  Gb  usb_core.o [1]
Standard_ClearFeature   0x080056f5  0x16e  Code  Gb  usb_core.o [1]
Standard_GetConfiguration
                        0x080054b1   0x2c  Code  Gb  usb_core.o [1]
Standard_GetDescriptorData
                        0x08005951   0x2c  Code  Gb  usb_core.o [1]
Standard_GetInterface   0x0800552b   0x2c  Code  Gb  usb_core.o [1]
Standard_GetStatus      0x080055db  0x11a  Code  Gb  usb_core.o [1]
Standard_SetConfiguration
                        0x080054dd   0x4e  Code  Gb  usb_core.o [1]
Standard_SetDeviceFeature
                        0x0800592d   0x24  Code  Gb  usb_core.o [1]
Standard_SetEndPointFeature
                        0x08005863   0xca  Code  Gb  usb_core.o [1]
Standard_SetInterface   0x08005557   0x84  Code  Gb  usb_core.o [1]
StatusInfo              0x20000274    0x4  Data  Gb  usb_core.o [1]
Stm32MPU9150test        0x080076dd  0x204  Code  Gb  main.o [1]
String_Descriptor       0x200000ac   0x20  Data  Gb  usb_prop.o [1]
SysTick_Config          0x080026f3   0x38  Code  Lc  cpal_i2c.o [1]
SysTick_Handler         0x08003337   0x94  Code  Gb  cpal_i2c.o [1]
SystemCoreClock         0x20000194    0x4  Data  Gb  system_stm32f10x.o [1]
SystemInit              0x08008171   0x54  Code  Gb  system_stm32f10x.o [1]
TAMPER_IRQHandler       0x08008605         Code  Wk  startup_stm32f10x_md.o [1]
TIM1_BRK_IRQHandler     0x0800865d         Code  Wk  startup_stm32f10x_md.o [1]
TIM1_CC_IRQHandler      0x08008669         Code  Wk  startup_stm32f10x_md.o [1]
TIM1_TRG_COM_IRQHandler
                        0x08008665         Code  Wk  startup_stm32f10x_md.o [1]
TIM1_UP_IRQHandler      0x08008661         Code  Wk  startup_stm32f10x_md.o [1]
TIM2_IRQHandler         0x0800866d         Code  Wk  startup_stm32f10x_md.o [1]
TIM3_IRQHandler         0x08008671         Code  Wk  startup_stm32f10x_md.o [1]
TIM4_IRQHandler         0x08008675         Code  Wk  startup_stm32f10x_md.o [1]
USART1_IRQHandler       0x08008491    0x2  Code  Gb  stm32_it.o [1]
USART2_IRQHandler       0x08008695         Code  Wk  startup_stm32f10x_md.o [1]
USART3_IRQHandler       0x08008699         Code  Wk  startup_stm32f10x_md.o [1]
USBWakeUp_IRQHandler    0x080086a5         Code  Wk  startup_stm32f10x_md.o [1]
USB_Cable_Config        0x0800797d   0x22  Code  Gb  hw_config.o [1]
USB_HP_CAN1_TX_IRQHandler
                        0x08008649         Code  Wk  startup_stm32f10x_md.o [1]
USB_Init                0x08007bdd   0x40  Code  Gb  usb_init.o [1]
USB_Interrupts_Config   0x08007953   0x2a  Code  Gb  hw_config.o [1]
USB_Istr                0x080082c9   0x70  Code  Gb  usb_istr.o [1]
USB_LP_CAN1_RX0_IRQHandler
                        0x08008489    0x8  Code  Gb  stm32_it.o [1]
USB_Rx_Buffer           0x2000019c   0x40  Data  Gb  usb_endp.o [1]
USB_SIL_Init            0x08007ecd   0x1a  Code  Gb  usb_sil.o [1]
USB_SIL_Read            0x08007ef5   0x2c  Code  Gb  usb_sil.o [1]
UsageFault_Handler      0x08008481    0x2  Code  Gb  stm32_it.o [1]
UserToPMABufferCopy     0x0800642f   0x40  Code  Gb  usb_mem.o [1]
User_Standard_Requests  0x20000068   0x24  Data  Gb  usb_prop.o [1]
Virtual_Com_Port_ConfigDescriptor
                        0x08008338   0x44  Data  Gb  usb_desc.o [1]
Virtual_Com_Port_Data_Setup
                        0x08007d41   0x64  Code  Gb  usb_prop.o [1]
Virtual_Com_Port_DeviceDescriptor
                        0x080084d4   0x14  Data  Gb  usb_desc.o [1]
Virtual_Com_Port_GetConfigDescriptor
                        0x08007ddd   0x10  Code  Gb  usb_prop.o [1]
Virtual_Com_Port_GetDeviceDescriptor
                        0x08007dcd   0x10  Code  Gb  usb_prop.o [1]
Virtual_Com_Port_GetLineCoding
                        0x08007e2d   0x18  Code  Gb  usb_prop.o [1]
Virtual_Com_Port_GetStringDescriptor
                        0x08007ded   0x26  Code  Gb  usb_prop.o [1]
Virtual_Com_Port_Get_Interface_Setting
                        0x08007e13   0x1a  Code  Gb  usb_prop.o [1]
Virtual_Com_Port_NoData_Setup
                        0x08007da5   0x28  Code  Gb  usb_prop.o [1]
Virtual_Com_Port_Reset  0x08007c3b   0xdc  Code  Gb  usb_prop.o [1]
Virtual_Com_Port_SetConfiguration
                        0x08007d17   0x10  Code  Gb  usb_prop.o [1]
Virtual_Com_Port_SetDeviceAddress
                        0x08007d27    0x8  Code  Gb  usb_prop.o [1]
Virtual_Com_Port_SetLineCoding
                        0x08007e45   0x18  Code  Gb  usb_prop.o [1]
Virtual_Com_Port_Status_In
                        0x08007d2f   0x10  Code  Gb  usb_prop.o [1]
Virtual_Com_Port_Status_Out
                        0x08007d3f    0x2  Code  Gb  usb_prop.o [1]
Virtual_Com_Port_StringLangID
                        0x080085d4    0x4  Data  Gb  usb_desc.o [1]
Virtual_Com_Port_StringProduct
                        0x0800837c   0x38  Data  Gb  usb_desc.o [1]
Virtual_Com_Port_StringSerial
                        0x200000cc   0x1c  Data  Gb  usb_desc.o [1]
Virtual_Com_Port_StringVendor
                        0x080084f8   0x10  Data  Gb  usb_desc.o [1]
Virtual_Com_Port_init   0x08007c1d   0x1e  Code  Gb  usb_prop.o [1]
Virtual_Com_Write_Buffer
                        0x0800799f   0x60  Code  Gb  hw_config.o [1]
WWDG_IRQHandler         0x080085fd         Code  Wk  startup_stm32f10x_md.o [1]
__aeabi_cfcmpeq         0x08002449         Code  Gb  FltCmpEq.o [4]
__aeabi_cfcmple         0x080024e9         Code  Gb  FltCmpLe.o [4]
__aeabi_f2iz            0x08005375         Code  Gb  FltToS32.o [4]
__aeabi_fadd            0x08002465         Code  Gb  FltAdd.o [4]
__aeabi_fdiv            0x0800234d         Code  Gb  FltDiv.o [4]
__aeabi_fmul            0x0800220d         Code  Gb  FltMul.o [4]
__aeabi_i2f             0x080022ed         Code  Gb  I32ToFlt.o [4]
__aeabi_ldiv0           0x08003911         Code  Gb  I64DivZer.o [5]
__aeabi_ldivmod         0x0800250d         Code  Gb  I64DivMod.o [5]
__aeabi_memclr4         0x08002661         Code  Gb  ABImemclr4.o [5]
__aeabi_memcpy          0x080053d1         Code  Gb  ABImemcpy.o [5]
__aeabi_memcpy4         0x080053f1         Code  Gb  ABImemcpy.o [5]
__aeabi_memcpy8         0x080053f1         Code  Gb  ABImemcpy.o [5]
__aeabi_memset          0x08005449         Code  Gb  ABImemset.o [5]
__aeabi_ui2f            0x08002301         Code  Gb  I32ToFlt.o [4]
__aeabi_uldivmod        0x08002551         Code  Gb  I64DivMod.o [5]
__cmain                 0x08008495         Code  Gb  cmain.o [5]
__exit                  0x080084c1   0x14  Code  Gb  exit.o [6]
__iar_Memset            0x08005449         Code  Gb  ABImemset.o [5]
__iar_Memset4_word      0x08003915         Code  Gb  ABImemset48.o [5]
__iar_Memset8_word      0x08003915         Code  Gb  ABImemset48.o [5]
__iar_Memset_word       0x08005451         Code  Gb  ABImemset.o [5]
__iar_SB                0x080086a8         Data  Gb  bwt_init3c.o [5]
__iar_copy_init3        0x0800231f   0x2e  Code  Gb  copy_init3.o [5]
__iar_data_init3        0x080083e1   0x2c  Code  Gb  data_init3.o [5]
__iar_fadd              0x08002475         Code  Gb  FltAdd.o [4]
__iar_fsub              0x08003839         Code  Gb  FltSub.o [4]
__iar_fsubStart         0x08003849         Code  Gb  FltSub.o [4]
__iar_program_start     0x08008555         Code  Gb  cstartup_M.o [5]
__iar_ui2f              0x08002305         Code  Gb  I32ToFlt.o [4]
__iar_zero_init3        0x0800263f   0x22  Code  Gb  zero_init3.o [5]
__low_level_init        0x080084ab    0x4  Code  Gb  low_level_init.o [3]
__vector_table          0x08000000         Data  Gb  startup_stm32f10x_md.o [1]
_call_main              0x080084a1         Code  Gb  cmain.o [5]
_exit                   0x080084b5         Code  Gb  cexit.o [5]
_main                   0x080084a7         Code  Gb  cmain.o [5]
accel_self_test         0x0800120d   0x9c  Code  Lc  inv_mpu.o [1]
android_orient_cb       0x080072f5    0xc  Code  Lc  main.o [1]
bDeviceState            0x20000288    0x4  Data  Gb  usb_pwr.o [1]
bIntPackSOF             0x20000297    0x1  Data  Gb  usb_istr.o [1]
compass_self_test       0x080013a9  0x158  Code  Lc  inv_mpu.o [1]
count_out               0x20000278    0x4  Data  Gb  usb_endp.o [1]
decode_gesture          0x08005025   0x66  Code  Lc  inv_mpu_dmp_motion_driver.o [1]
dmp                     0x20000234   0x10  Data  Lc  inv_mpu_dmp_motion_driver.o [1]
dmp_enable_6x_lp_quat   0x08004fe3   0x42  Code  Gb  inv_mpu_dmp_motion_driver.o [1]
dmp_enable_feature      0x08004d2b  0x230  Code  Gb  inv_mpu_dmp_motion_driver.o [1]
dmp_enable_gyro_cal     0x08004f5b   0x46  Code  Gb  inv_mpu_dmp_motion_driver.o [1]
dmp_enable_lp_quat      0x08004fa1   0x42  Code  Gb  inv_mpu_dmp_motion_driver.o [1]
dmp_get_fifo_rate       0x08004937    0xe  Code  Gb  inv_mpu_dmp_motion_driver.o [1]
dmp_get_pedometer_step_count
                        0x08004c39   0x48  Code  Gb  inv_mpu_dmp_motion_driver.o [1]
dmp_get_pedometer_walk_time
                        0x08004cad   0x4c  Code  Gb  inv_mpu_dmp_motion_driver.o [1]
dmp_load_motion_driver_firmware
                        0x080044d1   0x18  Code  Gb  inv_mpu_dmp_motion_driver.o [1]
dmp_memory              0x0800649c  0xbf8  Data  Lc  inv_mpu_dmp_motion_driver.o [1]
dmp_read_fifo           0x080050f5  0x224  Code  Gb  inv_mpu_dmp_motion_driver.o [1]
dmp_register_android_orient_cb
                        0x08005323    0xa  Code  Gb  inv_mpu_dmp_motion_driver.o [1]
dmp_register_tap_cb     0x08005319    0xa  Code  Gb  inv_mpu_dmp_motion_driver.o [1]
dmp_set_accel_bias      0x0800477d  0x148  Code  Gb  inv_mpu_dmp_motion_driver.o [1]
dmp_set_fifo_rate       0x080048c5   0x72  Code  Gb  inv_mpu_dmp_motion_driver.o [1]
dmp_set_gyro_bias       0x08004637  0x146  Code  Gb  inv_mpu_dmp_motion_driver.o [1]
dmp_set_interrupt_mode  0x0800508b   0x4e  Code  Gb  inv_mpu_dmp_motion_driver.o [1]
dmp_set_orientation     0x080044e9  0x14e  Code  Gb  inv_mpu_dmp_motion_driver.o [1]
dmp_set_pedometer_step_count
                        0x08004c81   0x2c  Code  Gb  inv_mpu_dmp_motion_driver.o [1]
dmp_set_pedometer_walk_time
                        0x08004cf9   0x32  Code  Gb  inv_mpu_dmp_motion_driver.o [1]
dmp_set_shake_reject_thresh
                        0x08004ba9   0x3c  Code  Gb  inv_mpu_dmp_motion_driver.o [1]
dmp_set_shake_reject_time
                        0x08004be5   0x2a  Code  Gb  inv_mpu_dmp_motion_driver.o [1]
dmp_set_shake_reject_timeout
                        0x08004c0f   0x2a  Code  Gb  inv_mpu_dmp_motion_driver.o [1]
dmp_set_tap_axes        0x08004adb   0x4a  Code  Gb  inv_mpu_dmp_motion_driver.o [1]
dmp_set_tap_count       0x08004b25   0x30  Code  Gb  inv_mpu_dmp_motion_driver.o [1]
dmp_set_tap_thresh      0x08004945  0x196  Code  Gb  inv_mpu_dmp_motion_driver.o [1]
dmp_set_tap_time        0x08004b55   0x2a  Code  Gb  inv_mpu_dmp_motion_driver.o [1]
dmp_set_tap_time_multi  0x08004b7f   0x2a  Code  Gb  inv_mpu_dmp_motion_driver.o [1]
exit                    0x080084af    0x4  Code  Gb  exit.o [3]
get_accel_prod_shift    0x08001145   0xc8  Code  Lc  inv_mpu.o [1]
get_st_biases           0x08001511  0x486  Code  Lc  inv_mpu.o [1]
gyro_orientation        0x20000130    0xc  Data  Lc  main.o [1]
gyro_self_test          0x080012a9  0x100  Code  Lc  inv_mpu.o [1]
hal                     0x20000244   0x10  Data  Lc  main.o [1]
handle_input            0x0800739f  0x318  Code  Lc  main.o [1]
hw                      0x080084e8   0x10  Data  Gb  inv_mpu.o [1]
inv_orientation_matrix_to_scalar
                        0x08007277   0x2a  Code  Lc  main.o [1]
inv_row_2_scale         0x08007219   0x5e  Code  Lc  main.o [1]
labs                    0x080022e5    0x8  Code  Gb  labs.o [3]
linecoding              0x20000174    0x8  Data  Gb  usb_prop.o [1]
main                    0x08007909    0xa  Code  Gb  main.o [1]
memcmp                  0x08002669         Code  Gb  memcmp.o [5]
memcpy                  0x0800535d   0x16  Code  Gb  inv_mpu_dmp_motion_driver.o [1]
memset                  0x080053b9   0x16  Code  Gb  main.o [1]
mpu_configure_fifo      0x08000991   0x84  Code  Gb  inv_mpu.o [1]
mpu_get_accel_fsr       0x080005b3   0x4a  Code  Gb  inv_mpu.o [1]
mpu_get_accel_sens      0x08000935   0x50  Code  Gb  inv_mpu.o [1]
mpu_get_fifo_config     0x08000985    0xc  Code  Gb  inv_mpu.o [1]
mpu_get_gyro_fsr        0x080004d3   0x3e  Code  Gb  inv_mpu.o [1]
mpu_get_gyro_sens       0x080008f5   0x40  Code  Gb  inv_mpu.o [1]
mpu_get_lpf             0x08000699   0x4c  Code  Gb  inv_mpu.o [1]
mpu_get_sample_rate     0x0800077f   0x20  Code  Gb  inv_mpu.o [1]
mpu_load_firmware       0x08001c35   0xfc  Code  Gb  inv_mpu.o [1]
mpu_lp_accel_mode       0x080001a9   0xfe  Code  Gb  inv_mpu.o [1]
mpu_lp_motion_interrupt
                        0x08001df5  0x228  Code  Gb  inv_mpu.o [1]
mpu_read_fifo           0x08000bb1  0x28c  Code  Gb  inv_mpu.o [1]
mpu_read_fifo_stream    0x08000e3d   0xe6  Code  Gb  inv_mpu.o [1]
mpu_read_mem            0x08001b9f   0x96  Code  Gb  inv_mpu.o [1]
mpu_reset_fifo          0x080002a7  0x22c  Code  Gb  inv_mpu.o [1]
mpu_run_self_test       0x0800199d  0x16c  Code  Gb  inv_mpu.o [1]
mpu_set_accel_fsr       0x080005fd   0x9c  Code  Gb  inv_mpu.o [1]
mpu_set_bypass          0x08000f23  0x196  Code  Gb  inv_mpu.o [1]
mpu_set_compass_sample_rate
                        0x08000883   0x72  Code  Gb  inv_mpu.o [1]
mpu_set_dmp_state       0x08001d31   0xa8  Code  Gb  inv_mpu.o [1]
mpu_set_gyro_fsr        0x08000511   0xa2  Code  Gb  inv_mpu.o [1]
mpu_set_int_latched     0x080010bd   0x88  Code  Gb  inv_mpu.o [1]
mpu_set_lpf             0x080006e5   0x9a  Code  Gb  inv_mpu.o [1]
mpu_set_sample_rate     0x080007a5   0xde  Code  Gb  inv_mpu.o [1]
mpu_set_sensors         0x08000a15  0x196  Code  Gb  inv_mpu.o [1]
mpu_write_mem           0x08001b09   0x96  Code  Gb  inv_mpu.o [1]
pEpInt_IN               0x200000e8   0x1c  Data  Gb  usb_istr.o [1]
pEpInt_OUT              0x20000104   0x1c  Data  Gb  usb_istr.o [1]
pInformation            0x2000027c    0x4  Data  Gb  usb_init.o [1]
pProperty               0x20000280    0x4  Data  Gb  usb_init.o [1]
pUser_Standard_Requests
                        0x20000284    0x4  Data  Gb  usb_init.o [1]
reg                     0x080083b4   0x2c  Data  Gb  inv_mpu.o [1]
run_self_test           0x08007303   0x9c  Code  Lc  main.o [1]
rx_new                  0x20000294    0x1  Data  Gb  main.o [1]
sStartAddress           0x080084b2    0x2  Data  Lc  inv_mpu_dmp_motion_driver.o [1]
send_packet             0x08007095  0x184  Code  Gb  main.o [1]
set_int_enable          0x080000ed   0xbc  Code  Lc  inv_mpu.o [1]
setup_gyro              0x080072a1   0x3c  Code  Lc  main.o [1]
st                      0x20000000   0x38  Data  Lc  inv_mpu.o [1]
stm32_i2c_read          0x080020e7   0x70  Code  Gb  stm32_CPAL_mpu9150.o [1]
stm32_i2c_write         0x08002081   0x66  Code  Gb  stm32_CPAL_mpu9150.o [1]
stm32_reset             0x08007301    0x2  Code  Lc  main.o [1]
tap_cb                  0x080072dd   0x18  Code  Lc  main.o [1]
test                    0x0800840c   0x28  Data  Gb  inv_mpu.o [1]
wInterrupt_Mask         0x2000028c    0x2  Data  Gb  usb_init.o [1]
wIstr                   0x20000292    0x2  Data  Gb  usb_istr.o [1]


[1] = D:\Projects\MARG Device\STM32_MPU9150eMPL\Debug\Obj
[2] = command line
[3] = dl7M_tlf.a
[4] = m7M_tl.a
[5] = rt7M_tl.a
[6] = shb_l.a

  30 906 bytes of readonly  code memory
   3 978 bytes of readonly  data memory
   2 713 bytes of readwrite data memory

Errors: none
Warnings: none
