###############################################################################
#                                                                             #
# IAR ELF Linker V6.30.6.53336/W32 for ARM              25/Aug/2013  13:58:20 #
# Copyright 2007-2012 IAR Systems AB.                                         #
#                                                                             #
#    Output file  =  D:\Projects\MARG Device\STM32_MPU9150eMPL\Debug\Exe\STM3 #
#                    2_MPU9150eMPL.out                                        #
#    Map file     =  D:\Projects\MARG Device\STM32_MPU9150eMPL\Debug\List\STM #
#                    32_MPU9150eMPL.map                                       #
#    Command line =  "D:\Projects\MARG Device\STM32_MPU9150eMPL\Debug\Obj\cpa #
#                    l_hal.o" "D:\Projects\MARG Device\STM32_MPU9150eMPL\Debu #
#                    g\Obj\cpal_i2c.o" "D:\Projects\MARG                      #
#                    Device\STM32_MPU9150eMPL\Debug\Obj\cpal_i2c_hal_stm32f10 #
#                    x.o" "D:\Projects\MARG Device\STM32_MPU9150eMPL\Debug\Ob #
#                    j\cpal_usercallback_template.o" "D:\Projects\MARG        #
#                    Device\STM32_MPU9150eMPL\Debug\Obj\hw_config.o"          #
#                    "D:\Projects\MARG Device\STM32_MPU9150eMPL\Debug\Obj\inv #
#                    _mpu.o" "D:\Projects\MARG Device\STM32_MPU9150eMPL\Debug #
#                    \Obj\inv_mpu_dmp_motion_driver.o" "D:\Projects\MARG      #
#                    Device\STM32_MPU9150eMPL\Debug\Obj\main.o"               #
#                    "D:\Projects\MARG Device\STM32_MPU9150eMPL\Debug\Obj\mis #
#                    c.o" "D:\Projects\MARG Device\STM32_MPU9150eMPL\Debug\Ob #
#                    j\mpu9150_interrupts.o" "D:\Projects\MARG                #
#                    Device\STM32_MPU9150eMPL\Debug\Obj\otgd_fs_cal.o"        #
#                    "D:\Projects\MARG Device\STM32_MPU9150eMPL\Debug\Obj\otg #
#                    d_fs_dev.o" "D:\Projects\MARG                            #
#                    Device\STM32_MPU9150eMPL\Debug\Obj\otgd_fs_int.o"        #
#                    "D:\Projects\MARG Device\STM32_MPU9150eMPL\Debug\Obj\otg #
#                    d_fs_pcd.o" "D:\Projects\MARG                            #
#                    Device\STM32_MPU9150eMPL\Debug\Obj\startup_stm32f10x_md. #
#                    o" "D:\Projects\MARG Device\STM32_MPU9150eMPL\Debug\Obj\ #
#                    stm32_CPAL_mpu9150.o" "D:\Projects\MARG                  #
#                    Device\STM32_MPU9150eMPL\Debug\Obj\stm32_it.o"           #
#                    "D:\Projects\MARG Device\STM32_MPU9150eMPL\Debug\Obj\stm #
#                    32f10x_adc.o" "D:\Projects\MARG                          #
#                    Device\STM32_MPU9150eMPL\Debug\Obj\stm32f10x_bkp.o"      #
#                    "D:\Projects\MARG Device\STM32_MPU9150eMPL\Debug\Obj\stm #
#                    32f10x_can.o" "D:\Projects\MARG                          #
#                    Device\STM32_MPU9150eMPL\Debug\Obj\stm32f10x_cec.o"      #
#                    "D:\Projects\MARG Device\STM32_MPU9150eMPL\Debug\Obj\stm #
#                    32f10x_crc.o" "D:\Projects\MARG                          #
#                    Device\STM32_MPU9150eMPL\Debug\Obj\stm32f10x_dac.o"      #
#                    "D:\Projects\MARG Device\STM32_MPU9150eMPL\Debug\Obj\stm #
#                    32f10x_dbgmcu.o" "D:\Projects\MARG                       #
#                    Device\STM32_MPU9150eMPL\Debug\Obj\stm32f10x_dma.o"      #
#                    "D:\Projects\MARG Device\STM32_MPU9150eMPL\Debug\Obj\stm #
#                    32f10x_exti.o" "D:\Projects\MARG                         #
#                    Device\STM32_MPU9150eMPL\Debug\Obj\stm32f10x_flash.o"    #
#                    "D:\Projects\MARG Device\STM32_MPU9150eMPL\Debug\Obj\stm #
#                    32f10x_fsmc.o" "D:\Projects\MARG                         #
#                    Device\STM32_MPU9150eMPL\Debug\Obj\stm32f10x_gpio.o"     #
#                    "D:\Projects\MARG Device\STM32_MPU9150eMPL\Debug\Obj\stm #
#                    32f10x_i2c.o" "D:\Projects\MARG                          #
#                    Device\STM32_MPU9150eMPL\Debug\Obj\stm32f10x_iwdg.o"     #
#                    "D:\Projects\MARG Device\STM32_MPU9150eMPL\Debug\Obj\stm #
#                    32f10x_pwr.o" "D:\Projects\MARG                          #
#                    Device\STM32_MPU9150eMPL\Debug\Obj\stm32f10x_rcc.o"      #
#                    "D:\Projects\MARG Device\STM32_MPU9150eMPL\Debug\Obj\stm #
#                    32f10x_rtc.o" "D:\Projects\MARG                          #
#                    Device\STM32_MPU9150eMPL\Debug\Obj\stm32f10x_sdio.o"     #
#                    "D:\Projects\MARG Device\STM32_MPU9150eMPL\Debug\Obj\stm #
#                    32f10x_spi.o" "D:\Projects\MARG                          #
#                    Device\STM32_MPU9150eMPL\Debug\Obj\stm32f10x_tim.o"      #
#                    "D:\Projects\MARG Device\STM32_MPU9150eMPL\Debug\Obj\stm #
#                    32f10x_usart.o" "D:\Projects\MARG                        #
#                    Device\STM32_MPU9150eMPL\Debug\Obj\stm32f10x_wwdg.o"     #
#                    "D:\Projects\MARG Device\STM32_MPU9150eMPL\Debug\Obj\sys #
#                    tem_stm32f10x.o" "D:\Projects\MARG                       #
#                    Device\STM32_MPU9150eMPL\Debug\Obj\usb_core.o"           #
#                    "D:\Projects\MARG Device\STM32_MPU9150eMPL\Debug\Obj\usb #
#                    _desc.o" "D:\Projects\MARG Device\STM32_MPU9150eMPL\Debu #
#                    g\Obj\usb_endp.o" "D:\Projects\MARG                      #
#                    Device\STM32_MPU9150eMPL\Debug\Obj\usb_init.o"           #
#                    "D:\Projects\MARG Device\STM32_MPU9150eMPL\Debug\Obj\usb #
#                    _int.o" "D:\Projects\MARG Device\STM32_MPU9150eMPL\Debug #
#                    \Obj\usb_istr.o" "D:\Projects\MARG                       #
#                    Device\STM32_MPU9150eMPL\Debug\Obj\usb_mem.o"            #
#                    "D:\Projects\MARG Device\STM32_MPU9150eMPL\Debug\Obj\usb #
#                    _prop.o" "D:\Projects\MARG Device\STM32_MPU9150eMPL\Debu #
#                    g\Obj\usb_pwr.o" "D:\Projects\MARG                       #
#                    Device\STM32_MPU9150eMPL\Debug\Obj\usb_regs.o"           #
#                    "D:\Projects\MARG Device\STM32_MPU9150eMPL\Debug\Obj\usb #
#                    _sil.o" "D:\Projects\MARG Device\STM32_MPU9150eMPL\Debug #
#                    \Obj\utils.o" -o "D:\Projects\MARG                       #
#                    Device\STM32_MPU9150eMPL\Debug\Exe\STM32_MPU9150eMPL.out #
#                    " --redirect _Printf=_PrintfFull --redirect              #
#                    _Scanf=_ScanfFull --map "D:\Projects\MARG                #
#                    Device\STM32_MPU9150eMPL\Debug\List\STM32_MPU9150eMPL.ma #
#                    p" --config "D:\Projects\MARG                            #
#                    Device\STM32_MPU9150eMPL\STM32_MPU9150eMPL.icf"          #
#                    --semihosting --entry __iar_program_start --redirect     #
#                    __iar_sh_stdout=__iar_sh_stdout_swo --vfe                #
#                                                                             #
#                                                                             #
###############################################################################

*******************************************************************************
*** RUNTIME MODEL ATTRIBUTES
***

CppFlavor       = *
__SystemLibrary = DLib


*******************************************************************************
*** PLACEMENT SUMMARY
***

"A1":  place at 0x08000000 { ro section .intvec };
"P1":  place in [from 0x08000000 to 0x0801ffff] { ro };
"P2":  place in [from 0x20000000 to 0x20004fff] { rw, block CSTACK, block HEAP };

  Section            Kind        Address    Size  Object
  -------            ----        -------    ----  ------
"A1":                                       0xec
  .intvec            ro code  0x08000000    0xec  startup_stm32f10x_md.o [1]
                            - 0x080000ec    0xec

"P1":                                     0x8db8
  .text              ro code  0x080000ec  0x2524  inv_mpu.o [1]
  .text              ro code  0x08002610   0x17c  stm32_CPAL_mpu9150.o [1]
  .text              ro code  0x0800278c    0x5c  utils.o [1]
  .text              ro code  0x080027e8    0x16  main.o [1]
  .text              ro code  0x080027fe    0x2e  copy_init3.o [5]
  .text              ro code  0x0800282c    0x88  mpu9150_interrupts.o [1]
  .text              ro code  0x080028b4    0xd8  FltMul.o [4]
  .text              ro code  0x0800298c     0x8  labs.o [3]
  .text              ro code  0x08002994    0x32  I32ToFlt.o [4]
  .text              ro code  0x080029c6    0x22  zero_init3.o [5]
  .text              ro code  0x080029e8    0xfc  FltDiv.o [4]
  .text              ro code  0x08002ae4    0x1c  FltCmpEq.o [4]
  .text              ro code  0x08002b00    0x84  FltAdd.o [4]
  .text              ro code  0x08002b84    0x24  FltCmpLe.o [4]
  .text              ro code  0x08002ba8   0x132  I64DivMod.o [5]
  .rodata            const    0x08002cda     0x2  cpal_i2c_hal_stm32f10x.o [1]
  .text              ro code  0x08002cdc     0x6  ABImemclr4.o [5]
  .rodata            const    0x08002ce2     0x2  cpal_i2c_hal_stm32f10x.o [1]
  .text              ro code  0x08002ce4    0x62  memcmp.o [5]
  .rodata            const    0x08002d46     0x2  cpal_i2c_hal_stm32f10x.o [1]
  .text              ro code  0x08002d48  0x116c  cpal_i2c.o [1]
  .text              ro code  0x08003eb4    0x66  ABImemset.o [5]
  .rodata            const    0x08003f1a     0x2  cpal_i2c_hal_stm32f10x.o [1]
  .text              ro code  0x08003f1c   0x184  stm32f10x_rcc.o [1]
  .text              ro code  0x080040a0   0x1b4  stm32f10x_gpio.o [1]
  .text              ro code  0x08004254    0xcc  stm32f10x_exti.o [1]
  .text              ro code  0x08004320    0x88  misc.o [1]
  .text              ro code  0x080043a8    0xd6  FltSub.o [4]
  .rodata            const    0x0800447e     0x2  cpal_i2c_hal_stm32f10x.o [1]
  .text              ro code  0x08004480     0x2  I64DivZer.o [5]
  .rodata            const    0x08004482     0x2  cpal_i2c_hal_stm32f10x.o [1]
  .text              ro code  0x08004484    0x32  ABImemset48.o [5]
  .rodata            const    0x080044b6     0x2  cpal_i2c_hal_stm32f10x.o [1]
  .text              ro code  0x080044b8   0x4e8  cpal_i2c_hal_stm32f10x.o [1]
  .text              ro code  0x080049a0   0x100  stm32f10x_i2c.o [1]
  .text              ro code  0x08004aa0    0x50  cpal_usercallback_template.o [1]
  .text              ro code  0x08004af0   0x184  stm32f10x_dma.o [1]
  .text              ro code  0x08004c74     0xc  cpal_hal.o [1]
  .text              ro code  0x08004c80   0xe88  inv_mpu_dmp_motion_driver.o [1]
  .text              ro code  0x08005b08    0x16  inv_mpu_dmp_motion_driver.o [1]
  .rodata            const    0x08005b1e     0x2  cpal_i2c_hal_stm32f10x.o [1]
  .text              ro code  0x08005b20    0x44  FltToS32.o [4]
  .text              ro code  0x08005b64    0x76  ABImemcpy.o [5]
  .rodata            const    0x08005bda     0x2  cpal_i2c_hal_stm32f10x.o [1]
  .text              ro code  0x08005bdc   0xcae  usb_core.o [1]
  .rodata            const    0x0800688a     0x2  cpal_i2c_hal_stm32f10x.o [1]
  .text              ro code  0x0800688c   0x2ce  usb_regs.o [1]
  .text              ro code  0x08006b5a    0x6e  usb_mem.o [1]
  .rodata            const    0x08006bc8   0xbf8  inv_mpu_dmp_motion_driver.o [1]
  .text              ro code  0x080077c0   0x8ee  main.o [1]
  .rodata            const    0x080080ae     0x2  cpal_i2c_hal_stm32f10x.o [1]
  .text              ro code  0x080080b0   0x174  hw_config.o [1]
  .text              ro code  0x08008224    0x40  usb_init.o [1]
  .text              ro code  0x08008264   0x268  usb_prop.o [1]
  .text              ro code  0x080084cc    0x48  usb_pwr.o [1]
  .text              ro code  0x08008514    0x54  usb_sil.o [1]
  .text              ro code  0x08008568   0x250  usb_int.o [1]
  .text              ro code  0x080087b8   0x158  system_stm32f10x.o [1]
  .text              ro code  0x08008910    0x70  usb_istr.o [1]
  .rodata            const    0x08008980    0x44  usb_desc.o [1]
  .rodata            const    0x080089c4    0x38  usb_desc.o [1]
  .rodata            const    0x080089fc    0x2c  inv_mpu.o [1]
  .text              ro code  0x08008a28    0x2c  data_init3.o [5]
  .rodata            const    0x08008a54    0x28  inv_mpu.o [1]
  .iar.init_table    const    0x08008a7c    0x24  - Linker created -
  .text              ro code  0x08008aa0    0x20  usb_endp.o [1]
  .text              ro code  0x08008ac0    0x1a  stm32_it.o [1]
  .rodata            const    0x08008ada     0x2  cpal_i2c_hal_stm32f10x.o [1]
  .rodata            const    0x08008adc    0x18  main.o [1]
  .text              ro code  0x08008af4    0x16  cmain.o [5]
  .text              ro code  0x08008b0a     0x4  low_level_init.o [3]
  .text              ro code  0x08008b0e     0x4  exit.o [3]
  .rodata            const    0x08008b12     0x2  inv_mpu_dmp_motion_driver.o [1]
  .text              ro code  0x08008b14     0xa  cexit.o [5]
  .text              ro code  0x08008b20    0x14  exit.o [6]
  .rodata            const    0x08008b34    0x14  usb_desc.o [1]
  .rodata            const    0x08008b48    0x10  inv_mpu.o [1]
  .rodata            const    0x08008b58    0x10  usb_desc.o [1]
  .text              ro code  0x08008b68    0x10  startup_stm32f10x_md.o [1]
  .rodata            const    0x08008b78     0xc  inv_mpu_dmp_motion_driver.o [1]
  .rodata            const    0x08008b84     0xc  inv_mpu_dmp_motion_driver.o [1]
  .rodata            const    0x08008b90     0xc  inv_mpu_dmp_motion_driver.o [1]
  .rodata            const    0x08008b9c     0xc  inv_mpu_dmp_motion_driver.o [1]
  .rodata            const    0x08008ba8     0xc  inv_mpu_dmp_motion_driver.o [1]
  .text              ro code  0x08008bb4     0xc  cstartup_M.o [5]
  .rodata            const    0x08008bc0     0x8  cpal_i2c_hal_stm32f10x.o [1]
  .rodata            const    0x08008bc8     0x8  cpal_i2c_hal_stm32f10x.o [1]
  .rodata            const    0x08008bd0     0x8  cpal_i2c_hal_stm32f10x.o [1]
  .rodata            const    0x08008bd8     0x8  cpal_i2c_hal_stm32f10x.o [1]
  .rodata            const    0x08008be0     0x8  cpal_i2c_hal_stm32f10x.o [1]
  .rodata            const    0x08008be8     0x8  cpal_i2c_hal_stm32f10x.o [1]
  .rodata            const    0x08008bf0     0x8  cpal_i2c_hal_stm32f10x.o [1]
  .rodata            const    0x08008bf8     0x8  cpal_i2c_hal_stm32f10x.o [1]
  .rodata            const    0x08008c00     0x8  cpal_i2c_hal_stm32f10x.o [1]
  .rodata            const    0x08008c08     0x8  cpal_i2c_hal_stm32f10x.o [1]
  .rodata            const    0x08008c10     0x8  cpal_i2c_hal_stm32f10x.o [1]
  .rodata            const    0x08008c18     0x4  cpal_i2c_hal_stm32f10x.o [1]
  .rodata            const    0x08008c1c     0x4  cpal_i2c_hal_stm32f10x.o [1]
  .rodata            const    0x08008c20     0x4  inv_mpu_dmp_motion_driver.o [1]
  .rodata            const    0x08008c24     0x4  inv_mpu_dmp_motion_driver.o [1]
  .rodata            const    0x08008c28     0x4  inv_mpu_dmp_motion_driver.o [1]
  .rodata            const    0x08008c2c     0x4  inv_mpu_dmp_motion_driver.o [1]
  .rodata            const    0x08008c30     0x4  main.o [1]
  .rodata            const    0x08008c34     0x4  usb_desc.o [1]
  .text              ro code  0x08008c38     0x4  startup_stm32f10x_md.o [1]
  .text              ro code  0x08008c3c     0x4  startup_stm32f10x_md.o [1]
  .text              ro code  0x08008c40     0x4  startup_stm32f10x_md.o [1]
  .text              ro code  0x08008c44     0x4  startup_stm32f10x_md.o [1]
  .text              ro code  0x08008c48     0x4  startup_stm32f10x_md.o [1]
  .text              ro code  0x08008c4c     0x4  startup_stm32f10x_md.o [1]
  .text              ro code  0x08008c50     0x4  startup_stm32f10x_md.o [1]
  .text              ro code  0x08008c54     0x4  startup_stm32f10x_md.o [1]
  .text              ro code  0x08008c58     0x4  startup_stm32f10x_md.o [1]
  .text              ro code  0x08008c5c     0x4  startup_stm32f10x_md.o [1]
  .text              ro code  0x08008c60     0x4  startup_stm32f10x_md.o [1]
  .text              ro code  0x08008c64     0x4  startup_stm32f10x_md.o [1]
  .text              ro code  0x08008c68     0x4  startup_stm32f10x_md.o [1]
  .text              ro code  0x08008c6c     0x4  startup_stm32f10x_md.o [1]
  .text              ro code  0x08008c70     0x4  startup_stm32f10x_md.o [1]
  .text              ro code  0x08008c74     0x4  startup_stm32f10x_md.o [1]
  .text              ro code  0x08008c78     0x4  startup_stm32f10x_md.o [1]
  .text              ro code  0x08008c7c     0x4  startup_stm32f10x_md.o [1]
  .text              ro code  0x08008c80     0x4  startup_stm32f10x_md.o [1]
  .text              ro code  0x08008c84     0x4  startup_stm32f10x_md.o [1]
  .text              ro code  0x08008c88     0x4  startup_stm32f10x_md.o [1]
  .text              ro code  0x08008c8c     0x4  startup_stm32f10x_md.o [1]
  .text              ro code  0x08008c90     0x4  startup_stm32f10x_md.o [1]
  .text              ro code  0x08008c94     0x4  startup_stm32f10x_md.o [1]
  .text              ro code  0x08008c98     0x4  startup_stm32f10x_md.o [1]
  .text              ro code  0x08008c9c     0x4  startup_stm32f10x_md.o [1]
  .text              ro code  0x08008ca0     0x4  startup_stm32f10x_md.o [1]
  .text              ro code  0x08008ca4     0x4  startup_stm32f10x_md.o [1]
  .text              ro code  0x08008ca8     0x4  startup_stm32f10x_md.o [1]
  .text              ro code  0x08008cac     0x4  startup_stm32f10x_md.o [1]
  .text              ro code  0x08008cb0     0x4  startup_stm32f10x_md.o [1]
  .text              ro code  0x08008cb4     0x4  startup_stm32f10x_md.o [1]
  .text              ro code  0x08008cb8     0x4  startup_stm32f10x_md.o [1]
  .text              ro code  0x08008cbc     0x4  startup_stm32f10x_md.o [1]
  .text              ro code  0x08008cc0     0x4  startup_stm32f10x_md.o [1]
  .text              ro code  0x08008cc4     0x4  startup_stm32f10x_md.o [1]
  .text              ro code  0x08008cc8     0x4  startup_stm32f10x_md.o [1]
  .text              ro code  0x08008ccc     0x4  startup_stm32f10x_md.o [1]
  .text              ro code  0x08008cd0     0x4  startup_stm32f10x_md.o [1]
  .text              ro code  0x08008cd4     0x4  startup_stm32f10x_md.o [1]
  .text              ro code  0x08008cd8     0x4  startup_stm32f10x_md.o [1]
  .text              ro code  0x08008cdc     0x4  startup_stm32f10x_md.o [1]
  .text              ro code  0x08008ce0     0x4  startup_stm32f10x_md.o [1]
  .text              ro code  0x08008ce4     0x4  startup_stm32f10x_md.o [1]
  .text              ro code  0x08008ce8     0x4  startup_stm32f10x_md.o [1]
  .text              ro code  0x08008cec     0x4  startup_stm32f10x_md.o [1]
  .text              ro code  0x08008cf0     0x4  startup_stm32f10x_md.o [1]
  .text              ro code  0x08008cf4     0x4  startup_stm32f10x_md.o [1]
  .text              ro code  0x08008cf8     0x4  startup_stm32f10x_md.o [1]
  .text              ro code  0x08008cfc     0x4  startup_stm32f10x_md.o [1]
  .text              ro code  0x08008d00     0x4  startup_stm32f10x_md.o [1]
  .text              ro code  0x08008d04     0x4  startup_stm32f10x_md.o [1]
  .rodata            const    0x08008d08     0x0  bwt_init3c.o [5]
  Initializer bytes  ro data  0x08008d08   0x19c  <for P2 s0>
                            - 0x08008ea4  0x8db8

"P2", part 1 of 3:                         0x19c
  P2 s0                       0x20000000   0x19c  <Init block>
    .data            inited   0x20000000    0x38  inv_mpu.o [1]
    .data            inited   0x20000038    0x30  usb_prop.o [1]
    .data            inited   0x20000068    0x24  usb_prop.o [1]
    .data            inited   0x2000008c    0x20  cpal_i2c_hal_stm32f10x.o [1]
    .data            inited   0x200000ac    0x20  usb_prop.o [1]
    .data            inited   0x200000cc    0x1c  usb_desc.o [1]
    .data            inited   0x200000e8    0x1c  usb_istr.o [1]
    .data            inited   0x20000104    0x1c  usb_istr.o [1]
    .data            inited   0x20000120    0x10  stm32f10x_rcc.o [1]
    .data            inited   0x20000130     0xc  main.o [1]
    .data            inited   0x2000013c     0x8  cpal_i2c_hal_stm32f10x.o [1]
    .data            inited   0x20000144     0x8  cpal_i2c_hal_stm32f10x.o [1]
    .data            inited   0x2000014c     0x8  cpal_i2c_hal_stm32f10x.o [1]
    .data            inited   0x20000154     0x8  cpal_i2c_hal_stm32f10x.o [1]
    .data            inited   0x2000015c     0x8  cpal_i2c_hal_stm32f10x.o [1]
    .data            inited   0x20000164     0x8  cpal_i2c_hal_stm32f10x.o [1]
    .data            inited   0x2000016c     0x8  cpal_i2c_hal_stm32f10x.o [1]
    .data            inited   0x20000174     0x8  usb_prop.o [1]
    .data            inited   0x2000017c     0x8  usb_prop.o [1]
    .data            inited   0x20000184     0x8  usb_prop.o [1]
    .data            inited   0x2000018c     0x4  stm32_CPAL_mpu9150.o [1]
    .data            inited   0x20000190     0x4  stm32f10x_rcc.o [1]
    .data            inited   0x20000194     0x4  system_stm32f10x.o [1]
    .data            inited   0x20000198     0x4  usb_prop.o [1]
                            - 0x2000019c   0x19c

"P2", part 2 of 3:                         0x104
  .bss               zero     0x2000019c    0x40  usb_endp.o [1]
  .bss               zero     0x200001dc    0x2c  cpal_i2c_hal_stm32f10x.o [1]
  .bss               zero     0x20000208    0x1c  usb_init.o [1]
  .bss               zero     0x20000224    0x10  cpal_i2c.o [1]
  .bss               zero     0x20000234    0x10  inv_mpu_dmp_motion_driver.o [1]
  .bss               zero     0x20000244    0x10  main.o [1]
  .bss               zero     0x20000254    0x10  stm32_CPAL_mpu9150.o [1]
  .bss               zero     0x20000264    0x10  stm32_CPAL_mpu9150.o [1]
  .bss               zero     0x20000274     0x4  usb_core.o [1]
  .bss               zero     0x20000278     0x4  usb_endp.o [1]
  .bss               zero     0x2000027c     0x4  usb_init.o [1]
  .bss               zero     0x20000280     0x4  usb_init.o [1]
  .bss               zero     0x20000284     0x4  usb_init.o [1]
  .bss               zero     0x20000288     0x4  usb_pwr.o [1]
  .bss               zero     0x2000028c     0x2  usb_init.o [1]
  .bss               zero     0x2000028e     0x2  usb_int.o [1]
  .bss               zero     0x20000290     0x2  usb_int.o [1]
  .bss               zero     0x20000292     0x2  usb_istr.o [1]
  .bss               zero     0x20000294     0x1  main.o [1]
  .bss               zero     0x20000295     0x1  usb_core.o [1]
  .bss               zero     0x20000296     0x1  usb_init.o [1]
  .bss               zero     0x20000297     0x1  usb_istr.o [1]
  .bss               zero     0x20000298     0x1  usb_prop.o [1]
                            - 0x20000299    0xfd

"P2", part 3 of 3:                         0x800
  CSTACK                      0x200002a0   0x800  <Block>
    CSTACK           uninit   0x200002a0   0x800  <Block tail>
                            - 0x20000aa0   0x800


*******************************************************************************
*** INIT TABLE
***

          Address     Size
          -------     ----
Zero (__iar_zero_init3)
    1 destination range, total size 0xfd:
          0x2000019c   0xfd

Copy (__iar_copy_init3)
    1 source range, total size 0x19c:
          0x08008d08  0x19c
    1 destination range, total size 0x19c:
          0x20000000  0x19c



*******************************************************************************
*** MODULE SUMMARY
***

    Module                        ro code  ro data  rw data
    ------                        -------  -------  -------
D:\Projects\MARG Device\STM32_MPU9150eMPL\Debug\Obj: [1]
    cpal_hal.o                         12
    cpal_i2c.o                      4 460                16
    cpal_i2c_hal_stm32f10x.o        1 256      208      132
    cpal_usercallback_template.o       80
    hw_config.o                       372
    inv_mpu.o                       9 508      156       56
    inv_mpu_dmp_motion_driver.o     3 742    3 142       16
    main.o                          2 308       40       29
    misc.o                            136
    mpu9150_interrupts.o              136
    startup_stm32f10x_md.o            460
    stm32_CPAL_mpu9150.o              380        4       36
    stm32_it.o                         26
    stm32f10x_dma.o                   388
    stm32f10x_exti.o                  204
    stm32f10x_gpio.o                  436
    stm32f10x_i2c.o                   256
    stm32f10x_rcc.o                   388       20       20
    system_stm32f10x.o                344        4        4
    usb_core.o                      3 246                 5
    usb_desc.o                                 192       28
    usb_endp.o                         32                68
    usb_init.o                         64                43
    usb_int.o                         592                 4
    usb_istr.o                        112       56       59
    usb_mem.o                         110
    usb_prop.o                        616      144      145
    usb_pwr.o                          72                 4
    usb_regs.o                        718
    usb_sil.o                          84
    utils.o                            92
    -------------------------------------------------------
    Total:                         30 630    3 966      665

command line: [2]
    -------------------------------------------------------
    Total:

dl7M_tlf.a: [3]
    exit.o                              4
    labs.o                              8
    low_level_init.o                    4
    -------------------------------------------------------
    Total:                             16

m7M_tl.a: [4]
    FltAdd.o                          132
    FltCmpEq.o                         28
    FltCmpLe.o                         36
    FltDiv.o                          252
    FltMul.o                          216
    FltSub.o                          214
    FltToS32.o                         68
    I32ToFlt.o                         50
    -------------------------------------------------------
    Total:                            996

rt7M_tl.a: [5]
    ABImemclr4.o                        6
    ABImemcpy.o                       118
    ABImemset.o                       102
    ABImemset48.o                      50
    I64DivMod.o                       306
    I64DivZer.o                         2
    bwt_init3c.o
    cexit.o                            10
    cmain.o                            22
    copy_init3.o                       46
    cstartup_M.o                       12
    data_init3.o                       44
    memcmp.o                           98
    zero_init3.o                       34
    -------------------------------------------------------
    Total:                            850

shb_l.a: [6]
    exit.o                             20
    -------------------------------------------------------
    Total:                             20

    Gaps                                2
    Linker created                              36    2 048
-----------------------------------------------------------
    Grand Total:                   32 514    4 002    2 713


*******************************************************************************
*** ENTRY LIST
***

Entry                      Address   Size  Type      Object
-----                      -------   ----  ----      ------
?main                   0x08008af5         Code  Gb  cmain.o [5]
ADC1_2_IRQHandler       0x08008ca5         Code  Wk  startup_stm32f10x_md.o [1]
ADCPrescTable           0x20000190    0x4  Data  Lc  stm32f10x_rcc.o [1]
APBAHBPrescTable        0x20000120   0x10  Data  Lc  stm32f10x_rcc.o [1]
BusFault_Handler        0x08008ac7    0x2  Code  Gb  stm32_it.o [1]
ByteSwap                0x08006b45   0x16  Code  Gb  usb_regs.o [1]
CAN1_RX1_IRQHandler     0x08008cb1         Code  Wk  startup_stm32f10x_md.o [1]
CAN1_SCE_IRQHandler     0x08008cb5         Code  Wk  startup_stm32f10x_md.o [1]
CPAL_DMA_InitStructure  0x200001dc   0x2c  Data  Gb  cpal_i2c_hal_stm32f10x.o [1]
CPAL_HAL_NVICInit       0x08004c75    0xc  Code  Gb  cpal_hal.o [1]
CPAL_I2C_CLK            0x08008bc0    0x8  Data  Gb  cpal_i2c_hal_stm32f10x.o [1]
CPAL_I2C_DEVICE         0x20000144    0x8  Data  Gb  cpal_i2c_hal_stm32f10x.o [1]
CPAL_I2C_DMA            0x2000016c    0x8  Data  Gb  cpal_i2c_hal_stm32f10x.o [1]
CPAL_I2C_DMA_CLK        0x08008be0    0x8  Data  Gb  cpal_i2c_hal_stm32f10x.o [1]
CPAL_I2C_DMA_RX_Channel
                        0x20000164    0x8  Data  Gb  cpal_i2c_hal_stm32f10x.o [1]
CPAL_I2C_DMA_RX_HT_FLAG
                        0x08008c08    0x8  Data  Gb  cpal_i2c_hal_stm32f10x.o [1]
CPAL_I2C_DMA_RX_IRQHandler
                        0x0800380b  0x1a8  Code  Gb  cpal_i2c.o [1]
CPAL_I2C_DMA_RX_IRQn    0x08002ce2    0x2  Data  Gb  cpal_i2c_hal_stm32f10x.o [1]
CPAL_I2C_DMA_RX_TC_FLAG
                        0x08008c00    0x8  Data  Gb  cpal_i2c_hal_stm32f10x.o [1]
CPAL_I2C_DMA_RX_TE_FLAG
                        0x08008c10    0x8  Data  Gb  cpal_i2c_hal_stm32f10x.o [1]
CPAL_I2C_DMA_TX_Channel
                        0x2000015c    0x8  Data  Gb  cpal_i2c_hal_stm32f10x.o [1]
CPAL_I2C_DMA_TX_HT_FLAG
                        0x08008bf0    0x8  Data  Gb  cpal_i2c_hal_stm32f10x.o [1]
CPAL_I2C_DMA_TX_IRQHandler
                        0x0800364f  0x1bc  Code  Gb  cpal_i2c.o [1]
CPAL_I2C_DMA_TX_IRQn    0x08002cda    0x2  Data  Gb  cpal_i2c_hal_stm32f10x.o [1]
CPAL_I2C_DMA_TX_TC_FLAG
                        0x08008be8    0x8  Data  Gb  cpal_i2c_hal_stm32f10x.o [1]
CPAL_I2C_DMA_TX_TE_FLAG
                        0x08008bf8    0x8  Data  Gb  cpal_i2c_hal_stm32f10x.o [1]
CPAL_I2C_DR             0x08008bc8    0x8  Data  Gb  cpal_i2c_hal_stm32f10x.o [1]
CPAL_I2C_DeInit         0x08002f01   0x74  Code  Gb  cpal_i2c.o [1]
CPAL_I2C_ERR_UserCallback
                        0x08004ac3   0x2a  Code  Gb  cpal_usercallback_template.o [1]
CPAL_I2C_ER_IRQHandler  0x08003569   0xe6  Code  Gb  cpal_i2c.o [1]
CPAL_I2C_EV_IRQHandler  0x08003509   0x60  Code  Gb  cpal_i2c.o [1]
CPAL_I2C_HAL_CLKDeInit  0x080044ef   0x36  Code  Gb  cpal_i2c_hal_stm32f10x.o [1]
CPAL_I2C_HAL_CLKInit    0x080044b9   0x36  Code  Gb  cpal_i2c_hal_stm32f10x.o [1]
CPAL_I2C_HAL_DMADeInit  0x080046ff   0x28  Code  Gb  cpal_i2c_hal_stm32f10x.o [1]
CPAL_I2C_HAL_DMAInit    0x080045e1   0x8e  Code  Gb  cpal_i2c_hal_stm32f10x.o [1]
CPAL_I2C_HAL_DMARXConfig
                        0x080046b7   0x48  Code  Gb  cpal_i2c_hal_stm32f10x.o [1]
CPAL_I2C_HAL_DMATXConfig
                        0x0800466f   0x48  Code  Gb  cpal_i2c_hal_stm32f10x.o [1]
CPAL_I2C_HAL_GPIODeInit
                        0x08004591   0x50  Code  Gb  cpal_i2c_hal_stm32f10x.o [1]
CPAL_I2C_HAL_GPIOInit   0x08004525   0x6c  Code  Gb  cpal_i2c_hal_stm32f10x.o [1]
CPAL_I2C_HAL_ITDeInit   0x0800489f   0x6e  Code  Gb  cpal_i2c_hal_stm32f10x.o [1]
CPAL_I2C_HAL_ITInit     0x08004727  0x178  Code  Gb  cpal_i2c_hal_stm32f10x.o [1]
CPAL_I2C_IT_ERR_IRQn    0x08003f1a    0x2  Data  Gb  cpal_i2c_hal_stm32f10x.o [1]
CPAL_I2C_IT_EVT_IRQn    0x08002d46    0x2  Data  Gb  cpal_i2c_hal_stm32f10x.o [1]
CPAL_I2C_Init           0x08002da7  0x15a  Code  Gb  cpal_i2c.o [1]
CPAL_I2C_IsDeviceReady  0x08003341  0x1c8  Code  Gb  cpal_i2c.o [1]
CPAL_I2C_RXTC_UserCallback
                        0x08004ac1    0x2  Code  Gb  cpal_usercallback_template.o [1]
CPAL_I2C_Read           0x080030bf  0x282  Code  Gb  cpal_i2c.o [1]
CPAL_I2C_SCL_GPIO_CLK   0x08008bd0    0x8  Data  Gb  cpal_i2c_hal_stm32f10x.o [1]
CPAL_I2C_SCL_GPIO_PIN   0x08008c18    0x4  Data  Gb  cpal_i2c_hal_stm32f10x.o [1]
CPAL_I2C_SCL_GPIO_PORT  0x2000014c    0x8  Data  Gb  cpal_i2c_hal_stm32f10x.o [1]
CPAL_I2C_SDA_GPIO_CLK   0x08008bd8    0x8  Data  Gb  cpal_i2c_hal_stm32f10x.o [1]
CPAL_I2C_SDA_GPIO_PIN   0x08008c1c    0x4  Data  Gb  cpal_i2c_hal_stm32f10x.o [1]
CPAL_I2C_SDA_GPIO_PORT  0x20000154    0x8  Data  Gb  cpal_i2c_hal_stm32f10x.o [1]
CPAL_I2C_StructInit     0x08002f75   0x6a  Code  Gb  cpal_i2c.o [1]
CPAL_I2C_TXTC_UserCallback
                        0x08004abf    0x2  Code  Gb  cpal_usercallback_template.o [1]
CPAL_I2C_Timeout        0x08003a47   0x1a  Code  Lc  cpal_i2c.o [1]
CPAL_I2C_Write          0x08002fdf   0xe0  Code  Gb  cpal_i2c.o [1]
CPAL_TIMEOUT_UserCallback
                        0x08004aa1   0x1e  Code  Gb  cpal_usercallback_template.o [1]
CSTACK$$Base            0x200002a0          --   Gb  - Linker created -
CSTACK$$Limit           0x20000aa0          --   Gb  - Linker created -
CTR_LP                  0x08008569  0x22e  Code  Gb  usb_int.o [1]
ClearDTOG_RX            0x080069c9   0x32  Code  Gb  usb_regs.o [1]
ClearDTOG_TX            0x080069fb   0x32  Code  Gb  usb_regs.o [1]
Clear_Status_Out        0x080069a3   0x26  Code  Gb  usb_regs.o [1]
Config_Descriptor       0x20000184    0x8  Data  Gb  usb_prop.o [1]
DMA1_Channel1_IRQHandler
                        0x08008c89         Code  Wk  startup_stm32f10x_md.o [1]
DMA1_Channel2_IRQHandler
                        0x08008c8d         Code  Wk  startup_stm32f10x_md.o [1]
DMA1_Channel3_IRQHandler
                        0x08008c91         Code  Wk  startup_stm32f10x_md.o [1]
DMA1_Channel4_IRQHandler
                        0x08004923    0xa  Code  Gb  cpal_i2c_hal_stm32f10x.o [1]
DMA1_Channel5_IRQHandler
                        0x0800492d    0xa  Code  Gb  cpal_i2c_hal_stm32f10x.o [1]
DMA1_Channel6_IRQHandler
                        0x08008c9d         Code  Wk  startup_stm32f10x_md.o [1]
DMA1_Channel7_IRQHandler
                        0x08008ca1         Code  Wk  startup_stm32f10x_md.o [1]
DMA_DeInit              0x08004af1  0x10a  Code  Gb  stm32f10x_dma.o [1]
DMA_Init                0x08004bfb   0x3e  Code  Gb  stm32f10x_dma.o [1]
DataStageIn             0x08006169   0xca  Code  Lc  usb_core.o [1]
DataStageOut            0x080060a9   0xc0  Code  Lc  usb_core.o [1]
Data_Mul_MaxPacketSize  0x20000295    0x1  Data  Gb  usb_core.o [1]
Data_Setup0             0x08006397  0x2d6  Code  Lc  usb_core.o [1]
DebugMon_Handler        0x08008acd    0x2  Code  Gb  stm32_it.o [1]
Delay                   0x0800278d   0x14  Code  Gb  utils.o [1]
Delay_ms                0x080027a1   0x48  Code  Gb  utils.o [1]
Device_Descriptor       0x2000017c    0x8  Data  Gb  usb_prop.o [1]
Device_Info             0x20000208   0x1c  Data  Gb  usb_init.o [1]
Device_Property         0x20000038   0x30  Data  Gb  usb_prop.o [1]
Device_Table            0x20000198    0x4  Data  Gb  usb_prop.o [1]
EP1_IN_Callback         0x08008aa1    0x2  Code  Gb  usb_endp.o [1]
EP3_OUT_Callback        0x08008aa3   0x16  Code  Gb  usb_endp.o [1]
EPindex                 0x20000296    0x1  Data  Gb  usb_init.o [1]
EXTI0_IRQHandler        0x08008c75         Code  Wk  startup_stm32f10x_md.o [1]
EXTI15_10_IRQHandler    0x08008cfd         Code  Wk  startup_stm32f10x_md.o [1]
EXTI1_IRQHandler        0x08008c79         Code  Wk  startup_stm32f10x_md.o [1]
EXTI2_IRQHandler        0x08008c7d         Code  Wk  startup_stm32f10x_md.o [1]
EXTI3_IRQHandler        0x08008c81         Code  Wk  startup_stm32f10x_md.o [1]
EXTI4_IRQHandler        0x08008c85         Code  Wk  startup_stm32f10x_md.o [1]
EXTI9_5_IRQHandler      0x08007e17   0x28  Code  Gb  main.o [1]
EXTI_ClearITPendingBit  0x08004305    0x6  Code  Gb  stm32f10x_exti.o [1]
EXTI_GetITStatus        0x080042dd   0x28  Code  Gb  stm32f10x_exti.o [1]
EXTI_Init               0x08004255   0x88  Code  Gb  stm32f10x_exti.o [1]
FLASH_IRQHandler        0x08008c6d         Code  Wk  startup_stm32f10x_md.o [1]
GPIO_EXTILineConfig     0x080041ff   0x50  Code  Gb  stm32f10x_gpio.o [1]
GPIO_Init               0x080040a1  0x138  Code  Gb  stm32f10x_gpio.o [1]
GPIO_ReadInputDataBit   0x080041d9   0x1a  Code  Gb  stm32f10x_gpio.o [1]
GPIO_ResetBits          0x080041f9    0x6  Code  Gb  stm32f10x_gpio.o [1]
GPIO_SetBits            0x080041f3    0x6  Code  Gb  stm32f10x_gpio.o [1]
GetEPRxAddr             0x08006a8f   0x1a  Code  Gb  usb_regs.o [1]
GetEPRxCount            0x08006b13   0x18  Code  Gb  usb_regs.o [1]
GetEPTxAddr             0x08006a75   0x1a  Code  Gb  usb_regs.o [1]
GetEPTxStatus           0x08006933   0x10  Code  Gb  usb_regs.o [1]
Get_SerialNum           0x0800819b   0x30  Code  Gb  hw_config.o [1]
HardFault_Handler       0x08008ac3    0x2  Code  Gb  stm32_it.o [1]
I2C1_ER_IRQHandler      0x08008cdd         Code  Wk  startup_stm32f10x_md.o [1]
I2C1_EV_IRQHandler      0x08008cd9         Code  Wk  startup_stm32f10x_md.o [1]
I2C2_DevStructure       0x2000008c   0x20  Data  Gb  cpal_i2c_hal_stm32f10x.o [1]
I2C2_ER_IRQHandler      0x08004917    0xc  Code  Gb  cpal_i2c_hal_stm32f10x.o [1]
I2C2_EV_IRQHandler      0x0800490d    0xa  Code  Gb  cpal_i2c_hal_stm32f10x.o [1]
I2C_DevStructures       0x2000013c    0x8  Data  Gb  cpal_i2c_hal_stm32f10x.o [1]
I2C_Enable_DMA_IT       0x08003d87  0x102  Code  Lc  cpal_i2c.o [1]
I2C_IT_DMARX_PREPRIO    0x080080ae    0x2  Data  Gb  cpal_i2c_hal_stm32f10x.o [1]
I2C_IT_DMARX_SUBPRIO    0x08008ada    0x2  Data  Gb  cpal_i2c_hal_stm32f10x.o [1]
I2C_IT_DMATX_PREPRIO    0x08005bda    0x2  Data  Gb  cpal_i2c_hal_stm32f10x.o [1]
I2C_IT_DMATX_SUBPRIO    0x0800688a    0x2  Data  Gb  cpal_i2c_hal_stm32f10x.o [1]
I2C_IT_ERR_PREPRIO      0x080044b6    0x2  Data  Gb  cpal_i2c_hal_stm32f10x.o [1]
I2C_IT_ERR_SUBPRIO      0x08005b1e    0x2  Data  Gb  cpal_i2c_hal_stm32f10x.o [1]
I2C_IT_EVT_PREPRIO      0x0800447e    0x2  Data  Gb  cpal_i2c_hal_stm32f10x.o [1]
I2C_IT_EVT_SUBPRIO      0x08004482    0x2  Data  Gb  cpal_i2c_hal_stm32f10x.o [1]
I2C_Init                0x080049a1   0xf2  Code  Gb  stm32f10x_i2c.o [1]
I2C_InitStructure       0x20000224   0x10  Data  Gb  cpal_i2c.o [1]
I2C_MASTER_ADDR_Handle  0x08003ac9  0x116  Code  Lc  cpal_i2c.o [1]
I2C_MASTER_RXNE_Handle  0x08003bed  0x19a  Code  Lc  cpal_i2c.o [1]
I2C_MASTER_START_Handle
                        0x08003a61   0x50  Code  Lc  cpal_i2c.o [1]
In0_Process             0x08006703   0x68  Code  Gb  usb_core.o [1]
IntToUnicode            0x080081e5   0x40  Code  Lc  hw_config.o [1]
MPU9150_Config          0x08002611    0xc  Code  Gb  stm32_CPAL_mpu9150.o [1]
MPU9150_DeInit          0x0800261d    0xa  Code  Gb  stm32_CPAL_mpu9150.o [1]
MPU9150_GetStatus       0x0800274b   0x2e  Code  Gb  stm32_CPAL_mpu9150.o [1]
MPU9150_Get_INTpin_State
                        0x080028a3    0xe  Code  Gb  mpu9150_interrupts.o [1]
MPU9150_Init            0x08002653    0xa  Code  Lc  stm32_CPAL_mpu9150.o [1]
MPU9150_Interrupt_Cmd   0x0800287f   0x24  Code  Gb  mpu9150_interrupts.o [1]
MPU9150_Interrupt_Init  0x0800282d   0x52  Code  Gb  mpu9150_interrupts.o [1]
MPU9150_RXTransfer      0x20000264   0x10  Data  Gb  stm32_CPAL_mpu9150.o [1]
MPU9150_Status          0x08002733   0x18  Code  Lc  stm32_CPAL_mpu9150.o [1]
MPU9150_StructInit      0x08002627   0x2c  Code  Lc  stm32_CPAL_mpu9150.o [1]
MPU9150_TXTransfer      0x20000254   0x10  Data  Gb  stm32_CPAL_mpu9150.o [1]
MPU9150_Timeout         0x2000018c    0x4  Data  Gb  stm32_CPAL_mpu9150.o [1]
MemManage_Handler       0x08008ac5    0x2  Code  Gb  stm32_it.o [1]
NMI_Handler             0x08008ac1    0x2  Code  Gb  stm32_it.o [1]
NOP_Process             0x08006889    0x2  Code  Gb  usb_core.o [1]
NVIC_Init               0x0800432b   0x68  Code  Gb  misc.o [1]
NVIC_PriorityGroupConfig
                        0x08004321    0xa  Code  Gb  misc.o [1]
NVIC_SetPriority        0x08002d49   0x26  Code  Lc  cpal_i2c.o [1]
NoData_Setup0           0x08006233  0x164  Code  Lc  usb_core.o [1]
Out0_Process            0x0800676b   0x4e  Code  Gb  usb_core.o [1]
PMAToUserBufferCopy     0x08006b9b   0x2e  Code  Gb  usb_mem.o [1]
PVD_IRQHandler          0x08008c61         Code  Wk  startup_stm32f10x_md.o [1]
PendSV_Handler          0x08008acf    0x2  Code  Gb  stm32_it.o [1]
Post0_Process           0x080067c5   0x3c  Code  Gb  usb_core.o [1]
PowerOn                 0x080084cd   0x3a  Code  Gb  usb_pwr.o [1]
RCC_AHBPeriphClockCmd   0x08003fff   0x1e  Code  Gb  stm32f10x_rcc.o [1]
RCC_APB1PeriphClockCmd  0x0800403b   0x1e  Code  Gb  stm32f10x_rcc.o [1]
RCC_APB1PeriphResetCmd  0x08004059   0x1e  Code  Gb  stm32f10x_rcc.o [1]
RCC_APB2PeriphClockCmd  0x0800401d   0x1e  Code  Gb  stm32f10x_rcc.o [1]
RCC_GetClocksFreq       0x08003f23   0xdc  Code  Gb  stm32f10x_rcc.o [1]
RCC_IRQHandler          0x08008c71         Code  Wk  startup_stm32f10x_md.o [1]
RCC_USBCLKConfig        0x08003f1d    0x6  Code  Gb  stm32f10x_rcc.o [1]
RTCAlarm_IRQHandler     0x08008d01         Code  Wk  startup_stm32f10x_md.o [1]
RTC_IRQHandler          0x08008c69         Code  Wk  startup_stm32f10x_md.o [1]
Region$$Table$$Base     0x08008a7c          --   Gb  - Linker created -
Region$$Table$$Limit    0x08008aa0          --   Gb  - Linker created -
Request                 0x20000298    0x1  Data  Gb  usb_prop.o [1]
Reset_Handler           0x08008b69         Code  Wk  startup_stm32f10x_md.o [1]
SPI1_IRQHandler         0x08008ce9         Code  Wk  startup_stm32f10x_md.o [1]
SPI2_IRQHandler         0x08008ced         Code  Wk  startup_stm32f10x_md.o [1]
SVC_Handler             0x08008acb    0x2  Code  Gb  stm32_it.o [1]
SaveRState              0x2000028e    0x2  Data  Gb  usb_int.o [1]
SaveTState              0x20000290    0x2  Data  Gb  usb_int.o [1]
SetBTABLE               0x0800688d    0xe  Code  Gb  usb_regs.o [1]
SetDeviceAddress        0x08006801   0x48  Code  Gb  usb_core.o [1]
SetEPRxAddr             0x08006a51   0x24  Code  Gb  usb_regs.o [1]
SetEPRxCount            0x08006ac3   0x50  Code  Gb  usb_regs.o [1]
SetEPRxStatus           0x080068f7   0x3c  Code  Gb  usb_regs.o [1]
SetEPRxValid            0x08006973   0x30  Code  Gb  usb_regs.o [1]
SetEPTxAddr             0x08006a2d   0x24  Code  Gb  usb_regs.o [1]
SetEPTxCount            0x08006aa9   0x1a  Code  Gb  usb_regs.o [1]
SetEPTxStatus           0x080068bb   0x3c  Code  Gb  usb_regs.o [1]
SetEPTxValid            0x08006943   0x30  Code  Gb  usb_regs.o [1]
SetEPType               0x0800689b   0x20  Code  Gb  usb_regs.o [1]
SetSysClock             0x0800880d    0x8  Code  Lc  system_stm32f10x.o [1]
SetSysClockTo72         0x08008815   0xe0  Code  Lc  system_stm32f10x.o [1]
Set_System              0x080080b1   0x2a  Code  Gb  hw_config.o [1]
Set_USBClock            0x080080db   0x14  Code  Gb  hw_config.o [1]
Setup0_Process          0x0800666d   0x96  Code  Gb  usb_core.o [1]
Standard_ClearFeature   0x08005e21  0x16e  Code  Gb  usb_core.o [1]
Standard_GetConfiguration
                        0x08005bdd   0x2c  Code  Gb  usb_core.o [1]
Standard_GetDescriptorData
                        0x0800607d   0x2c  Code  Gb  usb_core.o [1]
Standard_GetInterface   0x08005c57   0x2c  Code  Gb  usb_core.o [1]
Standard_GetStatus      0x08005d07  0x11a  Code  Gb  usb_core.o [1]
Standard_SetConfiguration
                        0x08005c09   0x4e  Code  Gb  usb_core.o [1]
Standard_SetDeviceFeature
                        0x08006059   0x24  Code  Gb  usb_core.o [1]
Standard_SetEndPointFeature
                        0x08005f8f   0xca  Code  Gb  usb_core.o [1]
Standard_SetInterface   0x08005c83   0x84  Code  Gb  usb_core.o [1]
StatusInfo              0x20000274    0x4  Data  Gb  usb_core.o [1]
Stm32MPU9150compass_test
                        0x08007e3f  0x238  Code  Gb  main.o [1]
String_Descriptor       0x200000ac   0x20  Data  Gb  usb_prop.o [1]
SysTick_Config          0x08002d6f   0x38  Code  Lc  cpal_i2c.o [1]
SysTick_Handler         0x080039b3   0x94  Code  Gb  cpal_i2c.o [1]
SystemCoreClock         0x20000194    0x4  Data  Gb  system_stm32f10x.o [1]
SystemInit              0x080087b9   0x54  Code  Gb  system_stm32f10x.o [1]
TAMPER_IRQHandler       0x08008c65         Code  Wk  startup_stm32f10x_md.o [1]
TIM1_BRK_IRQHandler     0x08008cbd         Code  Wk  startup_stm32f10x_md.o [1]
TIM1_CC_IRQHandler      0x08008cc9         Code  Wk  startup_stm32f10x_md.o [1]
TIM1_TRG_COM_IRQHandler
                        0x08008cc5         Code  Wk  startup_stm32f10x_md.o [1]
TIM1_UP_IRQHandler      0x08008cc1         Code  Wk  startup_stm32f10x_md.o [1]
TIM2_IRQHandler         0x08008ccd         Code  Wk  startup_stm32f10x_md.o [1]
TIM3_IRQHandler         0x08008cd1         Code  Wk  startup_stm32f10x_md.o [1]
TIM4_IRQHandler         0x08008cd5         Code  Wk  startup_stm32f10x_md.o [1]
USART1_IRQHandler       0x08008ad9    0x2  Code  Gb  stm32_it.o [1]
USART2_IRQHandler       0x08008cf5         Code  Wk  startup_stm32f10x_md.o [1]
USART3_IRQHandler       0x08008cf9         Code  Wk  startup_stm32f10x_md.o [1]
USBWakeUp_IRQHandler    0x08008d05         Code  Wk  startup_stm32f10x_md.o [1]
USB_Cable_Config        0x08008119   0x22  Code  Gb  hw_config.o [1]
USB_HP_CAN1_TX_IRQHandler
                        0x08008ca9         Code  Wk  startup_stm32f10x_md.o [1]
USB_Init                0x08008225   0x40  Code  Gb  usb_init.o [1]
USB_Interrupts_Config   0x080080ef   0x2a  Code  Gb  hw_config.o [1]
USB_Istr                0x08008911   0x70  Code  Gb  usb_istr.o [1]
USB_LP_CAN1_RX0_IRQHandler
                        0x08008ad1    0x8  Code  Gb  stm32_it.o [1]
USB_Rx_Buffer           0x2000019c   0x40  Data  Gb  usb_endp.o [1]
USB_SIL_Init            0x08008515   0x1a  Code  Gb  usb_sil.o [1]
USB_SIL_Read            0x0800853d   0x2c  Code  Gb  usb_sil.o [1]
UsageFault_Handler      0x08008ac9    0x2  Code  Gb  stm32_it.o [1]
UserToPMABufferCopy     0x08006b5b   0x40  Code  Gb  usb_mem.o [1]
User_Standard_Requests  0x20000068   0x24  Data  Gb  usb_prop.o [1]
Virtual_Com_Port_ConfigDescriptor
                        0x08008980   0x44  Data  Gb  usb_desc.o [1]
Virtual_Com_Port_Data_Setup
                        0x08008389   0x64  Code  Gb  usb_prop.o [1]
Virtual_Com_Port_DeviceDescriptor
                        0x08008b34   0x14  Data  Gb  usb_desc.o [1]
Virtual_Com_Port_GetConfigDescriptor
                        0x08008425   0x10  Code  Gb  usb_prop.o [1]
Virtual_Com_Port_GetDeviceDescriptor
                        0x08008415   0x10  Code  Gb  usb_prop.o [1]
Virtual_Com_Port_GetLineCoding
                        0x08008475   0x18  Code  Gb  usb_prop.o [1]
Virtual_Com_Port_GetStringDescriptor
                        0x08008435   0x26  Code  Gb  usb_prop.o [1]
Virtual_Com_Port_Get_Interface_Setting
                        0x0800845b   0x1a  Code  Gb  usb_prop.o [1]
Virtual_Com_Port_NoData_Setup
                        0x080083ed   0x28  Code  Gb  usb_prop.o [1]
Virtual_Com_Port_Reset  0x08008283   0xdc  Code  Gb  usb_prop.o [1]
Virtual_Com_Port_SetConfiguration
                        0x0800835f   0x10  Code  Gb  usb_prop.o [1]
Virtual_Com_Port_SetDeviceAddress
                        0x0800836f    0x8  Code  Gb  usb_prop.o [1]
Virtual_Com_Port_SetLineCoding
                        0x0800848d   0x18  Code  Gb  usb_prop.o [1]
Virtual_Com_Port_Status_In
                        0x08008377   0x10  Code  Gb  usb_prop.o [1]
Virtual_Com_Port_Status_Out
                        0x08008387    0x2  Code  Gb  usb_prop.o [1]
Virtual_Com_Port_StringLangID
                        0x08008c34    0x4  Data  Gb  usb_desc.o [1]
Virtual_Com_Port_StringProduct
                        0x080089c4   0x38  Data  Gb  usb_desc.o [1]
Virtual_Com_Port_StringSerial
                        0x200000cc   0x1c  Data  Gb  usb_desc.o [1]
Virtual_Com_Port_StringVendor
                        0x08008b58   0x10  Data  Gb  usb_desc.o [1]
Virtual_Com_Port_init   0x08008265   0x1e  Code  Gb  usb_prop.o [1]
Virtual_Com_Write_Buffer
                        0x0800813b   0x60  Code  Gb  hw_config.o [1]
WWDG_IRQHandler         0x08008c5d         Code  Wk  startup_stm32f10x_md.o [1]
__aeabi_cfcmpeq         0x08002ae5         Code  Gb  FltCmpEq.o [4]
__aeabi_cfcmple         0x08002b85         Code  Gb  FltCmpLe.o [4]
__aeabi_f2iz            0x08005b21         Code  Gb  FltToS32.o [4]
__aeabi_fadd            0x08002b01         Code  Gb  FltAdd.o [4]
__aeabi_fdiv            0x080029e9         Code  Gb  FltDiv.o [4]
__aeabi_fmul            0x080028b5         Code  Gb  FltMul.o [4]
__aeabi_i2f             0x08002995         Code  Gb  I32ToFlt.o [4]
__aeabi_ldiv0           0x08004481         Code  Gb  I64DivZer.o [5]
__aeabi_ldivmod         0x08002ba9         Code  Gb  I64DivMod.o [5]
__aeabi_memclr4         0x08002cdd         Code  Gb  ABImemclr4.o [5]
__aeabi_memcpy          0x08005b65         Code  Gb  ABImemcpy.o [5]
__aeabi_memcpy4         0x08005b85         Code  Gb  ABImemcpy.o [5]
__aeabi_memcpy8         0x08005b85         Code  Gb  ABImemcpy.o [5]
__aeabi_memset          0x08003eb5         Code  Gb  ABImemset.o [5]
__aeabi_ui2f            0x080029a9         Code  Gb  I32ToFlt.o [4]
__aeabi_uldivmod        0x08002bed         Code  Gb  I64DivMod.o [5]
__cmain                 0x08008af5         Code  Gb  cmain.o [5]
__exit                  0x08008b21   0x14  Code  Gb  exit.o [6]
__iar_Memset            0x08003eb5         Code  Gb  ABImemset.o [5]
__iar_Memset4_word      0x08004485         Code  Gb  ABImemset48.o [5]
__iar_Memset8_word      0x08004485         Code  Gb  ABImemset48.o [5]
__iar_Memset_word       0x08003ebd         Code  Gb  ABImemset.o [5]
__iar_SB                0x08008d08         Data  Gb  bwt_init3c.o [5]
__iar_copy_init3        0x080027ff   0x2e  Code  Gb  copy_init3.o [5]
__iar_data_init3        0x08008a29   0x2c  Code  Gb  data_init3.o [5]
__iar_fadd              0x08002b11         Code  Gb  FltAdd.o [4]
__iar_fsub              0x080043a9         Code  Gb  FltSub.o [4]
__iar_fsubStart         0x080043b9         Code  Gb  FltSub.o [4]
__iar_program_start     0x08008bb5         Code  Gb  cstartup_M.o [5]
__iar_ui2f              0x080029ad         Code  Gb  I32ToFlt.o [4]
__iar_zero_init3        0x080029c7   0x22  Code  Gb  zero_init3.o [5]
__low_level_init        0x08008b0b    0x4  Code  Gb  low_level_init.o [3]
__vector_table          0x08000000         Data  Gb  startup_stm32f10x_md.o [1]
_call_main              0x08008b01         Code  Gb  cmain.o [5]
_exit                   0x08008b15         Code  Gb  cexit.o [5]
_main                   0x08008b07         Code  Gb  cmain.o [5]
accel_self_test         0x08001431   0x9c  Code  Lc  inv_mpu.o [1]
android_orient_cb       0x08007a27    0xc  Code  Lc  main.o [1]
bDeviceState            0x20000288    0x4  Data  Gb  usb_pwr.o [1]
bIntPackSOF             0x20000297    0x1  Data  Gb  usb_istr.o [1]
compass_self_test       0x080015cb  0x17c  Code  Lc  inv_mpu.o [1]
count_out               0x20000278    0x4  Data  Gb  usb_endp.o [1]
decode_gesture          0x080057d3   0x66  Code  Lc  inv_mpu_dmp_motion_driver.o [1]
dmp                     0x20000234   0x10  Data  Lc  inv_mpu_dmp_motion_driver.o [1]
dmp_enable_6x_lp_quat   0x08005791   0x42  Code  Gb  inv_mpu_dmp_motion_driver.o [1]
dmp_enable_feature      0x080054d9  0x230  Code  Gb  inv_mpu_dmp_motion_driver.o [1]
dmp_enable_gyro_cal     0x08005709   0x46  Code  Gb  inv_mpu_dmp_motion_driver.o [1]
dmp_enable_lp_quat      0x0800574f   0x42  Code  Gb  inv_mpu_dmp_motion_driver.o [1]
dmp_get_fifo_rate       0x080050e5    0xe  Code  Gb  inv_mpu_dmp_motion_driver.o [1]
dmp_get_pedometer_step_count
                        0x080053e7   0x48  Code  Gb  inv_mpu_dmp_motion_driver.o [1]
dmp_get_pedometer_walk_time
                        0x0800545b   0x4c  Code  Gb  inv_mpu_dmp_motion_driver.o [1]
dmp_load_motion_driver_firmware
                        0x08004c81   0x18  Code  Gb  inv_mpu_dmp_motion_driver.o [1]
dmp_memory              0x08006bc8  0xbf8  Data  Lc  inv_mpu_dmp_motion_driver.o [1]
dmp_read_fifo           0x080058a1  0x224  Code  Gb  inv_mpu_dmp_motion_driver.o [1]
dmp_register_android_orient_cb
                        0x08005acf    0xa  Code  Gb  inv_mpu_dmp_motion_driver.o [1]
dmp_register_tap_cb     0x08005ac5    0xa  Code  Gb  inv_mpu_dmp_motion_driver.o [1]
dmp_set_accel_bias      0x08004f2d  0x146  Code  Gb  inv_mpu_dmp_motion_driver.o [1]
dmp_set_fifo_rate       0x08005073   0x72  Code  Gb  inv_mpu_dmp_motion_driver.o [1]
dmp_set_gyro_bias       0x08004de7  0x146  Code  Gb  inv_mpu_dmp_motion_driver.o [1]
dmp_set_interrupt_mode  0x08005839   0x4e  Code  Gb  inv_mpu_dmp_motion_driver.o [1]
dmp_set_orientation     0x08004c99  0x14e  Code  Gb  inv_mpu_dmp_motion_driver.o [1]
dmp_set_pedometer_step_count
                        0x0800542f   0x2c  Code  Gb  inv_mpu_dmp_motion_driver.o [1]
dmp_set_pedometer_walk_time
                        0x080054a7   0x32  Code  Gb  inv_mpu_dmp_motion_driver.o [1]
dmp_set_shake_reject_thresh
                        0x08005357   0x3c  Code  Gb  inv_mpu_dmp_motion_driver.o [1]
dmp_set_shake_reject_time
                        0x08005393   0x2a  Code  Gb  inv_mpu_dmp_motion_driver.o [1]
dmp_set_shake_reject_timeout
                        0x080053bd   0x2a  Code  Gb  inv_mpu_dmp_motion_driver.o [1]
dmp_set_tap_axes        0x08005289   0x4a  Code  Gb  inv_mpu_dmp_motion_driver.o [1]
dmp_set_tap_count       0x080052d3   0x30  Code  Gb  inv_mpu_dmp_motion_driver.o [1]
dmp_set_tap_thresh      0x080050f3  0x196  Code  Gb  inv_mpu_dmp_motion_driver.o [1]
dmp_set_tap_time        0x08005303   0x2a  Code  Gb  inv_mpu_dmp_motion_driver.o [1]
dmp_set_tap_time_multi  0x0800532d   0x2a  Code  Gb  inv_mpu_dmp_motion_driver.o [1]
exit                    0x08008b0f    0x4  Code  Gb  exit.o [3]
get_accel_prod_shift    0x08001369   0xc8  Code  Lc  inv_mpu.o [1]
get_st_biases           0x0800175d  0x4b4  Code  Lc  inv_mpu.o [1]
gyro_orientation        0x20000130    0xc  Data  Lc  main.o [1]
gyro_self_test          0x080014cd   0xfe  Code  Lc  inv_mpu.o [1]
hal                     0x20000244   0x10  Data  Lc  main.o [1]
handle_input            0x08007ad1  0x346  Code  Lc  main.o [1]
hw                      0x08008b48   0x10  Data  Gb  inv_mpu.o [1]
inv_orientation_matrix_to_scalar
                        0x080079a9   0x2a  Code  Lc  main.o [1]
inv_row_2_scale         0x0800794b   0x5e  Code  Lc  main.o [1]
labs                    0x0800298d    0x8  Code  Gb  labs.o [3]
linecoding              0x20000174    0x8  Data  Gb  usb_prop.o [1]
main                    0x080080a5    0xa  Code  Gb  main.o [1]
memcmp                  0x08002ce5         Code  Gb  memcmp.o [5]
memcpy                  0x08005b09   0x16  Code  Gb  inv_mpu_dmp_motion_driver.o [1]
memset                  0x080027e9   0x16  Code  Gb  main.o [1]
mpu_configure_fifo      0x08000baf   0x84  Code  Gb  inv_mpu.o [1]
mpu_get_accel_fsr       0x080007e1   0x4a  Code  Gb  inv_mpu.o [1]
mpu_get_accel_sens      0x08000b53   0x50  Code  Gb  inv_mpu.o [1]
mpu_get_compass_reg     0x08002319   0xb0  Code  Gb  inv_mpu.o [1]
mpu_get_fifo_config     0x08000ba3    0xc  Code  Gb  inv_mpu.o [1]
mpu_get_gyro_fsr        0x08000701   0x3e  Code  Gb  inv_mpu.o [1]
mpu_get_gyro_sens       0x08000b13   0x40  Code  Gb  inv_mpu.o [1]
mpu_get_lpf             0x080008c7   0x4c  Code  Gb  inv_mpu.o [1]
mpu_get_sample_rate     0x080009ad   0x20  Code  Gb  inv_mpu.o [1]
mpu_init                0x080001a9  0x22e  Code  Gb  inv_mpu.o [1]
mpu_load_firmware       0x08001ea9   0xfc  Code  Gb  inv_mpu.o [1]
mpu_lp_accel_mode       0x080003d7   0xfe  Code  Gb  inv_mpu.o [1]
mpu_lp_motion_interrupt
                        0x080023d1  0x228  Code  Gb  inv_mpu.o [1]
mpu_read_fifo           0x08000dd5  0x28c  Code  Gb  inv_mpu.o [1]
mpu_read_fifo_stream    0x08001061   0xe6  Code  Gb  inv_mpu.o [1]
mpu_read_mem            0x08001e13   0x96  Code  Gb  inv_mpu.o [1]
mpu_reset_fifo          0x080004d5  0x22c  Code  Gb  inv_mpu.o [1]
mpu_run_self_test       0x08001c11  0x16c  Code  Gb  inv_mpu.o [1]
mpu_set_accel_fsr       0x0800082b   0x9c  Code  Gb  inv_mpu.o [1]
mpu_set_bypass          0x08001147  0x196  Code  Gb  inv_mpu.o [1]
mpu_set_compass_sample_rate
                        0x08000aa1   0x72  Code  Gb  inv_mpu.o [1]
mpu_set_dmp_state       0x08001fa5   0xa8  Code  Gb  inv_mpu.o [1]
mpu_set_gyro_fsr        0x0800073f   0xa2  Code  Gb  inv_mpu.o [1]
mpu_set_int_latched     0x080012e1   0x88  Code  Gb  inv_mpu.o [1]
mpu_set_lpf             0x08000913   0x9a  Code  Gb  inv_mpu.o [1]
mpu_set_sample_rate     0x080009cd   0xcc  Code  Gb  inv_mpu.o [1]
mpu_set_sensors         0x08000c39  0x196  Code  Gb  inv_mpu.o [1]
mpu_write_mem           0x08001d7d   0x96  Code  Gb  inv_mpu.o [1]
pEpInt_IN               0x200000e8   0x1c  Data  Gb  usb_istr.o [1]
pEpInt_OUT              0x20000104   0x1c  Data  Gb  usb_istr.o [1]
pInformation            0x2000027c    0x4  Data  Gb  usb_init.o [1]
pProperty               0x20000280    0x4  Data  Gb  usb_init.o [1]
pUser_Standard_Requests
                        0x20000284    0x4  Data  Gb  usb_init.o [1]
reg                     0x080089fc   0x2c  Data  Gb  inv_mpu.o [1]
run_self_test           0x08007a35   0x9c  Code  Lc  main.o [1]
rx_new                  0x20000294    0x1  Data  Gb  main.o [1]
sStartAddress           0x08008b12    0x2  Data  Lc  inv_mpu_dmp_motion_driver.o [1]
send_packet             0x080077c1  0x18a  Code  Gb  main.o [1]
set_int_enable          0x080000ed   0xbc  Code  Lc  inv_mpu.o [1]
setup_compass           0x0800205d  0x2b4  Code  Lc  inv_mpu.o [1]
setup_gyro              0x080079d3   0x3c  Code  Lc  main.o [1]
st                      0x20000000   0x38  Data  Lc  inv_mpu.o [1]
stm32_i2c_read          0x080026c3   0x70  Code  Gb  stm32_CPAL_mpu9150.o [1]
stm32_i2c_write         0x0800265d   0x66  Code  Gb  stm32_CPAL_mpu9150.o [1]
stm32_reset             0x08007a33    0x2  Code  Lc  main.o [1]
tap_cb                  0x08007a0f   0x18  Code  Lc  main.o [1]
test                    0x08008a54   0x28  Data  Gb  inv_mpu.o [1]
wInterrupt_Mask         0x2000028c    0x2  Data  Gb  usb_init.o [1]
wIstr                   0x20000292    0x2  Data  Gb  usb_istr.o [1]


[1] = D:\Projects\MARG Device\STM32_MPU9150eMPL\Debug\Obj
[2] = command line
[3] = dl7M_tlf.a
[4] = m7M_tl.a
[5] = rt7M_tl.a
[6] = shb_l.a

  32 514 bytes of readonly  code memory
   4 002 bytes of readonly  data memory
   2 713 bytes of readwrite data memory

Errors: none
Warnings: none
